Component: ARM Compiler 6.16 Tool: armlink [5dfeaa00]

==============================================================================

Section Cross References

    startup_stm32h723xx.o(RESET) refers to startup_stm32h723xx.o(STACK) for __initial_sp
    startup_stm32h723xx.o(RESET) refers to startup_stm32h723xx.o(.text) for Reset_Handler
    startup_stm32h723xx.o(RESET) refers to stm32h7xx_it.o(.text.NMI_Handler) for NMI_Handler
    startup_stm32h723xx.o(RESET) refers to stm32h7xx_it.o(.text.HardFault_Handler) for HardFault_Handler
    startup_stm32h723xx.o(RESET) refers to stm32h7xx_it.o(.text.MemManage_Handler) for MemManage_Handler
    startup_stm32h723xx.o(RESET) refers to stm32h7xx_it.o(.text.BusFault_Handler) for BusFault_Handler
    startup_stm32h723xx.o(RESET) refers to stm32h7xx_it.o(.text.UsageFault_Handler) for UsageFault_Handler
    startup_stm32h723xx.o(RESET) refers to stm32h7xx_it.o(.text.SVC_Handler) for SVC_Handler
    startup_stm32h723xx.o(RESET) refers to stm32h7xx_it.o(.text.DebugMon_Handler) for DebugMon_Handler
    startup_stm32h723xx.o(RESET) refers to stm32h7xx_it.o(.text.PendSV_Handler) for PendSV_Handler
    startup_stm32h723xx.o(RESET) refers to stm32h7xx_it.o(.text.SysTick_Handler) for SysTick_Handler
    startup_stm32h723xx.o(RESET) refers to stm32h7xx_it.o(.text.TIM8_UP_TIM13_IRQHandler) for TIM8_UP_TIM13_IRQHandler
    startup_stm32h723xx.o(.text) refers to system_stm32h7xx.o(.text.ExitRun0Mode) for ExitRun0Mode
    startup_stm32h723xx.o(.text) refers to system_stm32h7xx.o(.text.SystemInit) for SystemInit
    startup_stm32h723xx.o(.text) refers to entry.o(.ARM.Collect$$$$00000000) for __main
    main.o(.text.main) refers to main.o(.text.MPU_Config) for MPU_Config
    main.o(.text.main) refers to stm32h7xx_hal.o(.text.HAL_Init) for HAL_Init
    main.o(.text.main) refers to main.o(.text.SystemClock_Config) for SystemClock_Config
    main.o(.text.main) refers to gpio.o(.text.MX_GPIO_Init) for MX_GPIO_Init
    main.o(.text.main) refers to tim.o(.text.MX_TIM8_Init) for MX_TIM8_Init
    main.o(.text.main) refers to usart.o(.text.MX_USART1_UART_Init) for MX_USART1_UART_Init
    main.o(.text.main) refers to spi.o(.text.MX_SPI1_Init) for MX_SPI1_Init
    main.o(.text.main) refers to usermain.o(.text.usermain) for usermain
    main.o(.ARM.exidx.text.main) refers to main.o(.text.main) for [Anonymous Symbol]
    main.o(.text.MPU_Config) refers to stm32h7xx_hal_cortex.o(.text.HAL_MPU_Disable) for HAL_MPU_Disable
    main.o(.text.MPU_Config) refers to stm32h7xx_hal_cortex.o(.text.HAL_MPU_ConfigRegion) for HAL_MPU_ConfigRegion
    main.o(.text.MPU_Config) refers to stm32h7xx_hal_cortex.o(.text.HAL_MPU_Enable) for HAL_MPU_Enable
    main.o(.ARM.exidx.text.MPU_Config) refers to main.o(.text.MPU_Config) for [Anonymous Symbol]
    main.o(.text.SystemClock_Config) refers to memseta.o(.text) for __aeabi_memclr4
    main.o(.text.SystemClock_Config) refers to stm32h7xx_hal_pwr_ex.o(.text.HAL_PWREx_ConfigSupply) for HAL_PWREx_ConfigSupply
    main.o(.text.SystemClock_Config) refers to stm32h7xx_hal_rcc.o(.text.HAL_RCC_OscConfig) for HAL_RCC_OscConfig
    main.o(.text.SystemClock_Config) refers to main.o(.text.Error_Handler) for Error_Handler
    main.o(.text.SystemClock_Config) refers to stm32h7xx_hal_rcc.o(.text.HAL_RCC_ClockConfig) for HAL_RCC_ClockConfig
    main.o(.ARM.exidx.text.SystemClock_Config) refers to main.o(.text.SystemClock_Config) for [Anonymous Symbol]
    main.o(.ARM.exidx.text.Error_Handler) refers to main.o(.text.Error_Handler) for [Anonymous Symbol]
    gpio.o(.text.MX_GPIO_Init) refers to stm32h7xx_hal_gpio.o(.text.HAL_GPIO_WritePin) for HAL_GPIO_WritePin
    gpio.o(.text.MX_GPIO_Init) refers to stm32h7xx_hal_gpio.o(.text.HAL_GPIO_Init) for HAL_GPIO_Init
    gpio.o(.ARM.exidx.text.MX_GPIO_Init) refers to gpio.o(.text.MX_GPIO_Init) for [Anonymous Symbol]
    spi.o(.text.MX_SPI1_Init) refers to spi.o(.bss.hspi1) for hspi1
    spi.o(.text.MX_SPI1_Init) refers to stm32h7xx_hal_spi.o(.text.HAL_SPI_Init) for HAL_SPI_Init
    spi.o(.text.MX_SPI1_Init) refers to main.o(.text.Error_Handler) for Error_Handler
    spi.o(.ARM.exidx.text.MX_SPI1_Init) refers to spi.o(.text.MX_SPI1_Init) for [Anonymous Symbol]
    spi.o(.text.HAL_SPI_MspInit) refers to memseta.o(.text) for __aeabi_memclr8
    spi.o(.text.HAL_SPI_MspInit) refers to stm32h7xx_hal_rcc_ex.o(.text.HAL_RCCEx_PeriphCLKConfig) for HAL_RCCEx_PeriphCLKConfig
    spi.o(.text.HAL_SPI_MspInit) refers to main.o(.text.Error_Handler) for Error_Handler
    spi.o(.text.HAL_SPI_MspInit) refers to stm32h7xx_hal_gpio.o(.text.HAL_GPIO_Init) for HAL_GPIO_Init
    spi.o(.ARM.exidx.text.HAL_SPI_MspInit) refers to spi.o(.text.HAL_SPI_MspInit) for [Anonymous Symbol]
    spi.o(.text.HAL_SPI_MspDeInit) refers to stm32h7xx_hal_gpio.o(.text.HAL_GPIO_DeInit) for HAL_GPIO_DeInit
    spi.o(.ARM.exidx.text.HAL_SPI_MspDeInit) refers to spi.o(.text.HAL_SPI_MspDeInit) for [Anonymous Symbol]
[...]
    stm32h7xx_hal_rcc_ex.c                   0x00000000   Number         0  stm32h7xx_hal_rcc_ex.o ABSOLUTE
    stm32h7xx_hal_spi.c                      0x00000000   Number         0  stm32h7xx_hal_spi.o ABSOLUTE
    stm32h7xx_hal_spi_ex.c                   0x00000000   Number         0  stm32h7xx_hal_spi_ex.o ABSOLUTE
    stm32h7xx_hal_tim.c                      0x00000000   Number         0  stm32h7xx_hal_tim.o ABSOLUTE
    stm32h7xx_hal_tim_ex.c                   0x00000000   Number         0  stm32h7xx_hal_tim_ex.o ABSOLUTE
    stm32h7xx_hal_uart.c                     0x00000000   Number         0  stm32h7xx_hal_uart.o ABSOLUTE
    stm32h7xx_hal_uart_ex.c                  0x00000000   Number         0  stm32h7xx_hal_uart_ex.o ABSOLUTE
    stm32h7xx_it.c                           0x00000000   Number         0  stm32h7xx_it.o ABSOLUTE
    svpwm.c                                  0x00000000   Number         0  svpwm.o ABSOLUTE
    system_stm32h7xx.c                       0x00000000   Number         0  system_stm32h7xx.o ABSOLUTE
    tf.c                                     0x00000000   Number         0  tf.o ABSOLUTE
    tim.c                                    0x00000000   Number         0  tim.o ABSOLUTE
    usart.c                                  0x00000000   Number         0  usart.o ABSOLUTE
    usermain.c                               0x00000000   Number         0  usermain.o ABSOLUTE
    RESET                                    0x08000000   Section      716  startup_stm32h723xx.o(RESET)
    .ARM.Collect$$$$00000000                 0x080002cc   Section        0  entry.o(.ARM.Collect$$$$00000000)
    .ARM.Collect$$$$00000001                 0x080002cc   Section        4  entry2.o(.ARM.Collect$$$$00000001)
    .ARM.Collect$$$$00000004                 0x080002d0   Section        4  entry5.o(.ARM.Collect$$$$00000004)
    .ARM.Collect$$$$00000008                 0x080002d4   Section        0  entry7b.o(.ARM.Collect$$$$00000008)
    .ARM.Collect$$$$0000000A                 0x080002d4   Section        0  entry8b.o(.ARM.Collect$$$$0000000A)
    .ARM.Collect$$$$0000000B                 0x080002d4   Section        8  entry9a.o(.ARM.Collect$$$$0000000B)
    __lit__00000000                          0x080002dc   Data           4  entry2.o(.ARM.Collect$$$$00002712)
    .ARM.Collect$$$$0000000D                 0x080002dc   Section        0  entry10a.o(.ARM.Collect$$$$0000000D)
    .ARM.Collect$$$$0000000F                 0x080002dc   Section        0  entry11a.o(.ARM.Collect$$$$0000000F)
    .ARM.Collect$$$$00002712                 0x080002dc   Section        4  entry2.o(.ARM.Collect$$$$00002712)
    $v0                                      0x080002e0   Number         0  startup_stm32h723xx.o(.text)
    .text                                    0x080002e0   Section       44  startup_stm32h723xx.o(.text)
    .text                                    0x0800030c   Section        0  uldiv.o(.text)
    .text                                    0x0800036e   Section        0  memseta.o(.text)
    .text                                    0x08000392   Section        0  uidiv.o(.text)
    .text                                    0x080003be   Section        0  llshl.o(.text)
    .text                                    0x080003dc   Section        0  llushr.o(.text)
    .text                                    0x080003fc   Section        0  iusefp.o(.text)
    .text                                    0x080003fc   Section        0  dadd.o(.text)
    .text                                    0x0800054a   Section        0  dmul.o(.text)
    .text                                    0x0800062e   Section        0  ddiv.o(.text)
    .text                                    0x0800070c   Section        0  dfixul.o(.text)
    .text                                    0x0800073c   Section       48  cdrcmple.o(.text)
    .text                                    0x0800076c   Section       36  init.o(.text)
    .text                                    0x08000790   Section        0  llsshr.o(.text)
    .text                                    0x080007b4   Section        0  depilogue.o(.text)
    [Anonymous Symbol]                       0x08000870   Section        0  ad2s1210.o(.text.AD2S1210_Angle_Get)
    [Anonymous Symbol]                       0x080008a0   Section        0  ad2s1210.o(.text.AD2S1210_ChipSelect)
    AD2S1210_DataLock                        0x080008d1   Thumb Code    52  ad2s1210.o(.text.AD2S1210_DataLock)
    [Anonymous Symbol]                       0x080008d0   Section        0  ad2s1210.o(.text.AD2S1210_DataLock)
    AD2S1210_DataRelease                     0x08000909   Thumb Code    52  ad2s1210.o(.text.AD2S1210_DataRelease)
    [Anonymous Symbol]                       0x08000908   Section        0  ad2s1210.o(.text.AD2S1210_DataRelease)
    [Anonymous Symbol]                       0x08000940   Section        0  ad2s1210.o(.text.AD2S1210_HW_RESET)
    [Anonymous Symbol]                       0x08000998   Section        0  ad2s1210.o(.text.AD2S1210_Init)
    [Anonymous Symbol]                       0x080009d8   Section        0  ad2s1210.o(.text.AD2S1210_ModeSelect)
    [Anonymous Symbol]                       0x08000a88   Section        0  ad2s1210.o(.text.AD2S1210_ReadPosition)
    AD2S1210_UpdataRegister                  0x08000ac1   Thumb Code    52  ad2s1210.o(.text.AD2S1210_UpdataRegister)
    [Anonymous Symbol]                       0x08000ac0   Section        0  ad2s1210.o(.text.AD2S1210_UpdataRegister)
    [Anonymous Symbol]                       0x08000af8   Section        0  ad2s1210.o(.text.AD2S1210_WriteRegister)
    AD2S1210_delay                           0x08000b39   Thumb Code    28  ad2s1210.o(.text.AD2S1210_delay)
    [Anonymous Symbol]                       0x08000b38   Section        0  ad2s1210.o(.text.AD2S1210_delay)
    [Anonymous Symbol]                       0x08000b58   Section        0  ad2s1210.o(.text.AD2S1210_para_Iint)
    [Anonymous Symbol]                       0x08000b78   Section        0  stm32h7xx_it.o(.text.BusFault_Handler)
    [Anonymous Symbol]                       0x08000b80   Section        0  stm32h7xx_it.o(.text.DebugMon_Handler)
    [Anonymous Symbol]                       0x08000b88   Section        0  main.o(.text.Error_Handler)
    [Anonymous Symbol]                       0x08000b98   Section        0  system_stm32h7xx.o(.text.ExitRun0Mode)
    [Anonymous Symbol]                       0x08000bc0   Section        0  stm32h7xx_hal.o(.text.HAL_Delay)
    [Anonymous Symbol]                       0x08000c08   Section        0  stm32h7xx_hal_gpio.o(.text.HAL_GPIO_Init)
    [Anonymous Symbol]                       0x08000fb0   Section        0  stm32h7xx_hal_gpio.o(.text.HAL_GPIO_WritePin)
    [Anonymous Symbol]                       0x08000fe0   Section        0  stm32h7xx_hal.o(.text.HAL_GetTick)
    [Anonymous Symbol]                       0x08000ff0   Section        0  stm32h7xx_hal.o(.text.HAL_IncTick)
    [Anonymous Symbol]                       0x08001010   Section        0  stm32h7xx_hal.o(.text.HAL_Init)
    [Anonymous Symbol]                       0x08001090   Section        0  stm32h7xx_hal.o(.text.HAL_InitTick)
    [Anonymous Symbol]                       0x08001118   Section        0  stm32h7xx_hal_cortex.o(.text.HAL_MPU_ConfigRegion)
    [Anonymous Symbol]                       0x08001198   Section        0  stm32h7xx_hal_cortex.o(.text.HAL_MPU_Disable)
    [Anonymous Symbol]                       0x080011c0   Section        0  stm32h7xx_hal_cortex.o(.text.HAL_MPU_Enable)
    [Anonymous Symbol]                       0x080011f0   Section        0  stm32h7xx_hal_msp.o(.text.HAL_MspInit)
    [Anonymous Symbol]                       0x08001218   Section        0  stm32h7xx_hal_cortex.o(.text.HAL_NVIC_EnableIRQ)
    [Anonymous Symbol]                       0x08001230   Section        0  stm32h7xx_hal_cortex.o(.text.HAL_NVIC_SetPriority)
    [Anonymous Symbol]                       0x08001260   Section        0  stm32h7xx_hal_cortex.o(.text.HAL_NVIC_SetPriorityGrouping)
    [Anonymous Symbol]                       0x08001270   Section        0  stm32h7xx_hal_pwr_ex.o(.text.HAL_PWREx_ConfigSupply)
    [Anonymous Symbol]                       0x08001318   Section        0  stm32h7xx_hal_rcc_ex.o(.text.HAL_RCCEx_GetD3PCLK1Freq)
    [Anonymous Symbol]                       0x08001340   Section        0  stm32h7xx_hal_rcc_ex.o(.text.HAL_RCCEx_GetPLL2ClockFreq)
    [Anonymous Symbol]                       0x080015f0   Section        0  stm32h7xx_hal_rcc_ex.o(.text.HAL_RCCEx_GetPLL3ClockFreq)
    [Anonymous Symbol]                       0x080018a0   Section        0  stm32h7xx_hal_rcc_ex.o(.text.HAL_RCCEx_PeriphCLKConfig)
    [Anonymous Symbol]                       0x08002890   Section        0  stm32h7xx_hal_rcc.o(.text.HAL_RCC_ClockConfig)
    [Anonymous Symbol]                       0x08002d28   Section        0  stm32h7xx_hal_rcc.o(.text.HAL_RCC_GetHCLKFreq)
    [Anonymous Symbol]                       0x08002d80   Section        0  stm32h7xx_hal_rcc.o(.text.HAL_RCC_GetPCLK1Freq)
    [Anonymous Symbol]                       0x08002da8   Section        0  stm32h7xx_hal_rcc.o(.text.HAL_RCC_GetPCLK2Freq)
    [Anonymous Symbol]                       0x08002dd0   Section        0  stm32h7xx_hal_rcc.o(.text.HAL_RCC_GetSysClockFreq)
    [Anonymous Symbol]                       0x080030e0   Section        0  stm32h7xx_hal_rcc.o(.text.HAL_RCC_OscConfig)
    [Anonymous Symbol]                       0x08003b00   Section        0  stm32h7xx_hal_spi.o(.text.HAL_SPI_Init)
    [Anonymous Symbol]                       0x08003d98   Section        0  spi.o(.text.HAL_SPI_MspInit)
    [Anonymous Symbol]                       0x08003e48   Section        0  stm32h7xx_hal_spi.o(.text.HAL_SPI_Receive)
    [Anonymous Symbol]                       0x08004318   Section        0  stm32h7xx_hal_spi.o(.text.HAL_SPI_Transmit)
    [Anonymous Symbol]                       0x08004700   Section        0  stm32h7xx_hal_cortex.o(.text.HAL_SYSTICK_Config)
    [Anonymous Symbol]                       0x08004710   Section        0  stm32h7xx_hal_tim_ex.o(.text.HAL_TIMEx_Break2Callback)
    [Anonymous Symbol]                       0x08004718   Section        0  stm32h7xx_hal_tim_ex.o(.text.HAL_TIMEx_BreakCallback)
    [Anonymous Symbol]                       0x08004720   Section        0  stm32h7xx_hal_tim_ex.o(.text.HAL_TIMEx_CommutCallback)
    [Anonymous Symbol]                       0x08004728   Section        0  stm32h7xx_hal_tim_ex.o(.text.HAL_TIMEx_ConfigBreakDeadTime)
    [Anonymous Symbol]                       0x08004858   Section        0  stm32h7xx_hal_tim_ex.o(.text.HAL_TIMEx_MasterConfigSynchronization)
    [Anonymous Symbol]                       0x080049d8   Section        0  stm32h7xx_hal_tim_ex.o(.text.HAL_TIMEx_PWMN_Start)
    [Anonymous Symbol]                       0x08004ba0   Section        0  stm32h7xx_hal_tim.o(.text.HAL_TIM_Base_Init)
    [Anonymous Symbol]                       0x08004c48   Section        0  tim.o(.text.HAL_TIM_Base_MspInit)
    [Anonymous Symbol]                       0x08004c98   Section        0  stm32h7xx_hal_tim.o(.text.HAL_TIM_Base_Start_IT)
    [Anonymous Symbol]                       0x08004dc0   Section        0  stm32h7xx_hal_tim.o(.text.HAL_TIM_ConfigClockSource)
    [Anonymous Symbol]                       0x08004f90   Section        0  stm32h7xx_hal_tim.o(.text.HAL_TIM_IC_CaptureCallback)
    [Anonymous Symbol]                       0x08004f98   Section        0  stm32h7xx_hal_tim.o(.text.HAL_TIM_IRQHandler)
    [Anonymous Symbol]                       0x080051e8   Section        0  tim.o(.text.HAL_TIM_MspPostInit)
    [Anonymous Symbol]                       0x080052d8   Section        0  stm32h7xx_hal_tim.o(.text.HAL_TIM_OC_DelayElapsedCallback)
    [Anonymous Symbol]                       0x080052e0   Section        0  stm32h7xx_hal_tim.o(.text.HAL_TIM_PWM_ConfigChannel)
    [Anonymous Symbol]                       0x08005490   Section        0  stm32h7xx_hal_tim.o(.text.HAL_TIM_PWM_Init)
    [Anonymous Symbol]                       0x08005538   Section        0  stm32h7xx_hal_tim.o(.text.HAL_TIM_PWM_MspInit)
    [Anonymous Symbol]                       0x08005540   Section        0  stm32h7xx_hal_tim.o(.text.HAL_TIM_PWM_PulseFinishedCallback)
    [Anonymous Symbol]                       0x08005548   Section        0  stm32h7xx_hal_tim.o(.text.HAL_TIM_PWM_Start)
    [Anonymous Symbol]                       0x080057f0   Section        0  usermain.o(.text.HAL_TIM_PeriodElapsedCallback)
    [Anonymous Symbol]                       0x08005900   Section        0  stm32h7xx_hal_tim.o(.text.HAL_TIM_TriggerCallback)
    [Anonymous Symbol]                       0x08005908   Section        0  stm32h7xx_hal_uart_ex.o(.text.HAL_UARTEx_DisableFifoMode)
    [Anonymous Symbol]                       0x08005988   Section        0  stm32h7xx_hal_uart_ex.o(.text.HAL_UARTEx_SetRxFifoThreshold)
    [Anonymous Symbol]                       0x08005a18   Section        0  stm32h7xx_hal_uart_ex.o(.text.HAL_UARTEx_SetTxFifoThreshold)
    [Anonymous Symbol]                       0x08005aa8   Section        0  stm32h7xx_hal_uart.o(.text.HAL_UART_Init)
    [Anonymous Symbol]                       0x08005b58   Section        0  usart.o(.text.HAL_UART_MspInit)
    [Anonymous Symbol]                       0x08005c00   Section        0  stm32h7xx_hal_uart.o(.text.HAL_UART_Transmit)
    [Anonymous Symbol]                       0x08005d38   Section        0  stm32h7xx_it.o(.text.HardFault_Handler)
    MPU_Config                               0x08005d41   Thumb Code    86  main.o(.text.MPU_Config)
    [Anonymous Symbol]                       0x08005d40   Section        0  main.o(.text.MPU_Config)
    [Anonymous Symbol]                       0x08005d98   Section        0  gpio.o(.text.MX_GPIO_Init)
    [Anonymous Symbol]                       0x08005f20   Section        0  spi.o(.text.MX_SPI1_Init)
    [Anonymous Symbol]                       0x08005f90   Section        0  tim.o(.text.MX_TIM8_Init)
    [Anonymous Symbol]                       0x08006118   Section        0  usart.o(.text.MX_USART1_UART_Init)
    [Anonymous Symbol]                       0x080061a8   Section        0  stm32h7xx_it.o(.text.MemManage_Handler)
    [Anonymous Symbol]                       0x080061b0   Section        0  stm32h7xx_it.o(.text.NMI_Handler)
    NVIC_EncodePriority                      0x080061b9   Thumb Code   108  stm32h7xx_hal_cortex.o(.text.NVIC_EncodePriority)
    [Anonymous Symbol]                       0x080061b8   Section        0  stm32h7xx_hal_cortex.o(.text.NVIC_EncodePriority)
    [Anonymous Symbol]                       0x08006228   Section        0  stm32h7xx_it.o(.text.PendSV_Handler)
    RCCEx_PLL2_Config                        0x08006231   Thumb Code   458  stm32h7xx_hal_rcc_ex.o(.text.RCCEx_PLL2_Config)
    [Anonymous Symbol]                       0x08006230   Section        0  stm32h7xx_hal_rcc_ex.o(.text.RCCEx_PLL2_Config)
    RCCEx_PLL3_Config                        0x08006401   Thumb Code   458  stm32h7xx_hal_rcc_ex.o(.text.RCCEx_PLL3_Config)
    [Anonymous Symbol]                       0x08006400   Section        0  stm32h7xx_hal_rcc_ex.o(.text.RCCEx_PLL3_Config)
    SPI_CloseTransfer                        0x080065d1   Thumb Code   278  stm32h7xx_hal_spi.o(.text.SPI_CloseTransfer)
    [Anonymous Symbol]                       0x080065d0   Section        0  stm32h7xx_hal_spi.o(.text.SPI_CloseTransfer)
    SPI_GetPacketSize                        0x080066e9   Thumb Code    42  stm32h7xx_hal_spi.o(.text.SPI_GetPacketSize)
    [Anonymous Symbol]                       0x080066e8   Section        0  stm32h7xx_hal_spi.o(.text.SPI_GetPacketSize)
    SPI_ReadByte                             0x08006719   Thumb Code    40  ad2s1210.o(.text.SPI_ReadByte)
    [Anonymous Symbol]                       0x08006718   Section        0  ad2s1210.o(.text.SPI_ReadByte)
    SPI_WaitOnFlagUntilTimeout               0x08006741   Thumb Code   104  stm32h7xx_hal_spi.o(.text.SPI_WaitOnFlagUntilTimeout)
    [Anonymous Symbol]                       0x08006740   Section        0  stm32h7xx_hal_spi.o(.text.SPI_WaitOnFlagUntilTimeout)
    SPI_WriteByte                            0x080067a9   Thumb Code    34  ad2s1210.o(.text.SPI_WriteByte)
    [Anonymous Symbol]                       0x080067a8   Section        0  ad2s1210.o(.text.SPI_WriteByte)
    [Anonymous Symbol]                       0x080067d0   Section        0  stm32h7xx_it.o(.text.SVC_Handler)
    SysTick_Config                           0x080067d9   Thumb Code    82  stm32h7xx_hal_cortex.o(.text.SysTick_Config)
    [Anonymous Symbol]                       0x080067d8   Section        0  stm32h7xx_hal_cortex.o(.text.SysTick_Config)
    [Anonymous Symbol]                       0x08006830   Section        0  stm32h7xx_it.o(.text.SysTick_Handler)
    [Anonymous Symbol]                       0x08006838   Section        0  main.o(.text.SystemClock_Config)
    [Anonymous Symbol]                       0x08006908   Section        0  system_stm32h7xx.o(.text.SystemInit)
    [Anonymous Symbol]                       0x08006a70   Section        0  stm32h7xx_it.o(.text.TIM8_UP_TIM13_IRQHandler)
    [Anonymous Symbol]                       0x08006a80   Section        0  stm32h7xx_hal_tim.o(.text.TIM_Base_SetConfig)
    [Anonymous Symbol]                       0x08006c48   Section        0  stm32h7xx_hal_tim.o(.text.TIM_CCxChannelCmd)
    TIM_CCxNChannelCmd                       0x08006c81   Thumb Code    54  stm32h7xx_hal_tim_ex.o(.text.TIM_CCxNChannelCmd)
    [Anonymous Symbol]                       0x08006c80   Section        0  stm32h7xx_hal_tim_ex.o(.text.TIM_CCxNChannelCmd)
    [Anonymous Symbol]                       0x08006cb8   Section        0  stm32h7xx_hal_tim.o(.text.TIM_ETR_SetConfig)
    TIM_ITRx_SetConfig                       0x08006cf1   Thumb Code    48  stm32h7xx_hal_tim.o(.text.TIM_ITRx_SetConfig)
    [Anonymous Symbol]                       0x08006cf0   Section        0  stm32h7xx_hal_tim.o(.text.TIM_ITRx_SetConfig)
    TIM_OC1_SetConfig                        0x08006d21   Thumb Code   336  stm32h7xx_hal_tim.o(.text.TIM_OC1_SetConfig)
    [Anonymous Symbol]                       0x08006d20   Section        0  stm32h7xx_hal_tim.o(.text.TIM_OC1_SetConfig)
    [Anonymous Symbol]                       0x08006e70   Section        0  stm32h7xx_hal_tim.o(.text.TIM_OC2_SetConfig)
    TIM_OC3_SetConfig                        0x08006fe1   Thumb Code   362  stm32h7xx_hal_tim.o(.text.TIM_OC3_SetConfig)
    [Anonymous Symbol]                       0x08006fe0   Section        0  stm32h7xx_hal_tim.o(.text.TIM_OC3_SetConfig)
    TIM_OC4_SetConfig                        0x08007151   Thumb Code   218  stm32h7xx_hal_tim.o(.text.TIM_OC4_SetConfig)
    [Anonymous Symbol]                       0x08007150   Section        0  stm32h7xx_hal_tim.o(.text.TIM_OC4_SetConfig)
    TIM_OC5_SetConfig                        0x08007231   Thumb Code   208  stm32h7xx_hal_tim.o(.text.TIM_OC5_SetConfig)
    [Anonymous Symbol]                       0x08007230   Section        0  stm32h7xx_hal_tim.o(.text.TIM_OC5_SetConfig)
    TIM_OC6_SetConfig                        0x08007301   Thumb Code   210  stm32h7xx_hal_tim.o(.text.TIM_OC6_SetConfig)
    [Anonymous Symbol]                       0x08007300   Section        0  stm32h7xx_hal_tim.o(.text.TIM_OC6_SetConfig)
    TIM_TI1_ConfigInputStage                 0x080073d9   Thumb Code    80  stm32h7xx_hal_tim.o(.text.TIM_TI1_ConfigInputStage)
    [Anonymous Symbol]                       0x080073d8   Section        0  stm32h7xx_hal_tim.o(.text.TIM_TI1_ConfigInputStage)
    TIM_TI2_ConfigInputStage                 0x08007429   Thumb Code    82  stm32h7xx_hal_tim.o(.text.TIM_TI2_ConfigInputStage)
    [Anonymous Symbol]                       0x08007428   Section        0  stm32h7xx_hal_tim.o(.text.TIM_TI2_ConfigInputStage)
    UARTEx_SetNbDataToProcess                0x08007481   Thumb Code   134  stm32h7xx_hal_uart_ex.o(.text.UARTEx_SetNbDataToProcess)
    [Anonymous Symbol]                       0x08007480   Section        0  stm32h7xx_hal_uart_ex.o(.text.UARTEx_SetNbDataToProcess)
    [Anonymous Symbol]                       0x08007508   Section        0  stm32h7xx_hal_uart.o(.text.UART_AdvFeatureConfig)
    [Anonymous Symbol]                       0x08007650   Section        0  stm32h7xx_hal_uart.o(.text.UART_CheckIdleState)
    UART_EndRxTransfer                       0x08007799   Thumb Code   158  stm32h7xx_hal_uart.o(.text.UART_EndRxTransfer)
    [Anonymous Symbol]                       0x08007798   Section        0  stm32h7xx_hal_uart.o(.text.UART_EndRxTransfer)
    [Anonymous Symbol]                       0x08007838   Section        0  stm32h7xx_hal_uart.o(.text.UART_SetConfig)
    [Anonymous Symbol]                       0x08008288   Section        0  stm32h7xx_hal_uart.o(.text.UART_WaitOnFlagUntilTimeout)
    [Anonymous Symbol]                       0x08008398   Section        0  stm32h7xx_it.o(.text.UsageFault_Handler)
    __NVIC_EnableIRQ                         0x080083a1   Thumb Code    48  stm32h7xx_hal_cortex.o(.text.__NVIC_EnableIRQ)
    [Anonymous Symbol]                       0x080083a0   Section        0  stm32h7xx_hal_cortex.o(.text.__NVIC_EnableIRQ)
    __NVIC_GetPriorityGrouping               0x080083d1   Thumb Code    16  stm32h7xx_hal_cortex.o(.text.__NVIC_GetPriorityGrouping)
    [Anonymous Symbol]                       0x080083d0   Section        0  stm32h7xx_hal_cortex.o(.text.__NVIC_GetPriorityGrouping)
    __NVIC_SetPriority                       0x080083e1   Thumb Code    66  stm32h7xx_hal_cortex.o(.text.__NVIC_SetPriority)
    [Anonymous Symbol]                       0x080083e0   Section        0  stm32h7xx_hal_cortex.o(.text.__NVIC_SetPriority)
    __NVIC_SetPriorityGrouping               0x08008429   Thumb Code    60  stm32h7xx_hal_cortex.o(.text.__NVIC_SetPriorityGrouping)
    [Anonymous Symbol]                       0x08008428   Section        0  stm32h7xx_hal_cortex.o(.text.__NVIC_SetPriorityGrouping)
    [Anonymous Symbol]                       0x08008468   Section        0  tf.o(.text.dq_2_abc)
    [Anonymous Symbol]                       0x08008548   Section        0  svpwm.o(.text.e_svpwm)
    [Anonymous Symbol]                       0x08008620   Section        0  usermain.o(.text.fputc)
    get_max                                  0x08008649   Thumb Code   126  svpwm.o(.text.get_max)
    [Anonymous Symbol]                       0x08008648   Section        0  svpwm.o(.text.get_max)
    get_middle                               0x080086c9   Thumb Code   104  svpwm.o(.text.get_middle)
    [Anonymous Symbol]                       0x080086c8   Section        0  svpwm.o(.text.get_middle)
    get_min                                  0x08008731   Thumb Code   126  svpwm.o(.text.get_min)
    [Anonymous Symbol]                       0x08008730   Section        0  svpwm.o(.text.get_min)
    init                                     0x080087b1   Thumb Code   120  usermain.o(.text.init)
    [Anonymous Symbol]                       0x080087b0   Section        0  usermain.o(.text.init)
    [Anonymous Symbol]                       0x08008828   Section        0  main.o(.text.main)
    [Anonymous Symbol]                       0x08008858   Section        0  usermain.o(.text.usermain)
    i.__0printf                              0x08008880   Section        0  printfa.o(i.__0printf)
    i.__ARM_fpclassifyf                      0x080088a0   Section        0  fpclassifyf.o(i.__ARM_fpclassifyf)
    i.__hardfp_cosf                          0x080088c8   Section        0  cosf.o(i.__hardfp_cosf)
    i.__hardfp_sinf                          0x08008a18   Section        0  sinf.o(i.__hardfp_sinf)
    i.__mathlib_flt_infnan                   0x08008ba8   Section        0  funder.o(i.__mathlib_flt_infnan)
    i.__mathlib_flt_invalid                  0x08008bb0   Section        0  funder.o(i.__mathlib_flt_invalid)
    i.__mathlib_flt_underflow                0x08008bc0   Section        0  funder.o(i.__mathlib_flt_underflow)
    i.__mathlib_rredf2                       0x08008bd0   Section        0  rredf.o(i.__mathlib_rredf2)
    i.__scatterload_copy                     0x08008d24   Section       14  handlers.o(i.__scatterload_copy)
    i.__scatterload_null                     0x08008d32   Section        2  handlers.o(i.__scatterload_null)
    i.__scatterload_zeroinit                 0x08008d34   Section       14  handlers.o(i.__scatterload_zeroinit)
    i.__set_errno                            0x08008d44   Section        0  errno.o(i.__set_errno)
    _fp_digits                               0x08008d51   Thumb Code   366  printfa.o(i._fp_digits)
    i._fp_digits                             0x08008d50   Section        0  printfa.o(i._fp_digits)
    _printf_core                             0x08008ed5   Thumb Code  1744  printfa.o(i._printf_core)
    i._printf_core                           0x08008ed4   Section        0  printfa.o(i._printf_core)
    _printf_post_padding                     0x080095b1   Thumb Code    36  printfa.o(i._printf_post_padding)
    i._printf_post_padding                   0x080095b0   Section        0  printfa.o(i._printf_post_padding)
    _printf_pre_padding                      0x080095d5   Thumb Code    46  printfa.o(i._printf_pre_padding)
    i._printf_pre_padding                    0x080095d4   Section        0  printfa.o(i._printf_pre_padding)
    twooverpi                                0x08009604   Data          32  rredf.o(.constdata)
    .constdata                               0x08009604   Section       32  rredf.o(.constdata)
    UARTEx_SetNbDataToProcess.denominator    0x08009634   Data           8  stm32h7xx_hal_uart_ex.o(.rodata.UARTEx_SetNbDataToProcess.denominator)
    [Anonymous Symbol]                       0x08009634   Section        0  stm32h7xx_hal_uart_ex.o(.rodata.UARTEx_SetNbDataToProcess.denominator)
    UARTEx_SetNbDataToProcess.numerator      0x0800963c   Data           8  stm32h7xx_hal_uart_ex.o(.rodata.UARTEx_SetNbDataToProcess.numerator)
    [Anonymous Symbol]                       0x0800963c   Section        0  stm32h7xx_hal_uart_ex.o(.rodata.UARTEx_SetNbDataToProcess.numerator)
    .L.str                                   0x0800965c   Data          12  usermain.o(.rodata.str1.1)
    [Anonymous Symbol]                       0x0800965c   Section        0  usermain.o(.rodata.str1.1)
    STACK                                    0x20000000   Section     1024  startup_stm32h723xx.o(STACK)
    .data                                    0x24000000   Section        4  stdout.o(.data)
    _errno                                   0x24000004   Data           4  errno.o(.data)
    .data                                    0x24000004   Section        4  errno.o(.data)

    Global Symbols

    Symbol Name                              Value     Ov Type        Size  Object(Section)

    BuildAttributes$$THM_ISAv4$E$P$D$K$B$S$7EM$VFPv5_D16$PE$PLD8$A:L22UL41UL21$X:L11$S22US41US21$IEEE1$IW$~IW$USESV6$~STKCKD$USESV7$~SHL$OTIME$ROPI$IEEEX$EBA8$MICROLIB$REQ8$PRES8$EABIv2 0x00000000   Number         0  anon$$obj.o ABSOLUTE
    __cpp_initialize__aeabi_                  - Undefined Weak Reference
    __cxa_finalize                            - Undefined Weak Reference
    __decompress                              - Undefined Weak Reference
    _clock_init                               - Undefined Weak Reference
    _microlib_exit                            - Undefined Weak Reference
    __Vectors_Size                           0x000002cc   Number         0  startup_stm32h723xx.o ABSOLUTE
    __Vectors                                0x08000000   Data           4  startup_stm32h723xx.o(RESET)
    __Vectors_End                            0x080002cc   Data           0  startup_stm32h723xx.o(RESET)
    __main                                   0x080002cd   Thumb Code     0  entry.o(.ARM.Collect$$$$00000000)
    _main_stk                                0x080002cd   Thumb Code     0  entry2.o(.ARM.Collect$$$$00000001)
    _main_scatterload                        0x080002d1   Thumb Code     0  entry5.o(.ARM.Collect$$$$00000004)
    __main_after_scatterload                 0x080002d5   Thumb Code     0  entry5.o(.ARM.Collect$$$$00000004)
    _main_clock                              0x080002d5   Thumb Code     0  entry7b.o(.ARM.Collect$$$$00000008)
    _main_cpp_init                           0x080002d5   Thumb Code     0  entry8b.o(.ARM.Collect$$$$0000000A)
    _main_init                               0x080002d5   Thumb Code     0  entry9a.o(.ARM.Collect$$$$0000000B)
    __rt_final_cpp                           0x080002dd   Thumb Code     0  entry10a.o(.ARM.Collect$$$$0000000D)
    __rt_final_exit                          0x080002dd   Thumb Code     0  entry11a.o(.ARM.Collect$$$$0000000F)
    Reset_Handler                            0x080002e1   Thumb Code    12  startup_stm32h723xx.o(.text)
    ADC3_IRQHandler                          0x080002ff   Thumb Code     0  startup_stm32h723xx.o(.text)
    ADC_IRQHandler                           0x080002ff   Thumb Code     0  startup_stm32h723xx.o(.text)
    BDMA_Channel0_IRQHandler                 0x080002ff   Thumb Code     0  startup_stm32h723xx.o(.text)
    BDMA_Channel1_IRQHandler                 0x080002ff   Thumb Code     0  startup_stm32h723xx.o(.text)
    BDMA_Channel2_IRQHandler                 0x080002ff   Thumb Code     0  startup_stm32h723xx.o(.text)
    BDMA_Channel3_IRQHandler                 0x080002ff   Thumb Code     0  startup_stm32h723xx.o(.text)
    BDMA_Channel4_IRQHandler                 0x080002ff   Thumb Code     0  startup_stm32h723xx.o(.text)
    BDMA_Channel5_IRQHandler                 0x080002ff   Thumb Code     0  startup_stm32h723xx.o(.text)
    BDMA_Channel6_IRQHandler                 0x080002ff   Thumb Code     0  startup_stm32h723xx.o(.text)
    BDMA_Channel7_IRQHandler                 0x080002ff   Thumb Code     0  startup_stm32h723xx.o(.text)
    CEC_IRQHandler                           0x080002ff   Thumb Code     0  startup_stm32h723xx.o(.text)
    COMP1_IRQHandler                         0x080002ff   Thumb Code     0  startup_stm32h723xx.o(.text)
    CORDIC_IRQHandler                        0x080002ff   Thumb Code     0  startup_stm32h723xx.o(.text)
    CRS_IRQHandler                           0x080002ff   Thumb Code     0  startup_stm32h723xx.o(.text)
    DCMI_PSSI_IRQHandler                     0x080002ff   Thumb Code     0  startup_stm32h723xx.o(.text)
    DFSDM1_FLT0_IRQHandler                   0x080002ff   Thumb Code     0  startup_stm32h723xx.o(.text)
    DFSDM1_FLT1_IRQHandler                   0x080002ff   Thumb Code     0  startup_stm32h723xx.o(.text)
    DFSDM1_FLT2_IRQHandler                   0x080002ff   Thumb Code     0  startup_stm32h723xx.o(.text)
    DFSDM1_FLT3_IRQHandler                   0x080002ff   Thumb Code     0  startup_stm32h723xx.o(.text)
    DMA1_Stream0_IRQHandler                  0x080002ff   Thumb Code     0  startup_stm32h723xx.o(.text)
    DMA1_Stream1_IRQHandler                  0x080002ff   Thumb Code     0  startup_stm32h723xx.o(.text)
    DMA1_Stream2_IRQHandler                  0x080002ff   Thumb Code     0  startup_stm32h723xx.o(.text)
    DMA1_Stream3_IRQHandler                  0x080002ff   Thumb Code     0  startup_stm32h723xx.o(.text)
    DMA1_Stream4_IRQHandler                  0x080002ff   Thumb Code     0  startup_stm32h723xx.o(.text)
    DMA1_Stream5_IRQHandler                  0x080002ff   Thumb Code     0  startup_stm32h723xx.o(.text)
    DMA1_Stream6_IRQHandler                  0x080002ff   Thumb Code     0  startup_stm32h723xx.o(.text)
    DMA1_Stream7_IRQHandler                  0x080002ff   Thumb Code     0  startup_stm32h723xx.o(.text)
    DMA2D_IRQHandler                         0x080002ff   Thumb Code     0  startup_stm32h723xx.o(.text)
    DMA2_Stream0_IRQHandler                  0x080002ff   Thumb Code     0  startup_stm32h723xx.o(.text)
    DMA2_Stream1_IRQHandler                  0x080002ff   Thumb Code     0  startup_stm32h723xx.o(.text)
    DMA2_Stream2_IRQHandler                  0x080002ff   Thumb Code     0  startup_stm32h723xx.o(.text)
    DMA2_Stream3_IRQHandler                  0x080002ff   Thumb Code     0  startup_stm32h723xx.o(.text)
    DMA2_Stream4_IRQHandler                  0x080002ff   Thumb Code     0  startup_stm32h723xx.o(.text)
    DMA2_Stream5_IRQHandler                  0x080002ff   Thumb Code     0  startup_stm32h723xx.o(.text)
    DMA2_Stream6_IRQHandler                  0x080002ff   Thumb Code     0  startup_stm32h723xx.o(.text)
    DMA2_Stream7_IRQHandler                  0x080002ff   Thumb Code     0  startup_stm32h723xx.o(.text)
    DMAMUX1_OVR_IRQHandler                   0x080002ff   Thumb Code     0  startup_stm32h723xx.o(.text)
    DMAMUX2_OVR_IRQHandler                   0x080002ff   Thumb Code     0  startup_stm32h723xx.o(.text)
    DTS_IRQHandler                           0x080002ff   Thumb Code     0  startup_stm32h723xx.o(.text)
    ECC_IRQHandler                           0x080002ff   Thumb Code     0  startup_stm32h723xx.o(.text)
    ETH_IRQHandler                           0x080002ff   Thumb Code     0  startup_stm32h723xx.o(.text)
    ETH_WKUP_IRQHandler                      0x080002ff   Thumb Code     0  startup_stm32h723xx.o(.text)
    EXTI0_IRQHandler                         0x080002ff   Thumb Code     0  startup_stm32h723xx.o(.text)
    EXTI15_10_IRQHandler                     0x080002ff   Thumb Code     0  startup_stm32h723xx.o(.text)
    EXTI1_IRQHandler                         0x080002ff   Thumb Code     0  startup_stm32h723xx.o(.text)
    EXTI2_IRQHandler                         0x080002ff   Thumb Code     0  startup_stm32h723xx.o(.text)
    EXTI3_IRQHandler                         0x080002ff   Thumb Code     0  startup_stm32h723xx.o(.text)
    EXTI4_IRQHandler                         0x080002ff   Thumb Code     0  startup_stm32h723xx.o(.text)
    EXTI9_5_IRQHandler                       0x080002ff   Thumb Code     0  startup_stm32h723xx.o(.text)
    FDCAN1_IT0_IRQHandler                    0x080002ff   Thumb Code     0  startup_stm32h723xx.o(.text)
    FDCAN1_IT1_IRQHandler                    0x080002ff   Thumb Code     0  startup_stm32h723xx.o(.text)
    FDCAN2_IT0_IRQHandler                    0x080002ff   Thumb Code     0  startup_stm32h723xx.o(.text)
    FDCAN2_IT1_IRQHandler                    0x080002ff   Thumb Code     0  startup_stm32h723xx.o(.text)
    FDCAN3_IT0_IRQHandler                    0x080002ff   Thumb Code     0  startup_stm32h723xx.o(.text)
    FDCAN3_IT1_IRQHandler                    0x080002ff   Thumb Code     0  startup_stm32h723xx.o(.text)
    FDCAN_CAL_IRQHandler                     0x080002ff   Thumb Code     0  startup_stm32h723xx.o(.text)
    FLASH_IRQHandler                         0x080002ff   Thumb Code     0  startup_stm32h723xx.o(.text)
    FMAC_IRQHandler                          0x080002ff   Thumb Code     0  startup_stm32h723xx.o(.text)
    FMC_IRQHandler                           0x080002ff   Thumb Code     0  startup_stm32h723xx.o(.text)
    FPU_IRQHandler                           0x080002ff   Thumb Code     0  startup_stm32h723xx.o(.text)
    HSEM1_IRQHandler                         0x080002ff   Thumb Code     0  startup_stm32h723xx.o(.text)
    I2C1_ER_IRQHandler                       0x080002ff   Thumb Code     0  startup_stm32h723xx.o(.text)
    I2C1_EV_IRQHandler                       0x080002ff   Thumb Code     0  startup_stm32h723xx.o(.text)
    I2C2_ER_IRQHandler                       0x080002ff   Thumb Code     0  startup_stm32h723xx.o(.text)
    I2C2_EV_IRQHandler                       0x080002ff   Thumb Code     0  startup_stm32h723xx.o(.text)
    I2C3_ER_IRQHandler                       0x080002ff   Thumb Code     0  startup_stm32h723xx.o(.text)
    I2C3_EV_IRQHandler                       0x080002ff   Thumb Code     0  startup_stm32h723xx.o(.text)
    I2C4_ER_IRQHandler                       0x080002ff   Thumb Code     0  startup_stm32h723xx.o(.text)
    I2C4_EV_IRQHandler                       0x080002ff   Thumb Code     0  startup_stm32h723xx.o(.text)
    I2C5_ER_IRQHandler                       0x080002ff   Thumb Code     0  startup_stm32h723xx.o(.text)
    I2C5_EV_IRQHandler                       0x080002ff   Thumb Code     0  startup_stm32h723xx.o(.text)
    LPTIM1_IRQHandler                        0x080002ff   Thumb Code     0  startup_stm32h723xx.o(.text)
    LPTIM2_IRQHandler                        0x080002ff   Thumb Code     0  startup_stm32h723xx.o(.text)
    LPTIM3_IRQHandler                        0x080002ff   Thumb Code     0  startup_stm32h723xx.o(.text)
    LPTIM4_IRQHandler                        0x080002ff   Thumb Code     0  startup_stm32h723xx.o(.text)
    LPTIM5_IRQHandler                        0x080002ff   Thumb Code     0  startup_stm32h723xx.o(.text)
    LPUART1_IRQHandler                       0x080002ff   Thumb Code     0  startup_stm32h723xx.o(.text)
    LTDC_ER_IRQHandler                       0x080002ff   Thumb Code     0  startup_stm32h723xx.o(.text)
    LTDC_IRQHandler                          0x080002ff   Thumb Code     0  startup_stm32h723xx.o(.text)
    MDIOS_IRQHandler                         0x080002ff   Thumb Code     0  startup_stm32h723xx.o(.text)
    MDIOS_WKUP_IRQHandler                    0x080002ff   Thumb Code     0  startup_stm32h723xx.o(.text)
    MDMA_IRQHandler                          0x080002ff   Thumb Code     0  startup_stm32h723xx.o(.text)
    OCTOSPI1_IRQHandler                      0x080002ff   Thumb Code     0  startup_stm32h723xx.o(.text)
    OCTOSPI2_IRQHandler                      0x080002ff   Thumb Code     0  startup_stm32h723xx.o(.text)
    OTG_HS_EP1_IN_IRQHandler                 0x080002ff   Thumb Code     0  startup_stm32h723xx.o(.text)
    OTG_HS_EP1_OUT_IRQHandler                0x080002ff   Thumb Code     0  startup_stm32h723xx.o(.text)
    OTG_HS_IRQHandler                        0x080002ff   Thumb Code     0  startup_stm32h723xx.o(.text)
    OTG_HS_WKUP_IRQHandler                   0x080002ff   Thumb Code     0  startup_stm32h723xx.o(.text)
    PVD_AVD_IRQHandler                       0x080002ff   Thumb Code     0  startup_stm32h723xx.o(.text)
    RCC_IRQHandler                           0x080002ff   Thumb Code     0  startup_stm32h723xx.o(.text)
    RNG_IRQHandler                           0x080002ff   Thumb Code     0  startup_stm32h723xx.o(.text)
    RTC_Alarm_IRQHandler                     0x080002ff   Thumb Code     0  startup_stm32h723xx.o(.text)
    RTC_WKUP_IRQHandler                      0x080002ff   Thumb Code     0  startup_stm32h723xx.o(.text)
    SAI1_IRQHandler                          0x080002ff   Thumb Code     0  startup_stm32h723xx.o(.text)
    SAI4_IRQHandler                          0x080002ff   Thumb Code     0  startup_stm32h723xx.o(.text)
    SDMMC1_IRQHandler                        0x080002ff   Thumb Code     0  startup_stm32h723xx.o(.text)
    SDMMC2_IRQHandler                        0x080002ff   Thumb Code     0  startup_stm32h723xx.o(.text)
    SPDIF_RX_IRQHandler                      0x080002ff   Thumb Code     0  startup_stm32h723xx.o(.text)
    SPI1_IRQHandler                          0x080002ff   Thumb Code     0  startup_stm32h723xx.o(.text)
    SPI2_IRQHandler                          0x080002ff   Thumb Code     0  startup_stm32h723xx.o(.text)
    SPI3_IRQHandler                          0x080002ff   Thumb Code     0  startup_stm32h723xx.o(.text)
    SPI4_IRQHandler                          0x080002ff   Thumb Code     0  startup_stm32h723xx.o(.text)
    SPI5_IRQHandler                          0x080002ff   Thumb Code     0  startup_stm32h723xx.o(.text)
    SPI6_IRQHandler                          0x080002ff   Thumb Code     0  startup_stm32h723xx.o(.text)
    SWPMI1_IRQHandler                        0x080002ff   Thumb Code     0  startup_stm32h723xx.o(.text)
    TAMP_STAMP_IRQHandler                    0x080002ff   Thumb Code     0  startup_stm32h723xx.o(.text)
    TIM15_IRQHandler                         0x080002ff   Thumb Code     0  startup_stm32h723xx.o(.text)
    TIM16_IRQHandler                         0x080002ff   Thumb Code     0  startup_stm32h723xx.o(.text)
    TIM17_IRQHandler                         0x080002ff   Thumb Code     0  startup_stm32h723xx.o(.text)
    TIM1_BRK_IRQHandler                      0x080002ff   Thumb Code     0  startup_stm32h723xx.o(.text)
    TIM1_CC_IRQHandler                       0x080002ff   Thumb Code     0  startup_stm32h723xx.o(.text)
    TIM1_TRG_COM_IRQHandler                  0x080002ff   Thumb Code     0  startup_stm32h723xx.o(.text)
    TIM1_UP_IRQHandler                       0x080002ff   Thumb Code     0  startup_stm32h723xx.o(.text)
    TIM23_IRQHandler                         0x080002ff   Thumb Code     0  startup_stm32h723xx.o(.text)
    TIM24_IRQHandler                         0x080002ff   Thumb Code     0  startup_stm32h723xx.o(.text)
    TIM2_IRQHandler                          0x080002ff   Thumb Code     0  startup_stm32h723xx.o(.text)
    TIM3_IRQHandler                          0x080002ff   Thumb Code     0  startup_stm32h723xx.o(.text)
    TIM4_IRQHandler                          0x080002ff   Thumb Code     0  startup_stm32h723xx.o(.text)
    TIM5_IRQHandler                          0x080002ff   Thumb Code     0  startup_stm32h723xx.o(.text)
    TIM6_DAC_IRQHandler                      0x080002ff   Thumb Code     0  startup_stm32h723xx.o(.text)
    TIM7_IRQHandler                          0x080002ff   Thumb Code     0  startup_stm32h723xx.o(.text)
    TIM8_BRK_TIM12_IRQHandler                0x080002ff   Thumb Code     0  startup_stm32h723xx.o(.text)
    TIM8_CC_IRQHandler                       0x080002ff   Thumb Code     0  startup_stm32h723xx.o(.text)
    TIM8_TRG_COM_TIM14_IRQHandler            0x080002ff   Thumb Code     0  startup_stm32h723xx.o(.text)
    UART4_IRQHandler                         0x080002ff   Thumb Code     0  startup_stm32h723xx.o(.text)
    UART5_IRQHandler                         0x080002ff   Thumb Code     0  startup_stm32h723xx.o(.text)
    UART7_IRQHandler                         0x080002ff   Thumb Code     0  startup_stm32h723xx.o(.text)
    UART8_IRQHandler                         0x080002ff   Thumb Code     0  startup_stm32h723xx.o(.text)
    UART9_IRQHandler                         0x080002ff   Thumb Code     0  startup_stm32h723xx.o(.text)
    USART10_IRQHandler                       0x080002ff   Thumb Code     0  startup_stm32h723xx.o(.text)
    USART1_IRQHandler                        0x080002ff   Thumb Code     0  startup_stm32h723xx.o(.text)
    USART2_IRQHandler                        0x080002ff   Thumb Code     0  startup_stm32h723xx.o(.text)
    USART3_IRQHandler                        0x080002ff   Thumb Code     0  startup_stm32h723xx.o(.text)
    USART6_IRQHandler                        0x080002ff   Thumb Code     0  startup_stm32h723xx.o(.text)
    WAKEUP_PIN_IRQHandler                    0x080002ff   Thumb Code     0  startup_stm32h723xx.o(.text)
    WWDG_IRQHandler                          0x080002ff   Thumb Code     0  startup_stm32h723xx.o(.text)
    __aeabi_uldivmod                         0x0800030d   Thumb Code    98  uldiv.o(.text)
    __aeabi_memset                           0x0800036f   Thumb Code    14  memseta.o(.text)
    __aeabi_memset4                          0x0800036f   Thumb Code     0  memseta.o(.text)
    __aeabi_memset8                          0x0800036f   Thumb Code     0  memseta.o(.text)
    __aeabi_memclr                           0x0800037d   Thumb Code     4  memseta.o(.text)
    __aeabi_memclr4                          0x0800037d   Thumb Code     0  memseta.o(.text)
    __aeabi_memclr8                          0x0800037d   Thumb Code     0  memseta.o(.text)
    _memset$wrapper                          0x08000381   Thumb Code    18  memseta.o(.text)
    __aeabi_uidiv                            0x08000393   Thumb Code     0  uidiv.o(.text)
    __aeabi_uidivmod                         0x08000393   Thumb Code    44  uidiv.o(.text)
    __aeabi_llsl                             0x080003bf   Thumb Code    30  llshl.o(.text)
    _ll_shift_l                              0x080003bf   Thumb Code     0  llshl.o(.text)
    __aeabi_llsr                             0x080003dd   Thumb Code    32  llushr.o(.text)
    _ll_ushift_r                             0x080003dd   Thumb Code     0  llushr.o(.text)
    __I$use$fp                               0x080003fd   Thumb Code     0  iusefp.o(.text)
    __aeabi_dadd                             0x080003fd   Thumb Code   322  dadd.o(.text)
    __aeabi_dsub                             0x0800053f   Thumb Code     6  dadd.o(.text)
    __aeabi_drsub                            0x08000545   Thumb Code     6  dadd.o(.text)
    __aeabi_dmul                             0x0800054b   Thumb Code   228  dmul.o(.text)
    __aeabi_ddiv                             0x0800062f   Thumb Code   222  ddiv.o(.text)
    __aeabi_d2ulz                            0x0800070d   Thumb Code    48  dfixul.o(.text)
    __aeabi_cdrcmple                         0x0800073d   Thumb Code    48  cdrcmple.o(.text)
    __scatterload                            0x0800076d   Thumb Code    28  init.o(.text)
    __scatterload_rt2                        0x0800076d   Thumb Code     0  init.o(.text)
    __aeabi_lasr                             0x08000791   Thumb Code    36  llsshr.o(.text)
    _ll_sshift_r                             0x08000791   Thumb Code     0  llsshr.o(.text)
    _double_round                            0x080007b5   Thumb Code    30  depilogue.o(.text)
    _double_epilogue                         0x080007d3   Thumb Code   156  depilogue.o(.text)
    AD2S1210_Angle_Get                       0x08000871   Thumb Code    42  ad2s1210.o(.text.AD2S1210_Angle_Get)
    AD2S1210_ChipSelect                      0x080008a1   Thumb Code    46  ad2s1210.o(.text.AD2S1210_ChipSelect)
    AD2S1210_HW_RESET                        0x08000941   Thumb Code    88  ad2s1210.o(.text.AD2S1210_HW_RESET)
    AD2S1210_Init                            0x08000999   Thumb Code    64  ad2s1210.o(.text.AD2S1210_Init)
    AD2S1210_ModeSelect                      0x080009d9   Thumb Code   174  ad2s1210.o(.text.AD2S1210_ModeSelect)
    AD2S1210_ReadPosition                    0x08000a89   Thumb Code    54  ad2s1210.o(.text.AD2S1210_ReadPosition)
    AD2S1210_WriteRegister                   0x08000af9   Thumb Code    60  ad2s1210.o(.text.AD2S1210_WriteRegister)
    AD2S1210_para_Iint                       0x08000b59   Thumb Code    32  ad2s1210.o(.text.AD2S1210_para_Iint)
    BusFault_Handler                         0x08000b79   Thumb Code     4  stm32h7xx_it.o(.text.BusFault_Handler)
    DebugMon_Handler                         0x08000b81   Thumb Code     2  stm32h7xx_it.o(.text.DebugMon_Handler)
    Error_Handler                            0x08000b89   Thumb Code    14  main.o(.text.Error_Handler)
    ExitRun0Mode                             0x08000b99   Thumb Code    40  system_stm32h7xx.o(.text.ExitRun0Mode)
    HAL_Delay                                0x08000bc1   Thumb Code    66  stm32h7xx_hal.o(.text.HAL_Delay)
    HAL_GPIO_Init                            0x08000c09   Thumb Code   936  stm32h7xx_hal_gpio.o(.text.HAL_GPIO_Init)
    HAL_GPIO_WritePin                        0x08000fb1   Thumb Code    46  stm32h7xx_hal_gpio.o(.text.HAL_GPIO_WritePin)
    HAL_GetTick                              0x08000fe1   Thumb Code    12  stm32h7xx_hal.o(.text.HAL_GetTick)
    HAL_IncTick                              0x08000ff1   Thumb Code    26  stm32h7xx_hal.o(.text.HAL_IncTick)
    HAL_Init                                 0x08001011   Thumb Code   122  stm32h7xx_hal.o(.text.HAL_Init)
    HAL_InitTick                             0x08001091   Thumb Code   134  stm32h7xx_hal.o(.text.HAL_InitTick)
    HAL_MPU_ConfigRegion                     0x08001119   Thumb Code   128  stm32h7xx_hal_cortex.o(.text.HAL_MPU_ConfigRegion)
    HAL_MPU_Disable                          0x08001199   Thumb Code    34  stm32h7xx_hal_cortex.o(.text.HAL_MPU_Disable)
    HAL_MPU_Enable                           0x080011c1   Thumb Code    48  stm32h7xx_hal_cortex.o(.text.HAL_MPU_Enable)
    HAL_MspInit                              0x080011f1   Thumb Code    36  stm32h7xx_hal_msp.o(.text.HAL_MspInit)
    HAL_NVIC_EnableIRQ                       0x08001219   Thumb Code    20  stm32h7xx_hal_cortex.o(.text.HAL_NVIC_EnableIRQ)
    HAL_NVIC_SetPriority                     0x08001231   Thumb Code    46  stm32h7xx_hal_cortex.o(.text.HAL_NVIC_SetPriority)
    HAL_NVIC_SetPriorityGrouping             0x08001261   Thumb Code    16  stm32h7xx_hal_cortex.o(.text.HAL_NVIC_SetPriorityGrouping)
    HAL_PWREx_ConfigSupply                   0x08001271   Thumb Code   162  stm32h7xx_hal_pwr_ex.o(.text.HAL_PWREx_ConfigSupply)
    HAL_RCCEx_GetD3PCLK1Freq                 0x08001319   Thumb Code    38  stm32h7xx_hal_rcc_ex.o(.text.HAL_RCCEx_GetD3PCLK1Freq)
    HAL_RCCEx_GetPLL2ClockFreq               0x08001341   Thumb Code   684  stm32h7xx_hal_rcc_ex.o(.text.HAL_RCCEx_GetPLL2ClockFreq)
    HAL_RCCEx_GetPLL3ClockFreq               0x080015f1   Thumb Code   684  stm32h7xx_hal_rcc_ex.o(.text.HAL_RCCEx_GetPLL3ClockFreq)
    HAL_RCCEx_PeriphCLKConfig                0x080018a1   Thumb Code  4076  stm32h7xx_hal_rcc_ex.o(.text.HAL_RCCEx_PeriphCLKConfig)
    HAL_RCC_ClockConfig                      0x08002891   Thumb Code  1176  stm32h7xx_hal_rcc.o(.text.HAL_RCC_ClockConfig)
    HAL_RCC_GetHCLKFreq                      0x08002d29   Thumb Code    86  stm32h7xx_hal_rcc.o(.text.HAL_RCC_GetHCLKFreq)
    HAL_RCC_GetPCLK1Freq                     0x08002d81   Thumb Code    38  stm32h7xx_hal_rcc.o(.text.HAL_RCC_GetPCLK1Freq)
    HAL_RCC_GetPCLK2Freq                     0x08002da9   Thumb Code    38  stm32h7xx_hal_rcc.o(.text.HAL_RCC_GetPCLK2Freq)
    HAL_RCC_GetSysClockFreq                  0x08002dd1   Thumb Code   784  stm32h7xx_hal_rcc.o(.text.HAL_RCC_GetSysClockFreq)
    HAL_RCC_OscConfig                        0x080030e1   Thumb Code  2592  stm32h7xx_hal_rcc.o(.text.HAL_RCC_OscConfig)
    HAL_SPI_Init                             0x08003b01   Thumb Code   658  stm32h7xx_hal_spi.o(.text.HAL_SPI_Init)
    HAL_SPI_MspInit                          0x08003d99   Thumb Code   170  spi.o(.text.HAL_SPI_MspInit)
    HAL_SPI_Receive                          0x08003e49   Thumb Code  1232  stm32h7xx_hal_spi.o(.text.HAL_SPI_Receive)
    HAL_SPI_Transmit                         0x08004319   Thumb Code   996  stm32h7xx_hal_spi.o(.text.HAL_SPI_Transmit)
    HAL_SYSTICK_Config                       0x08004701   Thumb Code    16  stm32h7xx_hal_cortex.o(.text.HAL_SYSTICK_Config)
    HAL_TIMEx_Break2Callback                 0x08004711   Thumb Code     8  stm32h7xx_hal_tim_ex.o(.text.HAL_TIMEx_Break2Callback)
    HAL_TIMEx_BreakCallback                  0x08004719   Thumb Code     8  stm32h7xx_hal_tim_ex.o(.text.HAL_TIMEx_BreakCallback)
    HAL_TIMEx_CommutCallback                 0x08004721   Thumb Code     8  stm32h7xx_hal_tim_ex.o(.text.HAL_TIMEx_CommutCallback)
    HAL_TIMEx_ConfigBreakDeadTime            0x08004729   Thumb Code   302  stm32h7xx_hal_tim_ex.o(.text.HAL_TIMEx_ConfigBreakDeadTime)
    HAL_TIMEx_MasterConfigSynchronization    0x08004859   Thumb Code   380  stm32h7xx_hal_tim_ex.o(.text.HAL_TIMEx_MasterConfigSynchronization)
    HAL_TIMEx_PWMN_Start                     0x080049d9   Thumb Code   452  stm32h7xx_hal_tim_ex.o(.text.HAL_TIMEx_PWMN_Start)
    HAL_TIM_Base_Init                        0x08004ba1   Thumb Code   168  stm32h7xx_hal_tim.o(.text.HAL_TIM_Base_Init)
    HAL_TIM_Base_MspInit                     0x08004c49   Thumb Code    78  tim.o(.text.HAL_TIM_Base_MspInit)
    HAL_TIM_Base_Start_IT                    0x08004c99   Thumb Code   296  stm32h7xx_hal_tim.o(.text.HAL_TIM_Base_Start_IT)
    HAL_TIM_ConfigClockSource                0x08004dc1   Thumb Code   464  stm32h7xx_hal_tim.o(.text.HAL_TIM_ConfigClockSource)
    HAL_TIM_IC_CaptureCallback               0x08004f91   Thumb Code     8  stm32h7xx_hal_tim.o(.text.HAL_TIM_IC_CaptureCallback)
    HAL_TIM_IRQHandler                       0x08004f99   Thumb Code   592  stm32h7xx_hal_tim.o(.text.HAL_TIM_IRQHandler)
    HAL_TIM_MspPostInit                      0x080051e9   Thumb Code   236  tim.o(.text.HAL_TIM_MspPostInit)
    HAL_TIM_OC_DelayElapsedCallback          0x080052d9   Thumb Code     8  stm32h7xx_hal_tim.o(.text.HAL_TIM_OC_DelayElapsedCallback)
    HAL_TIM_PWM_ConfigChannel                0x080052e1   Thumb Code   432  stm32h7xx_hal_tim.o(.text.HAL_TIM_PWM_ConfigChannel)
    HAL_TIM_PWM_Init                         0x08005491   Thumb Code   168  stm32h7xx_hal_tim.o(.text.HAL_TIM_PWM_Init)
    HAL_TIM_PWM_MspInit                      0x08005539   Thumb Code     8  stm32h7xx_hal_tim.o(.text.HAL_TIM_PWM_MspInit)
    HAL_TIM_PWM_PulseFinishedCallback        0x08005541   Thumb Code     8  stm32h7xx_hal_tim.o(.text.HAL_TIM_PWM_PulseFinishedCallback)
    HAL_TIM_PWM_Start                        0x08005549   Thumb Code   674  stm32h7xx_hal_tim.o(.text.HAL_TIM_PWM_Start)
    HAL_TIM_PeriodElapsedCallback            0x080057f1   Thumb Code   272  usermain.o(.text.HAL_TIM_PeriodElapsedCallback)
    HAL_TIM_TriggerCallback                  0x08005901   Thumb Code     8  stm32h7xx_hal_tim.o(.text.HAL_TIM_TriggerCallback)
    HAL_UARTEx_DisableFifoMode               0x08005909   Thumb Code   124  stm32h7xx_hal_uart_ex.o(.text.HAL_UARTEx_DisableFifoMode)
    HAL_UARTEx_SetRxFifoThreshold            0x08005989   Thumb Code   140  stm32h7xx_hal_uart_ex.o(.text.HAL_UARTEx_SetRxFifoThreshold)
    HAL_UARTEx_SetTxFifoThreshold            0x08005a19   Thumb Code   140  stm32h7xx_hal_uart_ex.o(.text.HAL_UARTEx_SetTxFifoThreshold)
    HAL_UART_Init                            0x08005aa9   Thumb Code   170  stm32h7xx_hal_uart.o(.text.HAL_UART_Init)
    HAL_UART_MspInit                         0x08005b59   Thumb Code   168  usart.o(.text.HAL_UART_MspInit)
    HAL_UART_Transmit                        0x08005c01   Thumb Code   312  stm32h7xx_hal_uart.o(.text.HAL_UART_Transmit)
    HardFault_Handler                        0x08005d39   Thumb Code     4  stm32h7xx_it.o(.text.HardFault_Handler)
    MX_GPIO_Init                             0x08005d99   Thumb Code   386  gpio.o(.text.MX_GPIO_Init)
    MX_SPI1_Init                             0x08005f21   Thumb Code   110  spi.o(.text.MX_SPI1_Init)
    MX_TIM8_Init                             0x08005f91   Thumb Code   386  tim.o(.text.MX_TIM8_Init)
    MX_USART1_UART_Init                      0x08006119   Thumb Code   142  usart.o(.text.MX_USART1_UART_Init)
    MemManage_Handler                        0x080061a9   Thumb Code     4  stm32h7xx_it.o(.text.MemManage_Handler)
    NMI_Handler                              0x080061b1   Thumb Code     4  stm32h7xx_it.o(.text.NMI_Handler)
    PendSV_Handler                           0x08006229   Thumb Code     2  stm32h7xx_it.o(.text.PendSV_Handler)
    SVC_Handler                              0x080067d1   Thumb Code     2  stm32h7xx_it.o(.text.SVC_Handler)
    SysTick_Handler                          0x08006831   Thumb Code     8  stm32h7xx_it.o(.text.SysTick_Handler)
    SystemClock_Config                       0x08006839   Thumb Code   204  main.o(.text.SystemClock_Config)
    SystemInit                               0x08006909   Thumb Code   358  system_stm32h7xx.o(.text.SystemInit)
    TIM8_UP_TIM13_IRQHandler                 0x08006a71   Thumb Code    16  stm32h7xx_it.o(.text.TIM8_UP_TIM13_IRQHandler)
    TIM_Base_SetConfig                       0x08006a81   Thumb Code   452  stm32h7xx_hal_tim.o(.text.TIM_Base_SetConfig)
    TIM_CCxChannelCmd                        0x08006c49   Thumb Code    54  stm32h7xx_hal_tim.o(.text.TIM_CCxChannelCmd)
    TIM_ETR_SetConfig                        0x08006cb9   Thumb Code    52  stm32h7xx_hal_tim.o(.text.TIM_ETR_SetConfig)
    TIM_OC2_SetConfig                        0x08006e71   Thumb Code   364  stm32h7xx_hal_tim.o(.text.TIM_OC2_SetConfig)
    UART_AdvFeatureConfig                    0x08007509   Thumb Code   328  stm32h7xx_hal_uart.o(.text.UART_AdvFeatureConfig)
    UART_CheckIdleState                      0x08007651   Thumb Code   326  stm32h7xx_hal_uart.o(.text.UART_CheckIdleState)
    UART_SetConfig                           0x08007839   Thumb Code  2638  stm32h7xx_hal_uart.o(.text.UART_SetConfig)
    UART_WaitOnFlagUntilTimeout              0x08008289   Thumb Code   268  stm32h7xx_hal_uart.o(.text.UART_WaitOnFlagUntilTimeout)
    UsageFault_Handler                       0x08008399   Thumb Code     4  stm32h7xx_it.o(.text.UsageFault_Handler)
    dq_2_abc                                 0x08008469   Thumb Code   220  tf.o(.text.dq_2_abc)
    e_svpwm                                  0x08008549   Thumb Code   212  svpwm.o(.text.e_svpwm)
    fputc                                    0x08008621   Thumb Code    34  usermain.o(.text.fputc)
    main                                     0x08008829   Thumb Code    44  main.o(.text.main)
    usermain                                 0x08008859   Thumb Code    40  usermain.o(.text.usermain)
    __0printf                                0x08008881   Thumb Code    22  printfa.o(i.__0printf)
    __1printf                                0x08008881   Thumb Code     0  printfa.o(i.__0printf)
    __2printf                                0x08008881   Thumb Code     0  printfa.o(i.__0printf)
    __c89printf                              0x08008881   Thumb Code     0  printfa.o(i.__0printf)
    printf                                   0x08008881   Thumb Code     0  printfa.o(i.__0printf)
    __ARM_fpclassifyf                        0x080088a1   Thumb Code    38  fpclassifyf.o(i.__ARM_fpclassifyf)
    __hardfp_cosf                            0x080088c9   Thumb Code   280  cosf.o(i.__hardfp_cosf)
    __hardfp_sinf                            0x08008a19   Thumb Code   344  sinf.o(i.__hardfp_sinf)
    __mathlib_flt_infnan                     0x08008ba9   Thumb Code     6  funder.o(i.__mathlib_flt_infnan)
    __mathlib_flt_invalid                    0x08008bb1   Thumb Code    10  funder.o(i.__mathlib_flt_invalid)
    __mathlib_flt_underflow                  0x08008bc1   Thumb Code    10  funder.o(i.__mathlib_flt_underflow)
    __mathlib_rredf2                         0x08008bd1   Thumb Code   316  rredf.o(i.__mathlib_rredf2)
    __scatterload_copy                       0x08008d25   Thumb Code    14  handlers.o(i.__scatterload_copy)
    __scatterload_null                       0x08008d33   Thumb Code     2  handlers.o(i.__scatterload_null)
    __scatterload_zeroinit                   0x08008d35   Thumb Code    14  handlers.o(i.__scatterload_zeroinit)
    __set_errno                              0x08008d45   Thumb Code     6  errno.o(i.__set_errno)
    D1CorePrescTable                         0x08009624   Data          16  system_stm32h7xx.o(.rodata.D1CorePrescTable)
    UARTPrescTable                           0x08009644   Data          24  stm32h7xx_hal_uart.o(.rodata.UARTPrescTable)
    Region$$Table$$Base                      0x08009668   Number         0  anon$$obj.o(Region$$Table)
    Region$$Table$$Limit                     0x08009698   Number         0  anon$$obj.o(Region$$Table)
    __initial_sp                             0x20000400   Data           0  startup_stm32h723xx.o(STACK)
    __stdout                                 0x24000000   Data           4  stdout.o(.data)
    SystemCoreClock                          0x24000008   Data           4  system_stm32h7xx.o(.data.SystemCoreClock)
    SystemD2Clock                            0x2400000c   Data           4  system_stm32h7xx.o(.data.SystemD2Clock)
    uwTickFreq                               0x24000010   Data           1  stm32h7xx_hal.o(.data.uwTickFreq)
    uwTickPrio                               0x24000014   Data           4  stm32h7xx_hal.o(.data.uwTickPrio)
    AD2S                                     0x24000018   Data          28  ad2s1210.o(.bss.AD2S)
    cnt                                      0x24000034   Data          12  usermain.o(.bss.cnt)
    duty_abc                                 0x24000040   Data          12  usermain.o(.bss.duty_abc)
    hspi1                                    0x2400004c   Data         136  spi.o(.bss.hspi1)
    htim8                                    0x240000d4   Data          76  tim.o(.bss.htim8)
    huart1                                   0x24000120   Data         148  usart.o(.bss.huart1)
    i                                        0x240001b4   Data           4  usermain.o(.bss.i)
    speed                                    0x240001b8   Data           4  usermain.o(.bss.speed)
    theta                                    0x240001bc   Data           4  usermain.o(.bss.theta)
    u_abc                                    0x240001c0   Data          12  usermain.o(.bss.u_abc)
    u_dq                                     0x240001cc   Data           8  usermain.o(.bss.u_dq)
    uwTick                                   0x240001d4   Data           4  stm32h7xx_hal.o(.bss.uwTick)



==============================================================================

Memory Map of the image

  Image Entry point : 0x080002cd

  Load Region LR_IROM1 (Base: 0x08000000, Size: 0x000096b0, Max: 0x00100000, ABSOLUTE)

    Execution Region ER_IROM1 (Exec base: 0x08000000, Load base: 0x08000000, Size: 0x00009698, Max: 0x00100000, ABSOLUTE)

    Exec Addr    Load Addr    Size         Type   Attr      Idx    E Section Name        Object

    0x08000000   0x08000000   0x000002cc   Data   RO            3    RESET               startup_stm32h723xx.o
    0x080002cc   0x080002cc   0x00000000   Code   RO         1817  * .ARM.Collect$$$$00000000  mc_w.l(entry.o)
    0x080002cc   0x080002cc   0x00000004   Code   RO         1871    .ARM.Collect$$$$00000001  mc_w.l(entry2.o)
    0x080002d0   0x080002d0   0x00000004   Code   RO         1874    .ARM.Collect$$$$00000004  mc_w.l(entry5.o)
    0x080002d4   0x080002d4   0x00000000   Code   RO         1876    .ARM.Collect$$$$00000008  mc_w.l(entry7b.o)
    0x080002d4   0x080002d4   0x00000000   Code   RO         1878    .ARM.Collect$$$$0000000A  mc_w.l(entry8b.o)
    0x080002d4   0x080002d4   0x00000008   Code   RO         1879    .ARM.Collect$$$$0000000B  mc_w.l(entry9a.o)
    0x080002dc   0x080002dc   0x00000000   Code   RO         1881    .ARM.Collect$$$$0000000D  mc_w.l(entry10a.o)
    0x080002dc   0x080002dc   0x00000000   Code   RO         1883    .ARM.Collect$$$$0000000F  mc_w.l(entry11a.o)
    0x080002dc   0x080002dc   0x00000004   Code   RO         1872    .ARM.Collect$$$$00002712  mc_w.l(entry2.o)
    0x080002e0   0x080002e0   0x0000002c   Code   RO            4    .text               startup_stm32h723xx.o
    0x0800030c   0x0800030c   0x00000062   Code   RO         1820    .text               mc_w.l(uldiv.o)
    0x0800036e   0x0800036e   0x00000024   Code   RO         1822    .text               mc_w.l(memseta.o)
    0x08000392   0x08000392   0x0000002c   Code   RO         1895    .text               mc_w.l(uidiv.o)
    0x080003be   0x080003be   0x0000001e   Code   RO         1897    .text               mc_w.l(llshl.o)
    0x080003dc   0x080003dc   0x00000020   Code   RO         1899    .text               mc_w.l(llushr.o)
    0x080003fc   0x080003fc   0x00000000   Code   RO         1908    .text               mc_w.l(iusefp.o)
    0x080003fc   0x080003fc   0x0000014e   Code   RO         1909    .text               mf_w.l(dadd.o)
    0x0800054a   0x0800054a   0x000000e4   Code   RO         1911    .text               mf_w.l(dmul.o)
    0x0800062e   0x0800062e   0x000000de   Code   RO         1913    .text               mf_w.l(ddiv.o)
    0x0800070c   0x0800070c   0x00000030   Code   RO         1915    .text               mf_w.l(dfixul.o)
    0x0800073c   0x0800073c   0x00000030   Code   RO         1917    .text               mf_w.l(cdrcmple.o)
    0x0800076c   0x0800076c   0x00000024   Code   RO         1919    .text               mc_w.l(init.o)
    0x08000790   0x08000790   0x00000024   Code   RO         1921    .text               mc_w.l(llsshr.o)
    0x080007b4   0x080007b4   0x000000ba   Code   RO         1923    .text               mf_w.l(depilogue.o)
    0x0800086e   0x0800086e   0x00000002   PAD
    0x08000870   0x08000870   0x0000002a   Code   RO         1788    .text.AD2S1210_Angle_Get  ad2s1210.o
    0x0800089a   0x0800089a   0x00000006   PAD
    0x080008a0   0x080008a0   0x0000002e   Code   RO         1760    .text.AD2S1210_ChipSelect  ad2s1210.o
    0x080008ce   0x080008ce   0x00000002   PAD
    0x080008d0   0x080008d0   0x00000034   Code   RO         1772    .text.AD2S1210_DataLock  ad2s1210.o
    0x08000904   0x08000904   0x00000004   PAD
    0x08000908   0x08000908   0x00000034   Code   RO         1768    .text.AD2S1210_DataRelease  ad2s1210.o
    0x0800093c   0x0800093c   0x00000004   PAD
    0x08000940   0x08000940   0x00000058   Code   RO         1762    .text.AD2S1210_HW_RESET  ad2s1210.o
    0x08000998   0x08000998   0x00000040   Code   RO         1786    .text.AD2S1210_Init  ad2s1210.o
    0x080009d8   0x080009d8   0x000000ae   Code   RO         1754    .text.AD2S1210_ModeSelect  ad2s1210.o
    0x08000a86   0x08000a86   0x00000002   PAD
    0x08000a88   0x08000a88   0x00000036   Code   RO         1764    .text.AD2S1210_ReadPosition  ad2s1210.o
    0x08000abe   0x08000abe   0x00000002   PAD
    0x08000ac0   0x08000ac0   0x00000034   Code   RO         1766    .text.AD2S1210_UpdataRegister  ad2s1210.o
    0x08000af4   0x08000af4   0x00000004   PAD
    0x08000af8   0x08000af8   0x0000003c   Code   RO         1782    .text.AD2S1210_WriteRegister  ad2s1210.o
    0x08000b34   0x08000b34   0x00000004   PAD
    0x08000b38   0x08000b38   0x0000001c   Code   RO         1756    .text.AD2S1210_delay  ad2s1210.o
    0x08000b54   0x08000b54   0x00000004   PAD
    0x08000b58   0x08000b58   0x00000020   Code   RO         1758    .text.AD2S1210_para_Iint  ad2s1210.o
    0x08000b78   0x08000b78   0x00000004   Code   RO           86    .text.BusFault_Handler  stm32h7xx_it.o
    0x08000b7c   0x08000b7c   0x00000004   PAD
    0x08000b80   0x08000b80   0x00000002   Code   RO           92    .text.DebugMon_Handler  stm32h7xx_it.o
    0x08000b82   0x08000b82   0x00000006   PAD
    0x08000b88   0x08000b88   0x0000000e   Code   RO           17    .text.Error_Handler  main.o
    0x08000b96   0x08000b96   0x00000002   PAD
    0x08000b98   0x08000b98   0x00000028   Code   RO         1685    .text.ExitRun0Mode  system_stm32h7xx.o
    0x08000bc0   0x08000bc0   0x00000042   Code   RO          705    .text.HAL_Delay     stm32h7xx_hal.o
    0x08000c02   0x08000c02   0x00000006   PAD
    0x08000c08   0x08000c08   0x000003a8   Code   RO          393    .text.HAL_GPIO_Init  stm32h7xx_hal_gpio.o
    0x08000fb0   0x08000fb0   0x0000002e   Code   RO          399    .text.HAL_GPIO_WritePin  stm32h7xx_hal_gpio.o
    0x08000fde   0x08000fde   0x00000002   PAD
    0x08000fe0   0x08000fe0   0x0000000c   Code   RO          697    .text.HAL_GetTick   stm32h7xx_hal.o
    0x08000fec   0x08000fec   0x00000004   PAD
    0x08000ff0   0x08000ff0   0x0000001a   Code   RO          695    .text.HAL_IncTick   stm32h7xx_hal.o
    0x0800100a   0x0800100a   0x00000006   PAD
    0x08001010   0x08001010   0x0000007a   Code   RO          685    .text.HAL_Init      stm32h7xx_hal.o
    0x0800108a   0x0800108a   0x00000006   PAD
    0x08001090   0x08001090   0x00000086   Code   RO          687    .text.HAL_InitTick  stm32h7xx_hal.o
    0x08001116   0x08001116   0x00000002   PAD
    0x08001118   0x08001118   0x00000080   Code   RO          151    .text.HAL_MPU_ConfigRegion  stm32h7xx_hal_cortex.o
    0x08001198   0x08001198   0x00000022   Code   RO          143    .text.HAL_MPU_Disable  stm32h7xx_hal_cortex.o
    0x080011ba   0x080011ba   0x00000006   PAD
    0x080011c0   0x080011c0   0x00000030   Code   RO          145    .text.HAL_MPU_Enable  stm32h7xx_hal_cortex.o
    0x080011f0   0x080011f0   0x00000024   Code   RO          107    .text.HAL_MspInit   stm32h7xx_hal_msp.o
    0x08001214   0x08001214   0x00000004   PAD
    0x08001218   0x08001218   0x00000014   Code   RO          127    .text.HAL_NVIC_EnableIRQ  stm32h7xx_hal_cortex.o
    0x0800122c   0x0800122c   0x00000004   PAD
    0x08001230   0x08001230   0x0000002e   Code   RO          119    .text.HAL_NVIC_SetPriority  stm32h7xx_hal_cortex.o
    0x0800125e   0x0800125e   0x00000002   PAD
    0x08001260   0x08001260   0x00000010   Code   RO          115    .text.HAL_NVIC_SetPriorityGrouping  stm32h7xx_hal_cortex.o
    0x08001270   0x08001270   0x000000a2   Code   RO          602    .text.HAL_PWREx_ConfigSupply  stm32h7xx_hal_pwr_ex.o
    0x08001312   0x08001312   0x00000006   PAD
    0x08001318   0x08001318   0x00000026   Code   RO          243    .text.HAL_RCCEx_GetD3PCLK1Freq  stm32h7xx_hal_rcc_ex.o
    0x0800133e   0x0800133e   0x00000002   PAD
    0x08001340   0x08001340   0x000002ac   Code   RO          239    .text.HAL_RCCEx_GetPLL2ClockFreq  stm32h7xx_hal_rcc_ex.o
    0x080015ec   0x080015ec   0x00000004   PAD
    0x080015f0   0x080015f0   0x000002ac   Code   RO          241    .text.HAL_RCCEx_GetPLL3ClockFreq  stm32h7xx_hal_rcc_ex.o
    0x0800189c   0x0800189c   0x00000004   PAD
    0x080018a0   0x080018a0   0x00000fec   Code   RO          227    .text.HAL_RCCEx_PeriphCLKConfig  stm32h7xx_hal_rcc_ex.o
    0x0800288c   0x0800288c   0x00000004   PAD
    0x08002890   0x08002890   0x00000498   Code   RO          196    .text.HAL_RCC_ClockConfig  stm32h7xx_hal_rcc.o
    0x08002d28   0x08002d28   0x00000056   Code   RO          206    .text.HAL_RCC_GetHCLKFreq  stm32h7xx_hal_rcc.o
    0x08002d7e   0x08002d7e   0x00000002   PAD
    0x08002d80   0x08002d80   0x00000026   Code   RO          208    .text.HAL_RCC_GetPCLK1Freq  stm32h7xx_hal_rcc.o
    0x08002da6   0x08002da6   0x00000002   PAD
    0x08002da8   0x08002da8   0x00000026   Code   RO          210    .text.HAL_RCC_GetPCLK2Freq  stm32h7xx_hal_rcc.o
    0x08002dce   0x08002dce   0x00000002   PAD
    0x08002dd0   0x08002dd0   0x00000310   Code   RO          198    .text.HAL_RCC_GetSysClockFreq  stm32h7xx_hal_rcc.o
    0x080030e0   0x080030e0   0x00000a20   Code   RO          194    .text.HAL_RCC_OscConfig  stm32h7xx_hal_rcc.o
    0x08003b00   0x08003b00   0x00000292   Code   RO         1016    .text.HAL_SPI_Init  stm32h7xx_hal_spi.o
    0x08003d92   0x08003d92   0x00000006   PAD
    0x08003d98   0x08003d98   0x000000aa   Code   RO           38    .text.HAL_SPI_MspInit  spi.o
    0x08003e42   0x08003e42   0x00000006   PAD
    0x08003e48   0x08003e48   0x000004d0   Code   RO         1032    .text.HAL_SPI_Receive  stm32h7xx_hal_spi.o
    0x08004318   0x08004318   0x000003e4   Code   RO         1026    .text.HAL_SPI_Transmit  stm32h7xx_hal_spi.o
    0x080046fc   0x080046fc   0x00000004   PAD
    0x08004700   0x08004700   0x00000010   Code   RO          139    .text.HAL_SYSTICK_Config  stm32h7xx_hal_cortex.o
    0x08004710   0x08004710   0x00000008   Code   RO         1475    .text.HAL_TIMEx_Break2Callback  stm32h7xx_hal_tim_ex.o
    0x08004718   0x08004718   0x00000008   Code   RO         1473    .text.HAL_TIMEx_BreakCallback  stm32h7xx_hal_tim_ex.o
    0x08004720   0x08004720   0x00000008   Code   RO         1469    .text.HAL_TIMEx_CommutCallback  stm32h7xx_hal_tim_ex.o
    0x08004728   0x08004728   0x0000012e   Code   RO         1455    .text.HAL_TIMEx_ConfigBreakDeadTime  stm32h7xx_hal_tim_ex.o
    0x08004856   0x08004856   0x00000002   PAD
    0x08004858   0x08004858   0x0000017c   Code   RO         1453    .text.HAL_TIMEx_MasterConfigSynchronization  stm32h7xx_hal_tim_ex.o
    0x080049d4   0x080049d4   0x00000004   PAD
    0x080049d8   0x080049d8   0x000001c4   Code   RO         1423    .text.HAL_TIMEx_PWMN_Start  stm32h7xx_hal_tim_ex.o
    0x08004b9c   0x08004b9c   0x00000004   PAD
    0x08004ba0   0x08004ba0   0x000000a8   Code   RO         1136    .text.HAL_TIM_Base_Init  stm32h7xx_hal_tim.o
    0x08004c48   0x08004c48   0x0000004e   Code   RO           54    .text.HAL_TIM_Base_MspInit  tim.o
    0x08004c96   0x08004c96   0x00000002   PAD
    0x08004c98   0x08004c98   0x00000128   Code   RO         1150    .text.HAL_TIM_Base_Start_IT  stm32h7xx_hal_tim.o
    0x08004dc0   0x08004dc0   0x000001d0   Code   RO         1332    .text.HAL_TIM_ConfigClockSource  stm32h7xx_hal_tim.o
    0x08004f90   0x08004f90   0x00000008   Code   RO         1272    .text.HAL_TIM_IC_CaptureCallback  stm32h7xx_hal_tim.o
    0x08004f98   0x08004f98   0x00000250   Code   RO         1270    .text.HAL_TIM_IRQHandler  stm32h7xx_hal_tim.o
    0x080051e8   0x080051e8   0x000000ec   Code   RO           52    .text.HAL_TIM_MspPostInit  tim.o
    0x080052d4   0x080052d4   0x00000004   PAD
    0x080052d8   0x080052d8   0x00000008   Code   RO         1274    .text.HAL_TIM_OC_DelayElapsedCallback  stm32h7xx_hal_tim.o
    0x080052e0   0x080052e0   0x000001b0   Code   RO         1306    .text.HAL_TIM_PWM_ConfigChannel  stm32h7xx_hal_tim.o
    0x08005490   0x08005490   0x000000a8   Code   RO         1190    .text.HAL_TIM_PWM_Init  stm32h7xx_hal_tim.o
    0x08005538   0x08005538   0x00000008   Code   RO         1192    .text.HAL_TIM_PWM_MspInit  stm32h7xx_hal_tim.o
    0x08005540   0x08005540   0x00000008   Code   RO         1276    .text.HAL_TIM_PWM_PulseFinishedCallback  stm32h7xx_hal_tim.o
    0x08005548   0x08005548   0x000002a2   Code   RO         1198    .text.HAL_TIM_PWM_Start  stm32h7xx_hal_tim.o
    0x080057ea   0x080057ea   0x00000006   PAD
    0x080057f0   0x080057f0   0x00000110   Code   RO         1737    .text.HAL_TIM_PeriodElapsedCallback  usermain.o
    0x08005900   0x08005900   0x00000008   Code   RO         1280    .text.HAL_TIM_TriggerCallback  stm32h7xx_hal_tim.o
    0x08005908   0x08005908   0x0000007c   Code   RO         1658    .text.HAL_UARTEx_DisableFifoMode  stm32h7xx_hal_uart_ex.o
    0x08005984   0x08005984   0x00000004   PAD
    0x08005988   0x08005988   0x0000008c   Code   RO         1662    .text.HAL_UARTEx_SetRxFifoThreshold  stm32h7xx_hal_uart_ex.o
    0x08005a14   0x08005a14   0x00000004   PAD
    0x08005a18   0x08005a18   0x0000008c   Code   RO         1660    .text.HAL_UARTEx_SetTxFifoThreshold  stm32h7xx_hal_uart_ex.o
    0x08005aa4   0x08005aa4   0x00000004   PAD
    0x08005aa8   0x08005aa8   0x000000aa   Code   RO         1488    .text.HAL_UART_Init  stm32h7xx_hal_uart.o
    0x08005b52   0x08005b52   0x00000006   PAD
    0x08005b58   0x08005b58   0x000000a8   Code   RO           68    .text.HAL_UART_MspInit  usart.o
    0x08005c00   0x08005c00   0x00000138   Code   RO         1508    .text.HAL_UART_Transmit  stm32h7xx_hal_uart.o
    0x08005d38   0x08005d38   0x00000004   Code   RO           82    .text.HardFault_Handler  stm32h7xx_it.o
    0x08005d3c   0x08005d3c   0x00000004   PAD
    0x08005d40   0x08005d40   0x00000056   Code   RO           13    .text.MPU_Config    main.o
    0x08005d96   0x08005d96   0x00000002   PAD
    0x08005d98   0x08005d98   0x00000182   Code   RO           27    .text.MX_GPIO_Init  gpio.o
    0x08005f1a   0x08005f1a   0x00000006   PAD
    0x08005f20   0x08005f20   0x0000006e   Code   RO           36    .text.MX_SPI1_Init  spi.o
    0x08005f8e   0x08005f8e   0x00000002   PAD
    0x08005f90   0x08005f90   0x00000182   Code   RO           50    .text.MX_TIM8_Init  tim.o
    0x08006112   0x08006112   0x00000006   PAD
    0x08006118   0x08006118   0x0000008e   Code   RO           66    .text.MX_USART1_UART_Init  usart.o
    0x080061a6   0x080061a6   0x00000002   PAD
    0x080061a8   0x080061a8   0x00000004   Code   RO           84    .text.MemManage_Handler  stm32h7xx_it.o
    0x080061ac   0x080061ac   0x00000004   PAD
    0x080061b0   0x080061b0   0x00000004   Code   RO           80    .text.NMI_Handler   stm32h7xx_it.o
    0x080061b4   0x080061b4   0x00000004   PAD
    0x080061b8   0x080061b8   0x0000006c   Code   RO          125    .text.NVIC_EncodePriority  stm32h7xx_hal_cortex.o
    0x08006224   0x08006224   0x00000004   PAD
    0x08006228   0x08006228   0x00000002   Code   RO           94    .text.PendSV_Handler  stm32h7xx_it.o
    0x0800622a   0x0800622a   0x00000006   PAD
    0x08006230   0x08006230   0x000001ca   Code   RO          229    .text.RCCEx_PLL2_Config  stm32h7xx_hal_rcc_ex.o
    0x080063fa   0x080063fa   0x00000006   PAD
    0x08006400   0x08006400   0x000001ca   Code   RO          231    .text.RCCEx_PLL3_Config  stm32h7xx_hal_rcc_ex.o
    0x080065ca   0x080065ca   0x00000006   PAD
    0x080065d0   0x080065d0   0x00000116   Code   RO         1028    .text.SPI_CloseTransfer  stm32h7xx_hal_spi.o
    0x080066e6   0x080066e6   0x00000002   PAD
    0x080066e8   0x080066e8   0x0000002a   Code   RO         1018    .text.SPI_GetPacketSize  stm32h7xx_hal_spi.o
    0x08006712   0x08006712   0x00000006   PAD
    0x08006718   0x08006718   0x00000028   Code   RO         1770    .text.SPI_ReadByte  ad2s1210.o
    0x08006740   0x08006740   0x00000068   Code   RO         1030    .text.SPI_WaitOnFlagUntilTimeout  stm32h7xx_hal_spi.o
    0x080067a8   0x080067a8   0x00000022   Code   RO         1780    .text.SPI_WriteByte  ad2s1210.o
    0x080067ca   0x080067ca   0x00000006   PAD
    0x080067d0   0x080067d0   0x00000002   Code   RO           90    .text.SVC_Handler   stm32h7xx_it.o
    0x080067d2   0x080067d2   0x00000006   PAD
    0x080067d8   0x080067d8   0x00000052   Code   RO          141    .text.SysTick_Config  stm32h7xx_hal_cortex.o
    0x0800682a   0x0800682a   0x00000006   PAD
    0x08006830   0x08006830   0x00000008   Code   RO           96    .text.SysTick_Handler  stm32h7xx_it.o
    0x08006838   0x08006838   0x000000cc   Code   RO           15    .text.SystemClock_Config  main.o
    0x08006904   0x08006904   0x00000004   PAD
    0x08006908   0x08006908   0x00000166   Code   RO         1681    .text.SystemInit    system_stm32h7xx.o
    0x08006a6e   0x08006a6e   0x00000002   PAD
    0x08006a70   0x08006a70   0x00000010   Code   RO           98    .text.TIM8_UP_TIM13_IRQHandler  stm32h7xx_it.o
    0x08006a80   0x08006a80   0x000001c4   Code   RO         1140    .text.TIM_Base_SetConfig  stm32h7xx_hal_tim.o
    0x08006c44   0x08006c44   0x00000004   PAD
    0x08006c48   0x08006c48   0x00000036   Code   RO         1174    .text.TIM_CCxChannelCmd  stm32h7xx_hal_tim.o
    0x08006c7e   0x08006c7e   0x00000002   PAD
    0x08006c80   0x08006c80   0x00000036   Code   RO         1407    .text.TIM_CCxNChannelCmd  stm32h7xx_hal_tim_ex.o
    0x08006cb6   0x08006cb6   0x00000002   PAD
    0x08006cb8   0x08006cb8   0x00000034   Code   RO         1330    .text.TIM_ETR_SetConfig  stm32h7xx_hal_tim.o
    0x08006cec   0x08006cec   0x00000004   PAD
    0x08006cf0   0x08006cf0   0x00000030   Code   RO         1336    .text.TIM_ITRx_SetConfig  stm32h7xx_hal_tim.o
    0x08006d20   0x08006d20   0x00000150   Code   RO         1284    .text.TIM_OC1_SetConfig  stm32h7xx_hal_tim.o
    0x08006e70   0x08006e70   0x0000016c   Code   RO         1286    .text.TIM_OC2_SetConfig  stm32h7xx_hal_tim.o
    0x08006fdc   0x08006fdc   0x00000004   PAD
    0x08006fe0   0x08006fe0   0x0000016a   Code   RO         1288    .text.TIM_OC3_SetConfig  stm32h7xx_hal_tim.o
    0x0800714a   0x0800714a   0x00000006   PAD
    0x08007150   0x08007150   0x000000da   Code   RO         1290    .text.TIM_OC4_SetConfig  stm32h7xx_hal_tim.o
    0x0800722a   0x0800722a   0x00000006   PAD
    0x08007230   0x08007230   0x000000d0   Code   RO         1292    .text.TIM_OC5_SetConfig  stm32h7xx_hal_tim.o
    0x08007300   0x08007300   0x000000d2   Code   RO         1294    .text.TIM_OC6_SetConfig  stm32h7xx_hal_tim.o
    0x080073d2   0x080073d2   0x00000006   PAD
    0x080073d8   0x080073d8   0x00000050   Code   RO         1334    .text.TIM_TI1_ConfigInputStage  stm32h7xx_hal_tim.o
    0x08007428   0x08007428   0x00000052   Code   RO         1338    .text.TIM_TI2_ConfigInputStage  stm32h7xx_hal_tim.o
    0x0800747a   0x0800747a   0x00000006   PAD
    0x08007480   0x08007480   0x00000086   Code   RO         1656    .text.UARTEx_SetNbDataToProcess  stm32h7xx_hal_uart_ex.o
    0x08007506   0x08007506   0x00000002   PAD
    0x08007508   0x08007508   0x00000148   Code   RO         1492    .text.UART_AdvFeatureConfig  stm32h7xx_hal_uart.o
    0x08007650   0x08007650   0x00000146   Code   RO         1496    .text.UART_CheckIdleState  stm32h7xx_hal_uart.o
    0x08007796   0x08007796   0x00000002   PAD
    0x08007798   0x08007798   0x0000009e   Code   RO         1548    .text.UART_EndRxTransfer  stm32h7xx_hal_uart.o
    0x08007836   0x08007836   0x00000002   PAD
    0x08007838   0x08007838   0x00000a4e   Code   RO         1494    .text.UART_SetConfig  stm32h7xx_hal_uart.o
    0x08008286   0x08008286   0x00000002   PAD
    0x08008288   0x08008288   0x0000010c   Code   RO         1510    .text.UART_WaitOnFlagUntilTimeout  stm32h7xx_hal_uart.o
    0x08008394   0x08008394   0x00000004   PAD
    0x08008398   0x08008398   0x00000004   Code   RO           88    .text.UsageFault_Handler  stm32h7xx_it.o
    0x0800839c   0x0800839c   0x00000004   PAD
    0x080083a0   0x080083a0   0x00000030   Code   RO          129    .text.__NVIC_EnableIRQ  stm32h7xx_hal_cortex.o
    0x080083d0   0x080083d0   0x00000010   Code   RO          121    .text.__NVIC_GetPriorityGrouping  stm32h7xx_hal_cortex.o
    0x080083e0   0x080083e0   0x00000042   Code   RO          123    .text.__NVIC_SetPriority  stm32h7xx_hal_cortex.o
    0x08008422   0x08008422   0x00000006   PAD
    0x08008428   0x08008428   0x0000003c   Code   RO          117    .text.__NVIC_SetPriorityGrouping  stm32h7xx_hal_cortex.o
    0x08008464   0x08008464   0x00000004   PAD
    0x08008468   0x08008468   0x000000dc   Code   RO         1720    .text.dq_2_abc      tf.o
    0x08008544   0x08008544   0x00000004   PAD
    0x08008548   0x08008548   0x000000d4   Code   RO         1697    .text.e_svpwm       svpwm.o
    0x0800861c   0x0800861c   0x00000004   PAD
    0x08008620   0x08008620   0x00000022   Code   RO         1731    .text.fputc         usermain.o
    0x08008642   0x08008642   0x00000006   PAD
    0x08008648   0x08008648   0x0000007e   Code   RO         1701    .text.get_max       svpwm.o
    0x080086c6   0x080086c6   0x00000002   PAD
    0x080086c8   0x080086c8   0x00000068   Code   RO         1699    .text.get_middle    svpwm.o
    0x08008730   0x08008730   0x0000007e   Code   RO         1703    .text.get_min       svpwm.o
    0x080087ae   0x080087ae   0x00000002   PAD
    0x080087b0   0x080087b0   0x00000078   Code   RO         1735    .text.init          usermain.o
    0x08008828   0x08008828   0x0000002c   Code   RO           11    .text.main          main.o
    0x08008854   0x08008854   0x00000004   PAD
    0x08008858   0x08008858   0x00000028   Code   RO         1733    .text.usermain      usermain.o
    0x08008880   0x08008880   0x00000020   Code   RO         1825    i.__0printf         mc_w.l(printfa.o)
    0x080088a0   0x080088a0   0x00000026   Code   RO         1852    i.__ARM_fpclassifyf  m_wv.l(fpclassifyf.o)
    0x080088c6   0x080088c6   0x00000002   PAD
    0x080088c8   0x080088c8   0x00000150   Code   RO         1799    i.__hardfp_cosf     m_wv.l(cosf.o)
    0x08008a18   0x08008a18   0x00000190   Code   RO         1805    i.__hardfp_sinf     m_wv.l(sinf.o)
    0x08008ba8   0x08008ba8   0x00000006   Code   RO         1855    i.__mathlib_flt_infnan  m_wv.l(funder.o)
    0x08008bae   0x08008bae   0x00000002   PAD
    0x08008bb0   0x08008bb0   0x00000010   Code   RO         1857    i.__mathlib_flt_invalid  m_wv.l(funder.o)
    0x08008bc0   0x08008bc0   0x00000010   Code   RO         1860    i.__mathlib_flt_underflow  m_wv.l(funder.o)
    0x08008bd0   0x08008bd0   0x00000154   Code   RO         1868    i.__mathlib_rredf2  m_wv.l(rredf.o)
    0x08008d24   0x08008d24   0x0000000e   Code   RO         1927    i.__scatterload_copy  mc_w.l(handlers.o)
    0x08008d32   0x08008d32   0x00000002   Code   RO         1928    i.__scatterload_null  mc_w.l(handlers.o)
    0x08008d34   0x08008d34   0x0000000e   Code   RO         1929    i.__scatterload_zeroinit  mc_w.l(handlers.o)
    0x08008d42   0x08008d42   0x00000002   PAD
    0x08008d44   0x08008d44   0x0000000c   Code   RO         1903    i.__set_errno       mc_w.l(errno.o)
    0x08008d50   0x08008d50   0x00000184   Code   RO         1832    i._fp_digits        mc_w.l(printfa.o)
    0x08008ed4   0x08008ed4   0x000006dc   Code   RO         1833    i._printf_core      mc_w.l(printfa.o)
    0x080095b0   0x080095b0   0x00000024   Code   RO         1834    i._printf_post_padding  mc_w.l(printfa.o)
    0x080095d4   0x080095d4   0x0000002e   Code   RO         1835    i._printf_pre_padding  mc_w.l(printfa.o)
    0x08009602   0x08009602   0x00000002   PAD
    0x08009604   0x08009604   0x00000020   Data   RO         1869    .constdata          m_wv.l(rredf.o)
    0x08009624   0x08009624   0x00000010   Data   RO         1689    .rodata.D1CorePrescTable  system_stm32h7xx.o
    0x08009634   0x08009634   0x00000008   Data   RO         1673    .rodata.UARTEx_SetNbDataToProcess.denominator  stm32h7xx_hal_uart_ex.o
    0x0800963c   0x0800963c   0x00000008   Data   RO         1672    .rodata.UARTEx_SetNbDataToProcess.numerator  stm32h7xx_hal_uart_ex.o
    0x08009644   0x08009644   0x00000018   Data   RO         1628    .rodata.UARTPrescTable  stm32h7xx_hal_uart.o
    0x0800965c   0x0800965c   0x0000000c   Data   RO         1739    .rodata.str1.1      usermain.o
    0x08009668   0x08009668   0x00000030   Data   RO         1926    Region$$Table       anon$$obj.o


    Execution Region RW_IRAM1 (Exec base: 0x20000000, Load base: 0x08009698, Size: 0x00000400, Max: 0x00020000, ABSOLUTE)

    Exec Addr    Load Addr    Size         Type   Attr      Idx    E Section Name        Object

    0x20000000        -       0x00000400   Zero   RW            1    STACK               startup_stm32h723xx.o


    Execution Region RW_IRAM2 (Exec base: 0x24000000, Load base: 0x08009698, Size: 0x000001d8, Max: 0x00020000, ABSOLUTE)

    Exec Addr    Load Addr    Size         Type   Attr      Idx    E Section Name        Object

    0x24000000   0x08009698   0x00000004   Data   RW         1885    .data               mc_w.l(stdout.o)
    0x24000004   0x0800969c   0x00000004   Data   RW         1904    .data               mc_w.l(errno.o)
    0x24000008   0x080096a0   0x00000004   Data   RW         1687    .data.SystemCoreClock  system_stm32h7xx.o
    0x2400000c   0x080096a4   0x00000004   Data   RW         1688    .data.SystemD2Clock  system_stm32h7xx.o
    0x24000010   0x080096a8   0x00000001   Data   RW          794    .data.uwTickFreq    stm32h7xx_hal.o
    0x24000011   0x080096a9   0x00000003   PAD
    0x24000014   0x080096ac   0x00000004   Data   RW          793    .data.uwTickPrio    stm32h7xx_hal.o
    0x24000018        -       0x0000001c   Zero   RW         1792    .bss.AD2S           ad2s1210.o
    0x24000034        -       0x0000000c   Zero   RW         1740    .bss.cnt            usermain.o
    0x24000040        -       0x0000000c   Zero   RW         1744    .bss.duty_abc       usermain.o
    0x2400004c        -       0x00000088   Zero   RW           42    .bss.hspi1          spi.o
    0x240000d4        -       0x0000004c   Zero   RW           58    .bss.htim8          tim.o
    0x24000120        -       0x00000094   Zero   RW           72    .bss.huart1         usart.o
    0x240001b4        -       0x00000004   Zero   RW         1746    .bss.i              usermain.o
    0x240001b8        -       0x00000004   Zero   RW         1745    .bss.speed          usermain.o
    0x240001bc        -       0x00000004   Zero   RW         1743    .bss.theta          usermain.o
    0x240001c0        -       0x0000000c   Zero   RW         1741    .bss.u_abc          usermain.o
    0x240001cc        -       0x00000008   Zero   RW         1742    .bss.u_dq           usermain.o
    0x240001d4        -       0x00000004   Zero   RW          795    .bss.uwTick         stm32h7xx_hal.o


==============================================================================

Image component sizes


      Code (inc. data)   RO Data    RW Data    ZI Data      Debug   Object Name

       818          0          0          0         28       4373   ad2s1210.o
       386          0          0          0          0       2997   gpio.o
       348          0          0          0          0       2797   main.o
       280          0          0          0        136       8032   spi.o
        44         12        716          0       1024        816   startup_stm32h723xx.o
       360          0          0          5          4      14568   stm32h7xx_hal.o
       688          0          0          0          0      11437   stm32h7xx_hal_cortex.o
       982          0          0          0          0       6976   stm32h7xx_hal_gpio.o
        36          0          0          0          0       2201   stm32h7xx_hal_msp.o
       162          0          0          0          0       9269   stm32h7xx_hal_pwr_ex.o
      4714         66          0          0          0      11365   stm32h7xx_hal_rcc.o
      6398         96          0          0          0      18654   stm32h7xx_hal_rcc_ex.o
      3310          0          0          0          0      20694   stm32h7xx_hal_spi.o
      5300         22          0          0          0      37352   stm32h7xx_hal_tim.o
      1212          0          0          0          0      18016   stm32h7xx_hal_tim_ex.o
      4200        342         24          0          0      29276   stm32h7xx_hal_uart.o
       538          0         16          0          0       8823   stm32h7xx_hal_uart_ex.o
        50          0          0          0          0       1092   stm32h7xx_it.o
       568          0          0          0          0       1533   svpwm.o
       398          0         16          8          0       5539   system_stm32h7xx.o
       220          4          0          0          0       1915   tf.o
       700          0          0          0         76      10987   tim.o
       310          0          0          0        148       7952   usart.o
       466          8         12          0         56       5272   usermain.o

    ----------------------------------------------------------------------
     32828        562        832         16       1472     241936   Object Totals
         0          0         48          0          0          0   (incl. Generated)
       340         12          0          3          0          0   (incl. Padding)

    ----------------------------------------------------------------------

      Code (inc. data)   RO Data    RW Data    ZI Data      Debug   Library Member Name

       336         56          0          0          0        136   cosf.o
        38          0          0          0          0        116   fpclassifyf.o
        38         12          0          0          0        348   funder.o
       340         24         32          0          0        160   rredf.o
       400         56          0          0          0        212   sinf.o
         0          0          0          0          0          0   entry.o
         0          0          0          0          0          0   entry10a.o
         0          0          0          0          0          0   entry11a.o
         8          4          0          0          0          0   entry2.o
         4          0          0          0          0          0   entry5.o
         0          0          0          0          0          0   entry7b.o
         0          0          0          0          0          0   entry8b.o
         8          4          0          0          0          0   entry9a.o
        12          6          0          4          0         68   errno.o
        30          0          0          0          0          0   handlers.o
        36          8          0          0          0         68   init.o
         0          0          0          0          0          0   iusefp.o
        30          0          0          0          0         68   llshl.o
        36          0          0          0          0         68   llsshr.o
        32          0          0          0          0         68   llushr.o
        36          0          0          0          0        108   memseta.o
      2258         90          0          0          0        452   printfa.o
         0          0          0          4          0          0   stdout.o
        44          0          0          0          0         80   uidiv.o
        98          0          0          0          0         92   uldiv.o
        48          0          0          0          0         68   cdrcmple.o
       334          0          0          0          0        148   dadd.o
       222          0          0          0          0        100   ddiv.o
       186          0          0          0          0        176   depilogue.o
        48          0          0          0          0         68   dfixul.o
       228          0          0          0          0         96   dmul.o

    ----------------------------------------------------------------------
      4860        260         32          8          0       2700   Library Totals
        10          0          0          0          0          0   (incl. Padding)

    ----------------------------------------------------------------------

      Code (inc. data)   RO Data    RW Data    ZI Data      Debug   Library Name

      1152        148         32          0          0        972   m_wv.l
      2632        112          0          8          0       1072   mc_w.l
      1066          0          0          0          0        656   mf_w.l

    ----------------------------------------------------------------------
      4860        260         32          8          0       2700   Library Totals

    ----------------------------------------------------------------------

==============================================================================


      Code (inc. data)   RO Data    RW Data    ZI Data      Debug   

     37688        822        864         24       1472     242968   Grand Totals
     37688        822        864         24       1472     242968   ELF Image Totals
     37688        822        864         24          0          0   ROM Totals

==============================================================================

    Total RO  Size (Code + RO Data)                38552 (  37.65kB)
    Total RW  Size (RW Data + ZI Data)              1496 (   1.46kB)
    Total ROM Size (Code + RO Data + RW Data)      38576 (  37.67kB)

==============================================================================

