Component: ARM Compiler 6.16 Tool: armlink [5dfeaa00]

==============================================================================

Section Cross References

    startup_stm32h723xx.o(RESET) refers to startup_stm32h723xx.o(STACK) for __initial_sp
    startup_stm32h723xx.o(RESET) refers to startup_stm32h723xx.o(.text) for Reset_Handler
    startup_stm32h723xx.o(RESET) refers to stm32h7xx_it.o(.text.NMI_Handler) for NMI_Handler
    startup_stm32h723xx.o(RESET) refers to stm32h7xx_it.o(.text.HardFault_Handler) for HardFault_Handler
    startup_stm32h723xx.o(RESET) refers to stm32h7xx_it.o(.text.MemManage_Handler) for MemManage_Handler
    startup_stm32h723xx.o(RESET) refers to stm32h7xx_it.o(.text.BusFault_Handler) for BusFault_Handler
    startup_stm32h723xx.o(RESET) refers to stm32h7xx_it.o(.text.UsageFault_Handler) for UsageFault_Handler
    startup_stm32h723xx.o(RESET) refers to stm32h7xx_it.o(.text.SVC_Handler) for SVC_Handler
    startup_stm32h723xx.o(RESET) refers to stm32h7xx_it.o(.text.DebugMon_Handler) for DebugMon_Handler
    startup_stm32h723xx.o(RESET) refers to stm32h7xx_it.o(.text.PendSV_Handler) for PendSV_Handler
    startup_stm32h723xx.o(RESET) refers to stm32h7xx_it.o(.text.SysTick_Handler) for SysTick_Handler
    startup_stm32h723xx.o(RESET) refers to stm32h7xx_it.o(.text.ADC_IRQHandler) for ADC_IRQHandler
    startup_stm32h723xx.o(RESET) refers to stm32h7xx_it.o(.text.TIM8_UP_TIM13_IRQHandler) for TIM8_UP_TIM13_IRQHandler
    startup_stm32h723xx.o(.text) refers to system_stm32h7xx.o(.text.ExitRun0Mode) for ExitRun0Mode
    startup_stm32h723xx.o(.text) refers to system_stm32h7xx.o(.text.SystemInit) for SystemInit
    startup_stm32h723xx.o(.text) refers to entry.o(.ARM.Collect$$$$00000000) for __main
    main.o(.text.main) refers to main.o(.text.MPU_Config) for MPU_Config
    main.o(.text.main) refers to stm32h7xx_hal.o(.text.HAL_Init) for HAL_Init
    main.o(.text.main) refers to main.o(.text.SystemClock_Config) for SystemClock_Config
    main.o(.text.main) refers to gpio.o(.text.MX_GPIO_Init) for MX_GPIO_Init
    main.o(.text.main) refers to tim.o(.text.MX_TIM8_Init) for MX_TIM8_Init
    main.o(.text.main) refers to usart.o(.text.MX_USART1_UART_Init) for MX_USART1_UART_Init
    main.o(.text.main) refers to spi.o(.text.MX_SPI1_Init) for MX_SPI1_Init
    main.o(.text.main) refers to adc.o(.text.MX_ADC1_Init) for MX_ADC1_Init
    main.o(.text.main) refers to usermain.o(.text.usermain) for usermain
    main.o(.ARM.exidx.text.main) refers to main.o(.text.main) for [Anonymous Symbol]
    main.o(.text.MPU_Config) refers to stm32h7xx_hal_cortex.o(.text.HAL_MPU_Disable) for HAL_MPU_Disable
    main.o(.text.MPU_Config) refers to stm32h7xx_hal_cortex.o(.text.HAL_MPU_ConfigRegion) for HAL_MPU_ConfigRegion
    main.o(.text.MPU_Config) refers to stm32h7xx_hal_cortex.o(.text.HAL_MPU_Enable) for HAL_MPU_Enable
    main.o(.ARM.exidx.text.MPU_Config) refers to main.o(.text.MPU_Config) for [Anonymous Symbol]
    main.o(.text.SystemClock_Config) refers to memseta.o(.text) for __aeabi_memclr4
    main.o(.text.SystemClock_Config) refers to stm32h7xx_hal_pwr_ex.o(.text.HAL_PWREx_ConfigSupply) for HAL_PWREx_ConfigSupply
    main.o(.text.SystemClock_Config) refers to stm32h7xx_hal_rcc.o(.text.HAL_RCC_OscConfig) for HAL_RCC_OscConfig
    main.o(.text.SystemClock_Config) refers to main.o(.text.Error_Handler) for Error_Handler
    main.o(.text.SystemClock_Config) refers to stm32h7xx_hal_rcc.o(.text.HAL_RCC_ClockConfig) for HAL_RCC_ClockConfig
    main.o(.ARM.exidx.text.SystemClock_Config) refers to main.o(.text.SystemClock_Config) for [Anonymous Symbol]
    main.o(.ARM.exidx.text.Error_Handler) refers to main.o(.text.Error_Handler) for [Anonymous Symbol]
    gpio.o(.text.MX_GPIO_Init) refers to stm32h7xx_hal_gpio.o(.text.HAL_GPIO_WritePin) for HAL_GPIO_WritePin
    gpio.o(.text.MX_GPIO_Init) refers to stm32h7xx_hal_gpio.o(.text.HAL_GPIO_Init) for HAL_GPIO_Init
    gpio.o(.ARM.exidx.text.MX_GPIO_Init) refers to gpio.o(.text.MX_GPIO_Init) for [Anonymous Symbol]
    adc.o(.text.MX_ADC1_Init) refers to memseta.o(.text) for __aeabi_memclr4
    adc.o(.text.MX_ADC1_Init) refers to adc.o(.bss.hadc1) for hadc1
    adc.o(.text.MX_ADC1_Init) refers to stm32h7xx_hal_adc.o(.text.HAL_ADC_Init) for HAL_ADC_Init
    adc.o(.text.MX_ADC1_Init) refers to main.o(.text.Error_Handler) for Error_Handler
    adc.o(.text.MX_ADC1_Init) refers to stm32h7xx_hal_adc_ex.o(.text.HAL_ADCEx_MultiModeConfigChannel) for HAL_ADCEx_MultiModeConfigChannel
    adc.o(.text.MX_ADC1_Init) refers to stm32h7xx_hal_adc_ex.o(.text.HAL_ADCEx_DisableInjectedQueue) for HAL_ADCEx_DisableInjectedQueue
    adc.o(.text.MX_ADC1_Init) refers to stm32h7xx_hal_adc_ex.o(.text.HAL_ADCEx_InjectedConfigChannel) for HAL_ADCEx_InjectedConfigChannel
    adc.o(.ARM.exidx.text.MX_ADC1_Init) refers to adc.o(.text.MX_ADC1_Init) for [Anonymous Symbol]
    adc.o(.text.HAL_ADC_MspInit) refers to memseta.o(.text) for __aeabi_memclr8
[...]
    [Anonymous Symbol]                       0x0800a690   Section        0  ad2s1210.o(.text.SPI_WriteByte)
    [Anonymous Symbol]                       0x0800a6b8   Section        0  stm32h7xx_it.o(.text.SVC_Handler)
    SysTick_Config                           0x0800a6c1   Thumb Code    82  stm32h7xx_hal_cortex.o(.text.SysTick_Config)
    [Anonymous Symbol]                       0x0800a6c0   Section        0  stm32h7xx_hal_cortex.o(.text.SysTick_Config)
    [Anonymous Symbol]                       0x0800a718   Section        0  stm32h7xx_it.o(.text.SysTick_Handler)
    [Anonymous Symbol]                       0x0800a720   Section        0  main.o(.text.SystemClock_Config)
    [Anonymous Symbol]                       0x0800a7f0   Section        0  system_stm32h7xx.o(.text.SystemInit)
    [Anonymous Symbol]                       0x0800a958   Section        0  stm32h7xx_it.o(.text.TIM8_UP_TIM13_IRQHandler)
    [Anonymous Symbol]                       0x0800a968   Section        0  stm32h7xx_hal_tim.o(.text.TIM_Base_SetConfig)
    [Anonymous Symbol]                       0x0800ab30   Section        0  stm32h7xx_hal_tim.o(.text.TIM_CCxChannelCmd)
    TIM_CCxNChannelCmd                       0x0800ab69   Thumb Code    54  stm32h7xx_hal_tim_ex.o(.text.TIM_CCxNChannelCmd)
    [Anonymous Symbol]                       0x0800ab68   Section        0  stm32h7xx_hal_tim_ex.o(.text.TIM_CCxNChannelCmd)
    [Anonymous Symbol]                       0x0800aba0   Section        0  stm32h7xx_hal_tim.o(.text.TIM_ETR_SetConfig)
    TIM_ITRx_SetConfig                       0x0800abd9   Thumb Code    48  stm32h7xx_hal_tim.o(.text.TIM_ITRx_SetConfig)
    [Anonymous Symbol]                       0x0800abd8   Section        0  stm32h7xx_hal_tim.o(.text.TIM_ITRx_SetConfig)
    TIM_OC1_SetConfig                        0x0800ac09   Thumb Code   336  stm32h7xx_hal_tim.o(.text.TIM_OC1_SetConfig)
    [Anonymous Symbol]                       0x0800ac08   Section        0  stm32h7xx_hal_tim.o(.text.TIM_OC1_SetConfig)
    [Anonymous Symbol]                       0x0800ad58   Section        0  stm32h7xx_hal_tim.o(.text.TIM_OC2_SetConfig)
    TIM_OC3_SetConfig                        0x0800aec9   Thumb Code   362  stm32h7xx_hal_tim.o(.text.TIM_OC3_SetConfig)
    [Anonymous Symbol]                       0x0800aec8   Section        0  stm32h7xx_hal_tim.o(.text.TIM_OC3_SetConfig)
    TIM_OC4_SetConfig                        0x0800b039   Thumb Code   218  stm32h7xx_hal_tim.o(.text.TIM_OC4_SetConfig)
    [Anonymous Symbol]                       0x0800b038   Section        0  stm32h7xx_hal_tim.o(.text.TIM_OC4_SetConfig)
    TIM_OC5_SetConfig                        0x0800b119   Thumb Code   208  stm32h7xx_hal_tim.o(.text.TIM_OC5_SetConfig)
    [Anonymous Symbol]                       0x0800b118   Section        0  stm32h7xx_hal_tim.o(.text.TIM_OC5_SetConfig)
    TIM_OC6_SetConfig                        0x0800b1e9   Thumb Code   210  stm32h7xx_hal_tim.o(.text.TIM_OC6_SetConfig)
    [Anonymous Symbol]                       0x0800b1e8   Section        0  stm32h7xx_hal_tim.o(.text.TIM_OC6_SetConfig)
    TIM_TI1_ConfigInputStage                 0x0800b2c1   Thumb Code    80  stm32h7xx_hal_tim.o(.text.TIM_TI1_ConfigInputStage)
    [Anonymous Symbol]                       0x0800b2c0   Section        0  stm32h7xx_hal_tim.o(.text.TIM_TI1_ConfigInputStage)
    TIM_TI2_ConfigInputStage                 0x0800b311   Thumb Code    82  stm32h7xx_hal_tim.o(.text.TIM_TI2_ConfigInputStage)
    [Anonymous Symbol]                       0x0800b310   Section        0  stm32h7xx_hal_tim.o(.text.TIM_TI2_ConfigInputStage)
    UARTEx_SetNbDataToProcess                0x0800b369   Thumb Code   134  stm32h7xx_hal_uart_ex.o(.text.UARTEx_SetNbDataToProcess)
    [Anonymous Symbol]                       0x0800b368   Section        0  stm32h7xx_hal_uart_ex.o(.text.UARTEx_SetNbDataToProcess)
    [Anonymous Symbol]                       0x0800b3f0   Section        0  stm32h7xx_hal_uart.o(.text.UART_AdvFeatureConfig)
    [Anonymous Symbol]                       0x0800b538   Section        0  stm32h7xx_hal_uart.o(.text.UART_CheckIdleState)
    UART_EndRxTransfer                       0x0800b681   Thumb Code   158  stm32h7xx_hal_uart.o(.text.UART_EndRxTransfer)
    [Anonymous Symbol]                       0x0800b680   Section        0  stm32h7xx_hal_uart.o(.text.UART_EndRxTransfer)
    [Anonymous Symbol]                       0x0800b720   Section        0  stm32h7xx_hal_uart.o(.text.UART_SetConfig)
    [Anonymous Symbol]                       0x0800c170   Section        0  stm32h7xx_hal_uart.o(.text.UART_WaitOnFlagUntilTimeout)
    [Anonymous Symbol]                       0x0800c280   Section        0  stm32h7xx_it.o(.text.UsageFault_Handler)
    __NVIC_EnableIRQ                         0x0800c289   Thumb Code    48  stm32h7xx_hal_cortex.o(.text.__NVIC_EnableIRQ)
    [Anonymous Symbol]                       0x0800c288   Section        0  stm32h7xx_hal_cortex.o(.text.__NVIC_EnableIRQ)
    __NVIC_GetPriorityGrouping               0x0800c2b9   Thumb Code    16  stm32h7xx_hal_cortex.o(.text.__NVIC_GetPriorityGrouping)
    [Anonymous Symbol]                       0x0800c2b8   Section        0  stm32h7xx_hal_cortex.o(.text.__NVIC_GetPriorityGrouping)
    __NVIC_SetPriority                       0x0800c2c9   Thumb Code    66  stm32h7xx_hal_cortex.o(.text.__NVIC_SetPriority)
    [Anonymous Symbol]                       0x0800c2c8   Section        0  stm32h7xx_hal_cortex.o(.text.__NVIC_SetPriority)
    __NVIC_SetPriorityGrouping               0x0800c311   Thumb Code    60  stm32h7xx_hal_cortex.o(.text.__NVIC_SetPriorityGrouping)
    [Anonymous Symbol]                       0x0800c310   Section        0  stm32h7xx_hal_cortex.o(.text.__NVIC_SetPriorityGrouping)
    [Anonymous Symbol]                       0x0800c350   Section        0  coordinate_transform.o(.text.abc_2_dq)
    [Anonymous Symbol]                       0x0800c450   Section        0  curr_sample.o(.text.adc_2_curr)
    [Anonymous Symbol]                       0x0800c4d0   Section        0  coordinate_transform.o(.text.dq_2_abc)
    [Anonymous Symbol]                       0x0800c5b0   Section        0  svpwm.o(.text.e_svpwm)
    [Anonymous Symbol]                       0x0800c688   Section        0  usermain.o(.text.fputc)
    get_max                                  0x0800c6b1   Thumb Code   126  svpwm.o(.text.get_max)
    [Anonymous Symbol]                       0x0800c6b0   Section        0  svpwm.o(.text.get_max)
    get_middle                               0x0800c731   Thumb Code   104  svpwm.o(.text.get_middle)
    [Anonymous Symbol]                       0x0800c730   Section        0  svpwm.o(.text.get_middle)
    get_min                                  0x0800c799   Thumb Code   126  svpwm.o(.text.get_min)
    [Anonymous Symbol]                       0x0800c798   Section        0  svpwm.o(.text.get_min)
    init                                     0x0800c819   Thumb Code   336  usermain.o(.text.init)
    [Anonymous Symbol]                       0x0800c818   Section        0  usermain.o(.text.init)
    [Anonymous Symbol]                       0x0800c968   Section        0  main.o(.text.main)
    [Anonymous Symbol]                       0x0800c998   Section        0  my_math.o(.text.normalize)
    [Anonymous Symbol]                       0x0800ca28   Section        0  usermain.o(.text.usermain)
    i.__0printf                              0x0800ca6c   Section        0  printfa.o(i.__0printf)
    i.__ARM_fpclassifyf                      0x0800ca8c   Section        0  fpclassifyf.o(i.__ARM_fpclassifyf)
    i.__hardfp_cosf                          0x0800cab4   Section        0  cosf.o(i.__hardfp_cosf)
    i.__hardfp_sinf                          0x0800cc04   Section        0  sinf.o(i.__hardfp_sinf)
    i.__mathlib_flt_infnan                   0x0800cd94   Section        0  funder.o(i.__mathlib_flt_infnan)
    i.__mathlib_flt_invalid                  0x0800cd9c   Section        0  funder.o(i.__mathlib_flt_invalid)
    i.__mathlib_flt_underflow                0x0800cdac   Section        0  funder.o(i.__mathlib_flt_underflow)
    i.__mathlib_rredf2                       0x0800cdbc   Section        0  rredf.o(i.__mathlib_rredf2)
    i.__scatterload_copy                     0x0800cf10   Section       14  handlers.o(i.__scatterload_copy)
    i.__scatterload_null                     0x0800cf1e   Section        2  handlers.o(i.__scatterload_null)
    i.__scatterload_zeroinit                 0x0800cf20   Section       14  handlers.o(i.__scatterload_zeroinit)
    i.__set_errno                            0x0800cf30   Section        0  errno.o(i.__set_errno)
    _fp_digits                               0x0800cf3d   Thumb Code   366  printfa.o(i._fp_digits)
    i._fp_digits                             0x0800cf3c   Section        0  printfa.o(i._fp_digits)
    _printf_core                             0x0800d0c1   Thumb Code  1744  printfa.o(i._printf_core)
    i._printf_core                           0x0800d0c0   Section        0  printfa.o(i._printf_core)
    _printf_post_padding                     0x0800d79d   Thumb Code    36  printfa.o(i._printf_post_padding)
    i._printf_post_padding                   0x0800d79c   Section        0  printfa.o(i._printf_post_padding)
    _printf_pre_padding                      0x0800d7c1   Thumb Code    46  printfa.o(i._printf_pre_padding)
    i._printf_pre_padding                    0x0800d7c0   Section        0  printfa.o(i._printf_pre_padding)
    twooverpi                                0x0800d7f0   Data          32  rredf.o(.constdata)
    .constdata                               0x0800d7f0   Section       32  rredf.o(.constdata)
    UARTEx_SetNbDataToProcess.denominator    0x0800d820   Data           8  stm32h7xx_hal_uart_ex.o(.rodata.UARTEx_SetNbDataToProcess.denominator)
    [Anonymous Symbol]                       0x0800d820   Section        0  stm32h7xx_hal_uart_ex.o(.rodata.UARTEx_SetNbDataToProcess.denominator)
    UARTEx_SetNbDataToProcess.numerator      0x0800d828   Data           8  stm32h7xx_hal_uart_ex.o(.rodata.UARTEx_SetNbDataToProcess.numerator)
    [Anonymous Symbol]                       0x0800d828   Section        0  stm32h7xx_hal_uart_ex.o(.rodata.UARTEx_SetNbDataToProcess.numerator)
    .L.str                                   0x0800d848   Data           9  usermain.o(.rodata.str1.1)
    [Anonymous Symbol]                       0x0800d848   Section        0  usermain.o(.rodata.str1.1)
    STACK                                    0x20000000   Section     1024  startup_stm32h723xx.o(STACK)
    .data                                    0x24000000   Section        4  stdout.o(.data)
    _errno                                   0x24000004   Data           4  errno.o(.data)
    .data                                    0x24000004   Section        4  errno.o(.data)
    HAL_ADCEx_InjectedConvCpltCallback.adc_cnt 0x2400003c   Data           4  usermain.o(.bss.HAL_ADCEx_InjectedConvCpltCallback.adc_cnt)
    [Anonymous Symbol]                       0x2400003c   Section        0  usermain.o(.bss.HAL_ADCEx_InjectedConvCpltCallback.adc_cnt)
    HAL_ADCEx_InjectedConvCpltCallback.adc_u_offset_sum 0x24000040   Data           4  usermain.o(.bss.HAL_ADCEx_InjectedConvCpltCallback.adc_u_offset_sum)
    [Anonymous Symbol]                       0x24000040   Section        0  usermain.o(.bss.HAL_ADCEx_InjectedConvCpltCallback.adc_u_offset_sum)
    HAL_ADCEx_InjectedConvCpltCallback.adc_v_offset_sum 0x24000044   Data           4  usermain.o(.bss.HAL_ADCEx_InjectedConvCpltCallback.adc_v_offset_sum)
    [Anonymous Symbol]                       0x24000044   Section        0  usermain.o(.bss.HAL_ADCEx_InjectedConvCpltCallback.adc_v_offset_sum)

    Global Symbols

    Symbol Name                              Value     Ov Type        Size  Object(Section)

    BuildAttributes$$THM_ISAv4$E$P$D$K$B$S$7EM$VFPv5_D16$PE$PLD8$A:L22UL41UL21$X:L11$S22US41US21$IEEE1$IW$~IW$USESV6$~STKCKD$USESV7$~SHL$OTIME$ROPI$IEEEX$EBA8$MICROLIB$REQ8$PRES8$EABIv2 0x00000000   Number         0  anon$$obj.o ABSOLUTE
    __cpp_initialize__aeabi_                  - Undefined Weak Reference
    __cxa_finalize                            - Undefined Weak Reference
    __decompress                              - Undefined Weak Reference
    _clock_init                               - Undefined Weak Reference
    _microlib_exit                            - Undefined Weak Reference
    __Vectors_Size                           0x000002cc   Number         0  startup_stm32h723xx.o ABSOLUTE
    __Vectors                                0x08000000   Data           4  startup_stm32h723xx.o(RESET)
    __Vectors_End                            0x080002cc   Data           0  startup_stm32h723xx.o(RESET)
    __main                                   0x080002cd   Thumb Code     0  entry.o(.ARM.Collect$$$$00000000)
    _main_stk                                0x080002cd   Thumb Code     0  entry2.o(.ARM.Collect$$$$00000001)
    _main_scatterload                        0x080002d1   Thumb Code     0  entry5.o(.ARM.Collect$$$$00000004)
    __main_after_scatterload                 0x080002d5   Thumb Code     0  entry5.o(.ARM.Collect$$$$00000004)
    _main_clock                              0x080002d5   Thumb Code     0  entry7b.o(.ARM.Collect$$$$00000008)
    _main_cpp_init                           0x080002d5   Thumb Code     0  entry8b.o(.ARM.Collect$$$$0000000A)
    _main_init                               0x080002d5   Thumb Code     0  entry9a.o(.ARM.Collect$$$$0000000B)
    __rt_final_cpp                           0x080002dd   Thumb Code     0  entry10a.o(.ARM.Collect$$$$0000000D)
    __rt_final_exit                          0x080002dd   Thumb Code     0  entry11a.o(.ARM.Collect$$$$0000000F)
    Reset_Handler                            0x080002e1   Thumb Code    12  startup_stm32h723xx.o(.text)
    ADC3_IRQHandler                          0x080002ff   Thumb Code     0  startup_stm32h723xx.o(.text)
    BDMA_Channel0_IRQHandler                 0x080002ff   Thumb Code     0  startup_stm32h723xx.o(.text)
    BDMA_Channel1_IRQHandler                 0x080002ff   Thumb Code     0  startup_stm32h723xx.o(.text)
    BDMA_Channel2_IRQHandler                 0x080002ff   Thumb Code     0  startup_stm32h723xx.o(.text)
    BDMA_Channel3_IRQHandler                 0x080002ff   Thumb Code     0  startup_stm32h723xx.o(.text)
    BDMA_Channel4_IRQHandler                 0x080002ff   Thumb Code     0  startup_stm32h723xx.o(.text)
    BDMA_Channel5_IRQHandler                 0x080002ff   Thumb Code     0  startup_stm32h723xx.o(.text)
    BDMA_Channel6_IRQHandler                 0x080002ff   Thumb Code     0  startup_stm32h723xx.o(.text)
    BDMA_Channel7_IRQHandler                 0x080002ff   Thumb Code     0  startup_stm32h723xx.o(.text)
    CEC_IRQHandler                           0x080002ff   Thumb Code     0  startup_stm32h723xx.o(.text)
    COMP1_IRQHandler                         0x080002ff   Thumb Code     0  startup_stm32h723xx.o(.text)
    CORDIC_IRQHandler                        0x080002ff   Thumb Code     0  startup_stm32h723xx.o(.text)
    CRS_IRQHandler                           0x080002ff   Thumb Code     0  startup_stm32h723xx.o(.text)
    DCMI_PSSI_IRQHandler                     0x080002ff   Thumb Code     0  startup_stm32h723xx.o(.text)
    DFSDM1_FLT0_IRQHandler                   0x080002ff   Thumb Code     0  startup_stm32h723xx.o(.text)
    DFSDM1_FLT1_IRQHandler                   0x080002ff   Thumb Code     0  startup_stm32h723xx.o(.text)
    DFSDM1_FLT2_IRQHandler                   0x080002ff   Thumb Code     0  startup_stm32h723xx.o(.text)
    DFSDM1_FLT3_IRQHandler                   0x080002ff   Thumb Code     0  startup_stm32h723xx.o(.text)
    DMA1_Stream0_IRQHandler                  0x080002ff   Thumb Code     0  startup_stm32h723xx.o(.text)
    DMA1_Stream1_IRQHandler                  0x080002ff   Thumb Code     0  startup_stm32h723xx.o(.text)
    DMA1_Stream2_IRQHandler                  0x080002ff   Thumb Code     0  startup_stm32h723xx.o(.text)
    DMA1_Stream3_IRQHandler                  0x080002ff   Thumb Code     0  startup_stm32h723xx.o(.text)
    DMA1_Stream4_IRQHandler                  0x080002ff   Thumb Code     0  startup_stm32h723xx.o(.text)
    DMA1_Stream5_IRQHandler                  0x080002ff   Thumb Code     0  startup_stm32h723xx.o(.text)
    DMA1_Stream6_IRQHandler                  0x080002ff   Thumb Code     0  startup_stm32h723xx.o(.text)
    DMA1_Stream7_IRQHandler                  0x080002ff   Thumb Code     0  startup_stm32h723xx.o(.text)
    DMA2D_IRQHandler                         0x080002ff   Thumb Code     0  startup_stm32h723xx.o(.text)
    DMA2_Stream0_IRQHandler                  0x080002ff   Thumb Code     0  startup_stm32h723xx.o(.text)
    DMA2_Stream1_IRQHandler                  0x080002ff   Thumb Code     0  startup_stm32h723xx.o(.text)
    DMA2_Stream2_IRQHandler                  0x080002ff   Thumb Code     0  startup_stm32h723xx.o(.text)
    DMA2_Stream3_IRQHandler                  0x080002ff   Thumb Code     0  startup_stm32h723xx.o(.text)
    DMA2_Stream4_IRQHandler                  0x080002ff   Thumb Code     0  startup_stm32h723xx.o(.text)
    DMA2_Stream5_IRQHandler                  0x080002ff   Thumb Code     0  startup_stm32h723xx.o(.text)
    DMA2_Stream6_IRQHandler                  0x080002ff   Thumb Code     0  startup_stm32h723xx.o(.text)
    DMA2_Stream7_IRQHandler                  0x080002ff   Thumb Code     0  startup_stm32h723xx.o(.text)
    DMAMUX1_OVR_IRQHandler                   0x080002ff   Thumb Code     0  startup_stm32h723xx.o(.text)
    DMAMUX2_OVR_IRQHandler                   0x080002ff   Thumb Code     0  startup_stm32h723xx.o(.text)
    DTS_IRQHandler                           0x080002ff   Thumb Code     0  startup_stm32h723xx.o(.text)
    ECC_IRQHandler                           0x080002ff   Thumb Code     0  startup_stm32h723xx.o(.text)
    ETH_IRQHandler                           0x080002ff   Thumb Code     0  startup_stm32h723xx.o(.text)
    ETH_WKUP_IRQHandler                      0x080002ff   Thumb Code     0  startup_stm32h723xx.o(.text)
    EXTI0_IRQHandler                         0x080002ff   Thumb Code     0  startup_stm32h723xx.o(.text)
    EXTI15_10_IRQHandler                     0x080002ff   Thumb Code     0  startup_stm32h723xx.o(.text)
    EXTI1_IRQHandler                         0x080002ff   Thumb Code     0  startup_stm32h723xx.o(.text)
    EXTI2_IRQHandler                         0x080002ff   Thumb Code     0  startup_stm32h723xx.o(.text)
    EXTI3_IRQHandler                         0x080002ff   Thumb Code     0  startup_stm32h723xx.o(.text)
    EXTI4_IRQHandler                         0x080002ff   Thumb Code     0  startup_stm32h723xx.o(.text)
    EXTI9_5_IRQHandler                       0x080002ff   Thumb Code     0  startup_stm32h723xx.o(.text)
    FDCAN1_IT0_IRQHandler                    0x080002ff   Thumb Code     0  startup_stm32h723xx.o(.text)
    FDCAN1_IT1_IRQHandler                    0x080002ff   Thumb Code     0  startup_stm32h723xx.o(.text)
    FDCAN2_IT0_IRQHandler                    0x080002ff   Thumb Code     0  startup_stm32h723xx.o(.text)
    FDCAN2_IT1_IRQHandler                    0x080002ff   Thumb Code     0  startup_stm32h723xx.o(.text)
    FDCAN3_IT0_IRQHandler                    0x080002ff   Thumb Code     0  startup_stm32h723xx.o(.text)
    FDCAN3_IT1_IRQHandler                    0x080002ff   Thumb Code     0  startup_stm32h723xx.o(.text)
    FDCAN_CAL_IRQHandler                     0x080002ff   Thumb Code     0  startup_stm32h723xx.o(.text)
    FLASH_IRQHandler                         0x080002ff   Thumb Code     0  startup_stm32h723xx.o(.text)
    FMAC_IRQHandler                          0x080002ff   Thumb Code     0  startup_stm32h723xx.o(.text)
    FMC_IRQHandler                           0x080002ff   Thumb Code     0  startup_stm32h723xx.o(.text)
    FPU_IRQHandler                           0x080002ff   Thumb Code     0  startup_stm32h723xx.o(.text)
    HSEM1_IRQHandler                         0x080002ff   Thumb Code     0  startup_stm32h723xx.o(.text)
    I2C1_ER_IRQHandler                       0x080002ff   Thumb Code     0  startup_stm32h723xx.o(.text)
    I2C1_EV_IRQHandler                       0x080002ff   Thumb Code     0  startup_stm32h723xx.o(.text)
    I2C2_ER_IRQHandler                       0x080002ff   Thumb Code     0  startup_stm32h723xx.o(.text)
    I2C2_EV_IRQHandler                       0x080002ff   Thumb Code     0  startup_stm32h723xx.o(.text)
    I2C3_ER_IRQHandler                       0x080002ff   Thumb Code     0  startup_stm32h723xx.o(.text)
    I2C3_EV_IRQHandler                       0x080002ff   Thumb Code     0  startup_stm32h723xx.o(.text)
    I2C4_ER_IRQHandler                       0x080002ff   Thumb Code     0  startup_stm32h723xx.o(.text)
    I2C4_EV_IRQHandler                       0x080002ff   Thumb Code     0  startup_stm32h723xx.o(.text)
    I2C5_ER_IRQHandler                       0x080002ff   Thumb Code     0  startup_stm32h723xx.o(.text)
    I2C5_EV_IRQHandler                       0x080002ff   Thumb Code     0  startup_stm32h723xx.o(.text)
    LPTIM1_IRQHandler                        0x080002ff   Thumb Code     0  startup_stm32h723xx.o(.text)
    LPTIM2_IRQHandler                        0x080002ff   Thumb Code     0  startup_stm32h723xx.o(.text)
    LPTIM3_IRQHandler                        0x080002ff   Thumb Code     0  startup_stm32h723xx.o(.text)
    LPTIM4_IRQHandler                        0x080002ff   Thumb Code     0  startup_stm32h723xx.o(.text)
    LPTIM5_IRQHandler                        0x080002ff   Thumb Code     0  startup_stm32h723xx.o(.text)
    LPUART1_IRQHandler                       0x080002ff   Thumb Code     0  startup_stm32h723xx.o(.text)
    LTDC_ER_IRQHandler                       0x080002ff   Thumb Code     0  startup_stm32h723xx.o(.text)
    LTDC_IRQHandler                          0x080002ff   Thumb Code     0  startup_stm32h723xx.o(.text)
    MDIOS_IRQHandler                         0x080002ff   Thumb Code     0  startup_stm32h723xx.o(.text)
    MDIOS_WKUP_IRQHandler                    0x080002ff   Thumb Code     0  startup_stm32h723xx.o(.text)
    MDMA_IRQHandler                          0x080002ff   Thumb Code     0  startup_stm32h723xx.o(.text)
    OCTOSPI1_IRQHandler                      0x080002ff   Thumb Code     0  startup_stm32h723xx.o(.text)
    OCTOSPI2_IRQHandler                      0x080002ff   Thumb Code     0  startup_stm32h723xx.o(.text)
    OTG_HS_EP1_IN_IRQHandler                 0x080002ff   Thumb Code     0  startup_stm32h723xx.o(.text)
    OTG_HS_EP1_OUT_IRQHandler                0x080002ff   Thumb Code     0  startup_stm32h723xx.o(.text)
    OTG_HS_IRQHandler                        0x080002ff   Thumb Code     0  startup_stm32h723xx.o(.text)
    OTG_HS_WKUP_IRQHandler                   0x080002ff   Thumb Code     0  startup_stm32h723xx.o(.text)
    PVD_AVD_IRQHandler                       0x080002ff   Thumb Code     0  startup_stm32h723xx.o(.text)
    RCC_IRQHandler                           0x080002ff   Thumb Code     0  startup_stm32h723xx.o(.text)
    RNG_IRQHandler                           0x080002ff   Thumb Code     0  startup_stm32h723xx.o(.text)
    RTC_Alarm_IRQHandler                     0x080002ff   Thumb Code     0  startup_stm32h723xx.o(.text)
    RTC_WKUP_IRQHandler                      0x080002ff   Thumb Code     0  startup_stm32h723xx.o(.text)
    SAI1_IRQHandler                          0x080002ff   Thumb Code     0  startup_stm32h723xx.o(.text)
    SAI4_IRQHandler                          0x080002ff   Thumb Code     0  startup_stm32h723xx.o(.text)
    SDMMC1_IRQHandler                        0x080002ff   Thumb Code     0  startup_stm32h723xx.o(.text)
    SDMMC2_IRQHandler                        0x080002ff   Thumb Code     0  startup_stm32h723xx.o(.text)
    SPDIF_RX_IRQHandler                      0x080002ff   Thumb Code     0  startup_stm32h723xx.o(.text)
    SPI1_IRQHandler                          0x080002ff   Thumb Code     0  startup_stm32h723xx.o(.text)
    SPI2_IRQHandler                          0x080002ff   Thumb Code     0  startup_stm32h723xx.o(.text)
    SPI3_IRQHandler                          0x080002ff   Thumb Code     0  startup_stm32h723xx.o(.text)
    SPI4_IRQHandler                          0x080002ff   Thumb Code     0  startup_stm32h723xx.o(.text)
    SPI5_IRQHandler                          0x080002ff   Thumb Code     0  startup_stm32h723xx.o(.text)
    SPI6_IRQHandler                          0x080002ff   Thumb Code     0  startup_stm32h723xx.o(.text)
    SWPMI1_IRQHandler                        0x080002ff   Thumb Code     0  startup_stm32h723xx.o(.text)
    TAMP_STAMP_IRQHandler                    0x080002ff   Thumb Code     0  startup_stm32h723xx.o(.text)
    TIM15_IRQHandler                         0x080002ff   Thumb Code     0  startup_stm32h723xx.o(.text)
    TIM16_IRQHandler                         0x080002ff   Thumb Code     0  startup_stm32h723xx.o(.text)
    TIM17_IRQHandler                         0x080002ff   Thumb Code     0  startup_stm32h723xx.o(.text)
    TIM1_BRK_IRQHandler                      0x080002ff   Thumb Code     0  startup_stm32h723xx.o(.text)
    TIM1_CC_IRQHandler                       0x080002ff   Thumb Code     0  startup_stm32h723xx.o(.text)
    TIM1_TRG_COM_IRQHandler                  0x080002ff   Thumb Code     0  startup_stm32h723xx.o(.text)
    TIM1_UP_IRQHandler                       0x080002ff   Thumb Code     0  startup_stm32h723xx.o(.text)
    TIM23_IRQHandler                         0x080002ff   Thumb Code     0  startup_stm32h723xx.o(.text)
    TIM24_IRQHandler                         0x080002ff   Thumb Code     0  startup_stm32h723xx.o(.text)
    TIM2_IRQHandler                          0x080002ff   Thumb Code     0  startup_stm32h723xx.o(.text)
    TIM3_IRQHandler                          0x080002ff   Thumb Code     0  startup_stm32h723xx.o(.text)
    TIM4_IRQHandler                          0x080002ff   Thumb Code     0  startup_stm32h723xx.o(.text)
    TIM5_IRQHandler                          0x080002ff   Thumb Code     0  startup_stm32h723xx.o(.text)
    TIM6_DAC_IRQHandler                      0x080002ff   Thumb Code     0  startup_stm32h723xx.o(.text)
    TIM7_IRQHandler                          0x080002ff   Thumb Code     0  startup_stm32h723xx.o(.text)
    TIM8_BRK_TIM12_IRQHandler                0x080002ff   Thumb Code     0  startup_stm32h723xx.o(.text)
    TIM8_CC_IRQHandler                       0x080002ff   Thumb Code     0  startup_stm32h723xx.o(.text)
    TIM8_TRG_COM_TIM14_IRQHandler            0x080002ff   Thumb Code     0  startup_stm32h723xx.o(.text)
    UART4_IRQHandler                         0x080002ff   Thumb Code     0  startup_stm32h723xx.o(.text)
    UART5_IRQHandler                         0x080002ff   Thumb Code     0  startup_stm32h723xx.o(.text)
    UART7_IRQHandler                         0x080002ff   Thumb Code     0  startup_stm32h723xx.o(.text)
    UART8_IRQHandler                         0x080002ff   Thumb Code     0  startup_stm32h723xx.o(.text)
    UART9_IRQHandler                         0x080002ff   Thumb Code     0  startup_stm32h723xx.o(.text)
    USART10_IRQHandler                       0x080002ff   Thumb Code     0  startup_stm32h723xx.o(.text)
    USART1_IRQHandler                        0x080002ff   Thumb Code     0  startup_stm32h723xx.o(.text)
    USART2_IRQHandler                        0x080002ff   Thumb Code     0  startup_stm32h723xx.o(.text)
    USART3_IRQHandler                        0x080002ff   Thumb Code     0  startup_stm32h723xx.o(.text)
    USART6_IRQHandler                        0x080002ff   Thumb Code     0  startup_stm32h723xx.o(.text)
    WAKEUP_PIN_IRQHandler                    0x080002ff   Thumb Code     0  startup_stm32h723xx.o(.text)
    WWDG_IRQHandler                          0x080002ff   Thumb Code     0  startup_stm32h723xx.o(.text)
    __aeabi_uldivmod                         0x0800030d   Thumb Code    98  uldiv.o(.text)
    __aeabi_memset                           0x0800036f   Thumb Code    14  memseta.o(.text)
    __aeabi_memset4                          0x0800036f   Thumb Code     0  memseta.o(.text)
    __aeabi_memset8                          0x0800036f   Thumb Code     0  memseta.o(.text)
    __aeabi_memclr                           0x0800037d   Thumb Code     4  memseta.o(.text)
    __aeabi_memclr4                          0x0800037d   Thumb Code     0  memseta.o(.text)
    __aeabi_memclr8                          0x0800037d   Thumb Code     0  memseta.o(.text)
    _memset$wrapper                          0x08000381   Thumb Code    18  memseta.o(.text)
    __aeabi_uidiv                            0x08000393   Thumb Code     0  uidiv.o(.text)
    __aeabi_uidivmod                         0x08000393   Thumb Code    44  uidiv.o(.text)
    __aeabi_llsl                             0x080003bf   Thumb Code    30  llshl.o(.text)
    _ll_shift_l                              0x080003bf   Thumb Code     0  llshl.o(.text)
    __aeabi_llsr                             0x080003dd   Thumb Code    32  llushr.o(.text)
    _ll_ushift_r                             0x080003dd   Thumb Code     0  llushr.o(.text)
    __I$use$fp                               0x080003fd   Thumb Code     0  iusefp.o(.text)
    __aeabi_dadd                             0x080003fd   Thumb Code   322  dadd.o(.text)
    __aeabi_dsub                             0x0800053f   Thumb Code     6  dadd.o(.text)
    __aeabi_drsub                            0x08000545   Thumb Code     6  dadd.o(.text)
    __aeabi_dmul                             0x0800054b   Thumb Code   228  dmul.o(.text)
    __aeabi_ddiv                             0x0800062f   Thumb Code   222  ddiv.o(.text)
    __aeabi_d2ulz                            0x0800070d   Thumb Code    48  dfixul.o(.text)
    __aeabi_cdrcmple                         0x0800073d   Thumb Code    48  cdrcmple.o(.text)
    __scatterload                            0x0800076d   Thumb Code    28  init.o(.text)
    __scatterload_rt2                        0x0800076d   Thumb Code     0  init.o(.text)
    __aeabi_lasr                             0x08000791   Thumb Code    36  llsshr.o(.text)
    _ll_sshift_r                             0x08000791   Thumb Code     0  llsshr.o(.text)
    _double_round                            0x080007b5   Thumb Code    30  depilogue.o(.text)
    _double_epilogue                         0x080007d3   Thumb Code   156  depilogue.o(.text)
    AD2S1210_Angle_Get                       0x08000871   Thumb Code    88  ad2s1210.o(.text.AD2S1210_Angle_Get)
    AD2S1210_ChipSelect                      0x080008c9   Thumb Code    46  ad2s1210.o(.text.AD2S1210_ChipSelect)
    AD2S1210_HW_RESET                        0x08000969   Thumb Code    88  ad2s1210.o(.text.AD2S1210_HW_RESET)
    AD2S1210_Init                            0x080009c1   Thumb Code    64  ad2s1210.o(.text.AD2S1210_Init)
    AD2S1210_ModeSelect                      0x08000a01   Thumb Code   174  ad2s1210.o(.text.AD2S1210_ModeSelect)
    AD2S1210_ReadPosition                    0x08000ab1   Thumb Code    54  ad2s1210.o(.text.AD2S1210_ReadPosition)
    AD2S1210_Speed_Get                       0x08000ae9   Thumb Code   200  ad2s1210.o(.text.AD2S1210_Speed_Get)
    AD2S1210_WriteRegister                   0x08000be9   Thumb Code    60  ad2s1210.o(.text.AD2S1210_WriteRegister)
    AD2S1210_para_Iint                       0x08000c49   Thumb Code    42  ad2s1210.o(.text.AD2S1210_para_Iint)
    ADC_ConfigureBoostMode                   0x08000c79   Thumb Code   474  stm32h7xx_hal_adc.o(.text.ADC_ConfigureBoostMode)
    ADC_Disable                              0x08000e59   Thumb Code   196  stm32h7xx_hal_adc.o(.text.ADC_Disable)
    ADC_Enable                               0x08000f21   Thumb Code   328  stm32h7xx_hal_adc.o(.text.ADC_Enable)
    ADC_IRQHandler                           0x08001069   Thumb Code    16  stm32h7xx_it.o(.text.ADC_IRQHandler)
    BusFault_Handler                         0x08001079   Thumb Code     4  stm32h7xx_it.o(.text.BusFault_Handler)
    DebugMon_Handler                         0x08001081   Thumb Code     2  stm32h7xx_it.o(.text.DebugMon_Handler)
    Error_Handler                            0x08001089   Thumb Code    14  main.o(.text.Error_Handler)
    ExitRun0Mode                             0x08001099   Thumb Code    40  system_stm32h7xx.o(.text.ExitRun0Mode)
    HAL_ADCEx_Calibration_Start              0x080010c1   Thumb Code   228  stm32h7xx_hal_adc_ex.o(.text.HAL_ADCEx_Calibration_Start)
    HAL_ADCEx_DisableInjectedQueue           0x080011a9   Thumb Code    74  stm32h7xx_hal_adc_ex.o(.text.HAL_ADCEx_DisableInjectedQueue)
    HAL_ADCEx_EndOfSamplingCallback          0x080011f9   Thumb Code     8  stm32h7xx_hal_adc_ex.o(.text.HAL_ADCEx_EndOfSamplingCallback)
    HAL_ADCEx_InjectedConfigChannel          0x08001201   Thumb Code  4512  stm32h7xx_hal_adc_ex.o(.text.HAL_ADCEx_InjectedConfigChannel)
    HAL_ADCEx_InjectedConvCpltCallback       0x080023a1   Thumb Code   366  usermain.o(.text.HAL_ADCEx_InjectedConvCpltCallback)
    HAL_ADCEx_InjectedQueueOverflowCallback  0x08002511   Thumb Code     8  stm32h7xx_hal_adc_ex.o(.text.HAL_ADCEx_InjectedQueueOverflowCallback)
    HAL_ADCEx_InjectedStart_IT               0x08002519   Thumb Code   578  stm32h7xx_hal_adc_ex.o(.text.HAL_ADCEx_InjectedStart_IT)
    HAL_ADCEx_LevelOutOfWindow2Callback      0x08002761   Thumb Code     8  stm32h7xx_hal_adc_ex.o(.text.HAL_ADCEx_LevelOutOfWindow2Callback)
    HAL_ADCEx_LevelOutOfWindow3Callback      0x08002769   Thumb Code     8  stm32h7xx_hal_adc_ex.o(.text.HAL_ADCEx_LevelOutOfWindow3Callback)
    HAL_ADCEx_MultiModeConfigChannel         0x08002771   Thumb Code   658  stm32h7xx_hal_adc_ex.o(.text.HAL_ADCEx_MultiModeConfigChannel)
    HAL_ADC_ConvCpltCallback                 0x08002a09   Thumb Code     8  stm32h7xx_hal_adc.o(.text.HAL_ADC_ConvCpltCallback)
    HAL_ADC_ErrorCallback                    0x08002a11   Thumb Code     8  stm32h7xx_hal_adc.o(.text.HAL_ADC_ErrorCallback)
    HAL_ADC_IRQHandler                       0x08002a19   Thumb Code  1336  stm32h7xx_hal_adc.o(.text.HAL_ADC_IRQHandler)
    HAL_ADC_Init                             0x08002f51   Thumb Code  1282  stm32h7xx_hal_adc.o(.text.HAL_ADC_Init)
    HAL_ADC_LevelOutOfWindowCallback         0x08003459   Thumb Code     8  stm32h7xx_hal_adc.o(.text.HAL_ADC_LevelOutOfWindowCallback)
    HAL_ADC_MspInit                          0x08003461   Thumb Code   206  adc.o(.text.HAL_ADC_MspInit)
    HAL_Delay                                0x08003531   Thumb Code    66  stm32h7xx_hal.o(.text.HAL_Delay)
    HAL_GPIO_Init                            0x08003579   Thumb Code   936  stm32h7xx_hal_gpio.o(.text.HAL_GPIO_Init)
    HAL_GPIO_WritePin                        0x08003921   Thumb Code    46  stm32h7xx_hal_gpio.o(.text.HAL_GPIO_WritePin)
    HAL_GetTick                              0x08003951   Thumb Code    12  stm32h7xx_hal.o(.text.HAL_GetTick)
    HAL_IncTick                              0x08003961   Thumb Code    26  stm32h7xx_hal.o(.text.HAL_IncTick)
    HAL_Init                                 0x08003981   Thumb Code   122  stm32h7xx_hal.o(.text.HAL_Init)
    HAL_InitTick                             0x08003a01   Thumb Code   134  stm32h7xx_hal.o(.text.HAL_InitTick)
    HAL_MPU_ConfigRegion                     0x08003a89   Thumb Code   128  stm32h7xx_hal_cortex.o(.text.HAL_MPU_ConfigRegion)
    HAL_MPU_Disable                          0x08003b09   Thumb Code    34  stm32h7xx_hal_cortex.o(.text.HAL_MPU_Disable)
    HAL_MPU_Enable                           0x08003b31   Thumb Code    48  stm32h7xx_hal_cortex.o(.text.HAL_MPU_Enable)
    HAL_MspInit                              0x08003b61   Thumb Code    36  stm32h7xx_hal_msp.o(.text.HAL_MspInit)
    HAL_NVIC_EnableIRQ                       0x08003b89   Thumb Code    20  stm32h7xx_hal_cortex.o(.text.HAL_NVIC_EnableIRQ)
    HAL_NVIC_SetPriority                     0x08003ba1   Thumb Code    46  stm32h7xx_hal_cortex.o(.text.HAL_NVIC_SetPriority)
    HAL_NVIC_SetPriorityGrouping             0x08003bd1   Thumb Code    16  stm32h7xx_hal_cortex.o(.text.HAL_NVIC_SetPriorityGrouping)
    HAL_PWREx_ConfigSupply                   0x08003be1   Thumb Code   162  stm32h7xx_hal_pwr_ex.o(.text.HAL_PWREx_ConfigSupply)
    HAL_RCCEx_GetD3PCLK1Freq                 0x08003c89   Thumb Code    38  stm32h7xx_hal_rcc_ex.o(.text.HAL_RCCEx_GetD3PCLK1Freq)
    HAL_RCCEx_GetPLL1ClockFreq               0x08003cb1   Thumb Code   684  stm32h7xx_hal_rcc_ex.o(.text.HAL_RCCEx_GetPLL1ClockFreq)
    HAL_RCCEx_GetPLL2ClockFreq               0x08003f61   Thumb Code   684  stm32h7xx_hal_rcc_ex.o(.text.HAL_RCCEx_GetPLL2ClockFreq)
    HAL_RCCEx_GetPLL3ClockFreq               0x08004211   Thumb Code   684  stm32h7xx_hal_rcc_ex.o(.text.HAL_RCCEx_GetPLL3ClockFreq)
    HAL_RCCEx_GetPeriphCLKFreq               0x080044c1   Thumb Code  2770  stm32h7xx_hal_rcc_ex.o(.text.HAL_RCCEx_GetPeriphCLKFreq)
    HAL_RCCEx_PeriphCLKConfig                0x08004f99   Thumb Code  4076  stm32h7xx_hal_rcc_ex.o(.text.HAL_RCCEx_PeriphCLKConfig)
    HAL_RCC_ClockConfig                      0x08005f89   Thumb Code  1176  stm32h7xx_hal_rcc.o(.text.HAL_RCC_ClockConfig)
    HAL_RCC_GetHCLKFreq                      0x08006421   Thumb Code    86  stm32h7xx_hal_rcc.o(.text.HAL_RCC_GetHCLKFreq)
    HAL_RCC_GetPCLK1Freq                     0x08006479   Thumb Code    38  stm32h7xx_hal_rcc.o(.text.HAL_RCC_GetPCLK1Freq)
    HAL_RCC_GetPCLK2Freq                     0x080064a1   Thumb Code    38  stm32h7xx_hal_rcc.o(.text.HAL_RCC_GetPCLK2Freq)
    HAL_RCC_GetSysClockFreq                  0x080064c9   Thumb Code   784  stm32h7xx_hal_rcc.o(.text.HAL_RCC_GetSysClockFreq)
    HAL_RCC_OscConfig                        0x080067d9   Thumb Code  2592  stm32h7xx_hal_rcc.o(.text.HAL_RCC_OscConfig)
    HAL_SPI_Init                             0x080071f9   Thumb Code   658  stm32h7xx_hal_spi.o(.text.HAL_SPI_Init)
    HAL_SPI_MspInit                          0x08007491   Thumb Code   170  spi.o(.text.HAL_SPI_MspInit)
    HAL_SPI_Receive                          0x08007541   Thumb Code  1232  stm32h7xx_hal_spi.o(.text.HAL_SPI_Receive)
    HAL_SPI_Transmit                         0x08007a11   Thumb Code   996  stm32h7xx_hal_spi.o(.text.HAL_SPI_Transmit)
    HAL_SYSTICK_Config                       0x08007df9   Thumb Code    16  stm32h7xx_hal_cortex.o(.text.HAL_SYSTICK_Config)
    HAL_TIMEx_Break2Callback                 0x08007e09   Thumb Code     8  stm32h7xx_hal_tim_ex.o(.text.HAL_TIMEx_Break2Callback)
    HAL_TIMEx_BreakCallback                  0x08007e11   Thumb Code     8  stm32h7xx_hal_tim_ex.o(.text.HAL_TIMEx_BreakCallback)
    HAL_TIMEx_CommutCallback                 0x08007e19   Thumb Code     8  stm32h7xx_hal_tim_ex.o(.text.HAL_TIMEx_CommutCallback)
    HAL_TIMEx_ConfigBreakDeadTime            0x08007e21   Thumb Code   302  stm32h7xx_hal_tim_ex.o(.text.HAL_TIMEx_ConfigBreakDeadTime)
    HAL_TIMEx_MasterConfigSynchronization    0x08007f51   Thumb Code   380  stm32h7xx_hal_tim_ex.o(.text.HAL_TIMEx_MasterConfigSynchronization)
    HAL_TIMEx_PWMN_Start                     0x080080d1   Thumb Code   452  stm32h7xx_hal_tim_ex.o(.text.HAL_TIMEx_PWMN_Start)
    HAL_TIM_Base_Init                        0x08008299   Thumb Code   168  stm32h7xx_hal_tim.o(.text.HAL_TIM_Base_Init)
    HAL_TIM_Base_MspInit                     0x08008341   Thumb Code    78  tim.o(.text.HAL_TIM_Base_MspInit)
    HAL_TIM_Base_Start_IT                    0x08008391   Thumb Code   296  stm32h7xx_hal_tim.o(.text.HAL_TIM_Base_Start_IT)
    HAL_TIM_ConfigClockSource                0x080084b9   Thumb Code   464  stm32h7xx_hal_tim.o(.text.HAL_TIM_ConfigClockSource)
    HAL_TIM_IC_CaptureCallback               0x08008689   Thumb Code     8  stm32h7xx_hal_tim.o(.text.HAL_TIM_IC_CaptureCallback)
    HAL_TIM_IRQHandler                       0x08008691   Thumb Code   592  stm32h7xx_hal_tim.o(.text.HAL_TIM_IRQHandler)
    HAL_TIM_MspPostInit                      0x080088e1   Thumb Code   236  tim.o(.text.HAL_TIM_MspPostInit)
    HAL_TIM_OC_DelayElapsedCallback          0x080089d1   Thumb Code     8  stm32h7xx_hal_tim.o(.text.HAL_TIM_OC_DelayElapsedCallback)
    HAL_TIM_PWM_ConfigChannel                0x080089d9   Thumb Code   432  stm32h7xx_hal_tim.o(.text.HAL_TIM_PWM_ConfigChannel)
    HAL_TIM_PWM_Init                         0x08008b89   Thumb Code   168  stm32h7xx_hal_tim.o(.text.HAL_TIM_PWM_Init)
    HAL_TIM_PWM_MspInit                      0x08008c31   Thumb Code     8  stm32h7xx_hal_tim.o(.text.HAL_TIM_PWM_MspInit)
    HAL_TIM_PWM_PulseFinishedCallback        0x08008c39   Thumb Code     8  stm32h7xx_hal_tim.o(.text.HAL_TIM_PWM_PulseFinishedCallback)
    HAL_TIM_PWM_Start                        0x08008c41   Thumb Code   674  stm32h7xx_hal_tim.o(.text.HAL_TIM_PWM_Start)
    HAL_TIM_PeriodElapsedCallback            0x08008ee9   Thumb Code   388  usermain.o(.text.HAL_TIM_PeriodElapsedCallback)
    HAL_TIM_TriggerCallback                  0x08009071   Thumb Code     8  stm32h7xx_hal_tim.o(.text.HAL_TIM_TriggerCallback)
    HAL_UARTEx_DisableFifoMode               0x08009079   Thumb Code   124  stm32h7xx_hal_uart_ex.o(.text.HAL_UARTEx_DisableFifoMode)
    HAL_UARTEx_SetRxFifoThreshold            0x080090f9   Thumb Code   140  stm32h7xx_hal_uart_ex.o(.text.HAL_UARTEx_SetRxFifoThreshold)
    HAL_UARTEx_SetTxFifoThreshold            0x08009189   Thumb Code   140  stm32h7xx_hal_uart_ex.o(.text.HAL_UARTEx_SetTxFifoThreshold)
    HAL_UART_Init                            0x08009219   Thumb Code   170  stm32h7xx_hal_uart.o(.text.HAL_UART_Init)
    HAL_UART_MspInit                         0x080092c9   Thumb Code   168  usart.o(.text.HAL_UART_MspInit)
    HAL_UART_Transmit                        0x08009371   Thumb Code   312  stm32h7xx_hal_uart.o(.text.HAL_UART_Transmit)
    HardFault_Handler                        0x080094a9   Thumb Code     4  stm32h7xx_it.o(.text.HardFault_Handler)
    MX_ADC1_Init                             0x08009a01   Thumb Code   262  adc.o(.text.MX_ADC1_Init)
    MX_GPIO_Init                             0x08009b09   Thumb Code   386  gpio.o(.text.MX_GPIO_Init)
    MX_SPI1_Init                             0x08009c91   Thumb Code   110  spi.o(.text.MX_SPI1_Init)
    MX_TIM8_Init                             0x08009d01   Thumb Code   396  tim.o(.text.MX_TIM8_Init)
    MX_USART1_UART_Init                      0x08009e91   Thumb Code   142  usart.o(.text.MX_USART1_UART_Init)
    MemManage_Handler                        0x08009f21   Thumb Code     4  stm32h7xx_it.o(.text.MemManage_Handler)
    NMI_Handler                              0x08009f29   Thumb Code     4  stm32h7xx_it.o(.text.NMI_Handler)
    PID_Calc                                 0x08009fa1   Thumb Code   320  my_math.o(.text.PID_Calc)
    PID_init                                 0x0800a0e1   Thumb Code    48  my_math.o(.text.PID_init)
    PendSV_Handler                           0x0800a111   Thumb Code     2  stm32h7xx_it.o(.text.PendSV_Handler)
    SVC_Handler                              0x0800a6b9   Thumb Code     2  stm32h7xx_it.o(.text.SVC_Handler)
    SysTick_Handler                          0x0800a719   Thumb Code     8  stm32h7xx_it.o(.text.SysTick_Handler)
    SystemClock_Config                       0x0800a721   Thumb Code   204  main.o(.text.SystemClock_Config)
    SystemInit                               0x0800a7f1   Thumb Code   358  system_stm32h7xx.o(.text.SystemInit)
    TIM8_UP_TIM13_IRQHandler                 0x0800a959   Thumb Code    16  stm32h7xx_it.o(.text.TIM8_UP_TIM13_IRQHandler)
    TIM_Base_SetConfig                       0x0800a969   Thumb Code   452  stm32h7xx_hal_tim.o(.text.TIM_Base_SetConfig)
    TIM_CCxChannelCmd                        0x0800ab31   Thumb Code    54  stm32h7xx_hal_tim.o(.text.TIM_CCxChannelCmd)
    TIM_ETR_SetConfig                        0x0800aba1   Thumb Code    52  stm32h7xx_hal_tim.o(.text.TIM_ETR_SetConfig)
    TIM_OC2_SetConfig                        0x0800ad59   Thumb Code   364  stm32h7xx_hal_tim.o(.text.TIM_OC2_SetConfig)
    UART_AdvFeatureConfig                    0x0800b3f1   Thumb Code   328  stm32h7xx_hal_uart.o(.text.UART_AdvFeatureConfig)
    UART_CheckIdleState                      0x0800b539   Thumb Code   326  stm32h7xx_hal_uart.o(.text.UART_CheckIdleState)
    UART_SetConfig                           0x0800b721   Thumb Code  2638  stm32h7xx_hal_uart.o(.text.UART_SetConfig)
    UART_WaitOnFlagUntilTimeout              0x0800c171   Thumb Code   268  stm32h7xx_hal_uart.o(.text.UART_WaitOnFlagUntilTimeout)
    UsageFault_Handler                       0x0800c281   Thumb Code     4  stm32h7xx_it.o(.text.UsageFault_Handler)
    abc_2_dq                                 0x0800c351   Thumb Code   256  coordinate_transform.o(.text.abc_2_dq)
    adc_2_curr                               0x0800c451   Thumb Code   124  curr_sample.o(.text.adc_2_curr)
    dq_2_abc                                 0x0800c4d1   Thumb Code   220  coordinate_transform.o(.text.dq_2_abc)
    e_svpwm                                  0x0800c5b1   Thumb Code   212  svpwm.o(.text.e_svpwm)
    fputc                                    0x0800c689   Thumb Code    34  usermain.o(.text.fputc)
    main                                     0x0800c969   Thumb Code    48  main.o(.text.main)
    normalize                                0x0800c999   Thumb Code   144  my_math.o(.text.normalize)
    usermain                                 0x0800ca29   Thumb Code    66  usermain.o(.text.usermain)
    __0printf                                0x0800ca6d   Thumb Code    22  printfa.o(i.__0printf)
    __1printf                                0x0800ca6d   Thumb Code     0  printfa.o(i.__0printf)
    __2printf                                0x0800ca6d   Thumb Code     0  printfa.o(i.__0printf)
    __c89printf                              0x0800ca6d   Thumb Code     0  printfa.o(i.__0printf)
    printf                                   0x0800ca6d   Thumb Code     0  printfa.o(i.__0printf)
    __ARM_fpclassifyf                        0x0800ca8d   Thumb Code    38  fpclassifyf.o(i.__ARM_fpclassifyf)
    __hardfp_cosf                            0x0800cab5   Thumb Code   280  cosf.o(i.__hardfp_cosf)
    __hardfp_sinf                            0x0800cc05   Thumb Code   344  sinf.o(i.__hardfp_sinf)
    __mathlib_flt_infnan                     0x0800cd95   Thumb Code     6  funder.o(i.__mathlib_flt_infnan)
    __mathlib_flt_invalid                    0x0800cd9d   Thumb Code    10  funder.o(i.__mathlib_flt_invalid)
    __mathlib_flt_underflow                  0x0800cdad   Thumb Code    10  funder.o(i.__mathlib_flt_underflow)
    __mathlib_rredf2                         0x0800cdbd   Thumb Code   316  rredf.o(i.__mathlib_rredf2)
    __scatterload_copy                       0x0800cf11   Thumb Code    14  handlers.o(i.__scatterload_copy)
    __scatterload_null                       0x0800cf1f   Thumb Code     2  handlers.o(i.__scatterload_null)
    __scatterload_zeroinit                   0x0800cf21   Thumb Code    14  handlers.o(i.__scatterload_zeroinit)
    __set_errno                              0x0800cf31   Thumb Code     6  errno.o(i.__set_errno)
    D1CorePrescTable                         0x0800d810   Data          16  system_stm32h7xx.o(.rodata.D1CorePrescTable)
    UARTPrescTable                           0x0800d830   Data          24  stm32h7xx_hal_uart.o(.rodata.UARTPrescTable)
    Region$$Table$$Base                      0x0800d854   Number         0  anon$$obj.o(Region$$Table)
    Region$$Table$$Limit                     0x0800d884   Number         0  anon$$obj.o(Region$$Table)
    __initial_sp                             0x20000400   Data           0  startup_stm32h723xx.o(STACK)
    __stdout                                 0x24000000   Data           4  stdout.o(.data)
    SystemCoreClock                          0x24000008   Data           4  system_stm32h7xx.o(.data.SystemCoreClock)
    SystemD2Clock                            0x2400000c   Data           4  system_stm32h7xx.o(.data.SystemD2Clock)
    uwTickFreq                               0x24000010   Data           1  stm32h7xx_hal.o(.data.uwTickFreq)
    uwTickPrio                               0x24000014   Data           4  stm32h7xx_hal.o(.data.uwTickPrio)
    AD2S                                     0x24000018   Data          36  ad2s1210.o(.bss.AD2S)
    Load_M_Curr                              0x24000048   Data          32  curr_sample.o(.bss.Load_M_Curr)
    Load_iabc                                0x24000068   Data          12  usermain.o(.bss.Load_iabc)
    Load_id_pi                               0x24000074   Data          44  my_math.o(.bss.Load_id_pi)
    Load_idq                                 0x240000a0   Data           8  usermain.o(.bss.Load_idq)
    Load_iq_pi                               0x240000a8   Data          44  my_math.o(.bss.Load_iq_pi)
    Load_speed_pi                            0x240000d4   Data          44  my_math.o(.bss.Load_speed_pi)
    duty_abc                                 0x24000100   Data          12  usermain.o(.bss.duty_abc)
    hadc1                                    0x2400010c   Data         112  adc.o(.bss.hadc1)
    hspi1                                    0x2400017c   Data         136  spi.o(.bss.hspi1)
    htim8                                    0x24000204   Data          76  tim.o(.bss.htim8)
    huart1                                   0x24000250   Data         148  usart.o(.bss.huart1)
    load_speed_ref                           0x240002e4   Data           4  usermain.o(.bss.load_speed_ref)
    speed                                    0x240002e8   Data           4  usermain.o(.bss.speed)
    system_enable                            0x240002ec   Data           1  usermain.o(.bss.system_enable)
    theta                                    0x240002f0   Data           4  usermain.o(.bss.theta)
    u_abc                                    0x240002f4   Data          12  usermain.o(.bss.u_abc)
    u_dq                                     0x24000300   Data           8  usermain.o(.bss.u_dq)
    uwTick                                   0x24000308   Data           4  stm32h7xx_hal.o(.bss.uwTick)



==============================================================================

Memory Map of the image

  Image Entry point : 0x080002cd

  Load Region LR_IROM1 (Base: 0x08000000, Size: 0x0000d89c, Max: 0x00100000, ABSOLUTE)

    Execution Region ER_IROM1 (Exec base: 0x08000000, Load base: 0x08000000, Size: 0x0000d884, Max: 0x00100000, ABSOLUTE)

    Exec Addr    Load Addr    Size         Type   Attr      Idx    E Section Name        Object

    0x08000000   0x08000000   0x000002cc   Data   RO            3    RESET               startup_stm32h723xx.o
    0x080002cc   0x080002cc   0x00000000   Code   RO         2149  * .ARM.Collect$$$$00000000  mc_w.l(entry.o)
    0x080002cc   0x080002cc   0x00000004   Code   RO         2203    .ARM.Collect$$$$00000001  mc_w.l(entry2.o)
    0x080002d0   0x080002d0   0x00000004   Code   RO         2206    .ARM.Collect$$$$00000004  mc_w.l(entry5.o)
    0x080002d4   0x080002d4   0x00000000   Code   RO         2208    .ARM.Collect$$$$00000008  mc_w.l(entry7b.o)
    0x080002d4   0x080002d4   0x00000000   Code   RO         2210    .ARM.Collect$$$$0000000A  mc_w.l(entry8b.o)
    0x080002d4   0x080002d4   0x00000008   Code   RO         2211    .ARM.Collect$$$$0000000B  mc_w.l(entry9a.o)
    0x080002dc   0x080002dc   0x00000000   Code   RO         2213    .ARM.Collect$$$$0000000D  mc_w.l(entry10a.o)
    0x080002dc   0x080002dc   0x00000000   Code   RO         2215    .ARM.Collect$$$$0000000F  mc_w.l(entry11a.o)
    0x080002dc   0x080002dc   0x00000004   Code   RO         2204    .ARM.Collect$$$$00002712  mc_w.l(entry2.o)
    0x080002e0   0x080002e0   0x0000002c   Code   RO            4    .text               startup_stm32h723xx.o
    0x0800030c   0x0800030c   0x00000062   Code   RO         2152    .text               mc_w.l(uldiv.o)
    0x0800036e   0x0800036e   0x00000024   Code   RO         2154    .text               mc_w.l(memseta.o)
    0x08000392   0x08000392   0x0000002c   Code   RO         2227    .text               mc_w.l(uidiv.o)
    0x080003be   0x080003be   0x0000001e   Code   RO         2229    .text               mc_w.l(llshl.o)
    0x080003dc   0x080003dc   0x00000020   Code   RO         2231    .text               mc_w.l(llushr.o)
    0x080003fc   0x080003fc   0x00000000   Code   RO         2240    .text               mc_w.l(iusefp.o)
    0x080003fc   0x080003fc   0x0000014e   Code   RO         2241    .text               mf_w.l(dadd.o)
    0x0800054a   0x0800054a   0x000000e4   Code   RO         2243    .text               mf_w.l(dmul.o)
    0x0800062e   0x0800062e   0x000000de   Code   RO         2245    .text               mf_w.l(ddiv.o)
    0x0800070c   0x0800070c   0x00000030   Code   RO         2247    .text               mf_w.l(dfixul.o)
    0x0800073c   0x0800073c   0x00000030   Code   RO         2249    .text               mf_w.l(cdrcmple.o)
    0x0800076c   0x0800076c   0x00000024   Code   RO         2251    .text               mc_w.l(init.o)
    0x08000790   0x08000790   0x00000024   Code   RO         2253    .text               mc_w.l(llsshr.o)
    0x080007b4   0x080007b4   0x000000ba   Code   RO         2255    .text               mf_w.l(depilogue.o)
    0x0800086e   0x0800086e   0x00000002   PAD
    0x08000870   0x08000870   0x00000058   Code   RO         2120    .text.AD2S1210_Angle_Get  ad2s1210.o
    0x080008c8   0x080008c8   0x0000002e   Code   RO         2092    .text.AD2S1210_ChipSelect  ad2s1210.o
    0x080008f6   0x080008f6   0x00000002   PAD
    0x080008f8   0x080008f8   0x00000034   Code   RO         2104    .text.AD2S1210_DataLock  ad2s1210.o
    0x0800092c   0x0800092c   0x00000004   PAD
    0x08000930   0x08000930   0x00000034   Code   RO         2100    .text.AD2S1210_DataRelease  ad2s1210.o
    0x08000964   0x08000964   0x00000004   PAD
    0x08000968   0x08000968   0x00000058   Code   RO         2094    .text.AD2S1210_HW_RESET  ad2s1210.o
    0x080009c0   0x080009c0   0x00000040   Code   RO         2118    .text.AD2S1210_Init  ad2s1210.o
    0x08000a00   0x08000a00   0x000000ae   Code   RO         2086    .text.AD2S1210_ModeSelect  ad2s1210.o
    0x08000aae   0x08000aae   0x00000002   PAD
    0x08000ab0   0x08000ab0   0x00000036   Code   RO         2096    .text.AD2S1210_ReadPosition  ad2s1210.o
    0x08000ae6   0x08000ae6   0x00000002   PAD
    0x08000ae8   0x08000ae8   0x000000c8   Code   RO         2122    .text.AD2S1210_Speed_Get  ad2s1210.o
    0x08000bb0   0x08000bb0   0x00000034   Code   RO         2098    .text.AD2S1210_UpdataRegister  ad2s1210.o
    0x08000be4   0x08000be4   0x00000004   PAD
    0x08000be8   0x08000be8   0x0000003c   Code   RO         2114    .text.AD2S1210_WriteRegister  ad2s1210.o
    0x08000c24   0x08000c24   0x00000004   PAD
    0x08000c28   0x08000c28   0x0000001c   Code   RO         2088    .text.AD2S1210_delay  ad2s1210.o
    0x08000c44   0x08000c44   0x00000004   PAD
    0x08000c48   0x08000c48   0x0000002a   Code   RO         2090    .text.AD2S1210_para_Iint  ad2s1210.o
    0x08000c72   0x08000c72   0x00000006   PAD
    0x08000c78   0x08000c78   0x000001da   Code   RO          151    .text.ADC_ConfigureBoostMode  stm32h7xx_hal_adc.o
    0x08000e52   0x08000e52   0x00000006   PAD
    0x08000e58   0x08000e58   0x000000c4   Code   RO          157    .text.ADC_Disable   stm32h7xx_hal_adc.o
    0x08000f1c   0x08000f1c   0x00000004   PAD
    0x08000f20   0x08000f20   0x00000148   Code   RO          165    .text.ADC_Enable    stm32h7xx_hal_adc.o
    0x08001068   0x08001068   0x00000010   Code   RO          112    .text.ADC_IRQHandler  stm32h7xx_it.o
    0x08001078   0x08001078   0x00000004   Code   RO          100    .text.BusFault_Handler  stm32h7xx_it.o
    0x0800107c   0x0800107c   0x00000004   PAD
    0x08001080   0x08001080   0x00000002   Code   RO          106    .text.DebugMon_Handler  stm32h7xx_it.o
    0x08001082   0x08001082   0x00000006   PAD
    0x08001088   0x08001088   0x0000000e   Code   RO           17    .text.Error_Handler  main.o
    0x08001096   0x08001096   0x00000002   PAD
    0x08001098   0x08001098   0x00000028   Code   RO         1983    .text.ExitRun0Mode  system_stm32h7xx.o
    0x080010c0   0x080010c0   0x000000e4   Code   RO          286    .text.HAL_ADCEx_Calibration_Start  stm32h7xx_hal_adc_ex.o
    0x080011a4   0x080011a4   0x00000004   PAD
    0x080011a8   0x080011a8   0x0000004a   Code   RO          394    .text.HAL_ADCEx_DisableInjectedQueue  stm32h7xx_hal_adc_ex.o
    0x080011f2   0x080011f2   0x00000006   PAD
    0x080011f8   0x080011f8   0x00000008   Code   RO          356    .text.HAL_ADCEx_EndOfSamplingCallback  stm32h7xx_hal_adc_ex.o
    0x08001200   0x08001200   0x000011a0   Code   RO          366    .text.HAL_ADCEx_InjectedConfigChannel  stm32h7xx_hal_adc_ex.o
    0x080023a0   0x080023a0   0x0000016e   Code   RO         2062    .text.HAL_ADCEx_InjectedConvCpltCallback  usermain.o
    0x0800250e   0x0800250e   0x00000002   PAD
    0x08002510   0x08002510   0x00000008   Code   RO          350    .text.HAL_ADCEx_InjectedQueueOverflowCallback  stm32h7xx_hal_adc_ex.o
    0x08002518   0x08002518   0x00000242   Code   RO          336    .text.HAL_ADCEx_InjectedStart_IT  stm32h7xx_hal_adc_ex.o
    0x0800275a   0x0800275a   0x00000006   PAD
    0x08002760   0x08002760   0x00000008   Code   RO          352    .text.HAL_ADCEx_LevelOutOfWindow2Callback  stm32h7xx_hal_adc_ex.o
    0x08002768   0x08002768   0x00000008   Code   RO          354    .text.HAL_ADCEx_LevelOutOfWindow3Callback  stm32h7xx_hal_adc_ex.o
    0x08002770   0x08002770   0x00000292   Code   RO          390    .text.HAL_ADCEx_MultiModeConfigChannel  stm32h7xx_hal_adc_ex.o
    0x08002a02   0x08002a02   0x00000006   PAD
    0x08002a08   0x08002a08   0x00000008   Code   RO          203    .text.HAL_ADC_ConvCpltCallback  stm32h7xx_hal_adc.o
    0x08002a10   0x08002a10   0x00000008   Code   RO          209    .text.HAL_ADC_ErrorCallback  stm32h7xx_hal_adc.o
    0x08002a18   0x08002a18   0x00000538   Code   RO          201    .text.HAL_ADC_IRQHandler  stm32h7xx_hal_adc.o
    0x08002f50   0x08002f50   0x00000502   Code   RO          131    .text.HAL_ADC_Init  stm32h7xx_hal_adc.o
    0x08003452   0x08003452   0x00000006   PAD
    0x08003458   0x08003458   0x00000008   Code   RO          207    .text.HAL_ADC_LevelOutOfWindowCallback  stm32h7xx_hal_adc.o
    0x08003460   0x08003460   0x000000ce   Code   RO           37    .text.HAL_ADC_MspInit  adc.o
    0x0800352e   0x0800352e   0x00000002   PAD
    0x08003530   0x08003530   0x00000042   Code   RO         1003    .text.HAL_Delay     stm32h7xx_hal.o
    0x08003572   0x08003572   0x00000006   PAD
    0x08003578   0x08003578   0x000003a8   Code   RO          614    .text.HAL_GPIO_Init  stm32h7xx_hal_gpio.o
    0x08003920   0x08003920   0x0000002e   Code   RO          620    .text.HAL_GPIO_WritePin  stm32h7xx_hal_gpio.o
    0x0800394e   0x0800394e   0x00000002   PAD
    0x08003950   0x08003950   0x0000000c   Code   RO          995    .text.HAL_GetTick   stm32h7xx_hal.o
    0x0800395c   0x0800395c   0x00000004   PAD
    0x08003960   0x08003960   0x0000001a   Code   RO          993    .text.HAL_IncTick   stm32h7xx_hal.o
    0x0800397a   0x0800397a   0x00000006   PAD
    0x08003980   0x08003980   0x0000007a   Code   RO          983    .text.HAL_Init      stm32h7xx_hal.o
    0x080039fa   0x080039fa   0x00000006   PAD
    0x08003a00   0x08003a00   0x00000086   Code   RO          985    .text.HAL_InitTick  stm32h7xx_hal.o
    0x08003a86   0x08003a86   0x00000002   PAD
    0x08003a88   0x08003a88   0x00000080   Code   RO          942    .text.HAL_MPU_ConfigRegion  stm32h7xx_hal_cortex.o
    0x08003b08   0x08003b08   0x00000022   Code   RO          934    .text.HAL_MPU_Disable  stm32h7xx_hal_cortex.o
    0x08003b2a   0x08003b2a   0x00000006   PAD
    0x08003b30   0x08003b30   0x00000030   Code   RO          936    .text.HAL_MPU_Enable  stm32h7xx_hal_cortex.o
    0x08003b60   0x08003b60   0x00000024   Code   RO          123    .text.HAL_MspInit   stm32h7xx_hal_msp.o
    0x08003b84   0x08003b84   0x00000004   PAD
    0x08003b88   0x08003b88   0x00000014   Code   RO          918    .text.HAL_NVIC_EnableIRQ  stm32h7xx_hal_cortex.o
    0x08003b9c   0x08003b9c   0x00000004   PAD
    0x08003ba0   0x08003ba0   0x0000002e   Code   RO          910    .text.HAL_NVIC_SetPriority  stm32h7xx_hal_cortex.o
    0x08003bce   0x08003bce   0x00000002   PAD
    0x08003bd0   0x08003bd0   0x00000010   Code   RO          906    .text.HAL_NVIC_SetPriorityGrouping  stm32h7xx_hal_cortex.o
    0x08003be0   0x08003be0   0x000000a2   Code   RO          823    .text.HAL_PWREx_ConfigSupply  stm32h7xx_hal_pwr_ex.o
    0x08003c82   0x08003c82   0x00000006   PAD
    0x08003c88   0x08003c88   0x00000026   Code   RO          464    .text.HAL_RCCEx_GetD3PCLK1Freq  stm32h7xx_hal_rcc_ex.o
    0x08003cae   0x08003cae   0x00000002   PAD
    0x08003cb0   0x08003cb0   0x000002ac   Code   RO          458    .text.HAL_RCCEx_GetPLL1ClockFreq  stm32h7xx_hal_rcc_ex.o
    0x08003f5c   0x08003f5c   0x00000004   PAD
    0x08003f60   0x08003f60   0x000002ac   Code   RO          460    .text.HAL_RCCEx_GetPLL2ClockFreq  stm32h7xx_hal_rcc_ex.o
    0x0800420c   0x0800420c   0x00000004   PAD
    0x08004210   0x08004210   0x000002ac   Code   RO          462    .text.HAL_RCCEx_GetPLL3ClockFreq  stm32h7xx_hal_rcc_ex.o
    0x080044bc   0x080044bc   0x00000004   PAD
    0x080044c0   0x080044c0   0x00000ad2   Code   RO          456    .text.HAL_RCCEx_GetPeriphCLKFreq  stm32h7xx_hal_rcc_ex.o
    0x08004f92   0x08004f92   0x00000006   PAD
    0x08004f98   0x08004f98   0x00000fec   Code   RO          448    .text.HAL_RCCEx_PeriphCLKConfig  stm32h7xx_hal_rcc_ex.o
    0x08005f84   0x08005f84   0x00000004   PAD
    0x08005f88   0x08005f88   0x00000498   Code   RO          417    .text.HAL_RCC_ClockConfig  stm32h7xx_hal_rcc.o
    0x08006420   0x08006420   0x00000056   Code   RO          427    .text.HAL_RCC_GetHCLKFreq  stm32h7xx_hal_rcc.o
    0x08006476   0x08006476   0x00000002   PAD
    0x08006478   0x08006478   0x00000026   Code   RO          429    .text.HAL_RCC_GetPCLK1Freq  stm32h7xx_hal_rcc.o
    0x0800649e   0x0800649e   0x00000002   PAD
    0x080064a0   0x080064a0   0x00000026   Code   RO          431    .text.HAL_RCC_GetPCLK2Freq  stm32h7xx_hal_rcc.o
    0x080064c6   0x080064c6   0x00000002   PAD
    0x080064c8   0x080064c8   0x00000310   Code   RO          419    .text.HAL_RCC_GetSysClockFreq  stm32h7xx_hal_rcc.o
    0x080067d8   0x080067d8   0x00000a20   Code   RO          415    .text.HAL_RCC_OscConfig  stm32h7xx_hal_rcc.o
    0x080071f8   0x080071f8   0x00000292   Code   RO         1314    .text.HAL_SPI_Init  stm32h7xx_hal_spi.o
    0x0800748a   0x0800748a   0x00000006   PAD
    0x08007490   0x08007490   0x000000aa   Code   RO           52    .text.HAL_SPI_MspInit  spi.o
    0x0800753a   0x0800753a   0x00000006   PAD
    0x08007540   0x08007540   0x000004d0   Code   RO         1330    .text.HAL_SPI_Receive  stm32h7xx_hal_spi.o
    0x08007a10   0x08007a10   0x000003e4   Code   RO         1324    .text.HAL_SPI_Transmit  stm32h7xx_hal_spi.o
    0x08007df4   0x08007df4   0x00000004   PAD
    0x08007df8   0x08007df8   0x00000010   Code   RO          930    .text.HAL_SYSTICK_Config  stm32h7xx_hal_cortex.o
    0x08007e08   0x08007e08   0x00000008   Code   RO         1773    .text.HAL_TIMEx_Break2Callback  stm32h7xx_hal_tim_ex.o
    0x08007e10   0x08007e10   0x00000008   Code   RO         1771    .text.HAL_TIMEx_BreakCallback  stm32h7xx_hal_tim_ex.o
    0x08007e18   0x08007e18   0x00000008   Code   RO         1767    .text.HAL_TIMEx_CommutCallback  stm32h7xx_hal_tim_ex.o
    0x08007e20   0x08007e20   0x0000012e   Code   RO         1753    .text.HAL_TIMEx_ConfigBreakDeadTime  stm32h7xx_hal_tim_ex.o
    0x08007f4e   0x08007f4e   0x00000002   PAD
    0x08007f50   0x08007f50   0x0000017c   Code   RO         1751    .text.HAL_TIMEx_MasterConfigSynchronization  stm32h7xx_hal_tim_ex.o
    0x080080cc   0x080080cc   0x00000004   PAD
    0x080080d0   0x080080d0   0x000001c4   Code   RO         1721    .text.HAL_TIMEx_PWMN_Start  stm32h7xx_hal_tim_ex.o
    0x08008294   0x08008294   0x00000004   PAD
    0x08008298   0x08008298   0x000000a8   Code   RO         1434    .text.HAL_TIM_Base_Init  stm32h7xx_hal_tim.o
    0x08008340   0x08008340   0x0000004e   Code   RO           68    .text.HAL_TIM_Base_MspInit  tim.o
    0x0800838e   0x0800838e   0x00000002   PAD
    0x08008390   0x08008390   0x00000128   Code   RO         1448    .text.HAL_TIM_Base_Start_IT  stm32h7xx_hal_tim.o
    0x080084b8   0x080084b8   0x000001d0   Code   RO         1630    .text.HAL_TIM_ConfigClockSource  stm32h7xx_hal_tim.o
    0x08008688   0x08008688   0x00000008   Code   RO         1570    .text.HAL_TIM_IC_CaptureCallback  stm32h7xx_hal_tim.o
    0x08008690   0x08008690   0x00000250   Code   RO         1568    .text.HAL_TIM_IRQHandler  stm32h7xx_hal_tim.o
    0x080088e0   0x080088e0   0x000000ec   Code   RO           66    .text.HAL_TIM_MspPostInit  tim.o
    0x080089cc   0x080089cc   0x00000004   PAD
    0x080089d0   0x080089d0   0x00000008   Code   RO         1572    .text.HAL_TIM_OC_DelayElapsedCallback  stm32h7xx_hal_tim.o
    0x080089d8   0x080089d8   0x000001b0   Code   RO         1604    .text.HAL_TIM_PWM_ConfigChannel  stm32h7xx_hal_tim.o
    0x08008b88   0x08008b88   0x000000a8   Code   RO         1488    .text.HAL_TIM_PWM_Init  stm32h7xx_hal_tim.o
    0x08008c30   0x08008c30   0x00000008   Code   RO         1490    .text.HAL_TIM_PWM_MspInit  stm32h7xx_hal_tim.o
    0x08008c38   0x08008c38   0x00000008   Code   RO         1574    .text.HAL_TIM_PWM_PulseFinishedCallback  stm32h7xx_hal_tim.o
    0x08008c40   0x08008c40   0x000002a2   Code   RO         1496    .text.HAL_TIM_PWM_Start  stm32h7xx_hal_tim.o
    0x08008ee2   0x08008ee2   0x00000006   PAD
    0x08008ee8   0x08008ee8   0x00000184   Code   RO         2060    .text.HAL_TIM_PeriodElapsedCallback  usermain.o
    0x0800906c   0x0800906c   0x00000004   PAD
    0x08009070   0x08009070   0x00000008   Code   RO         1578    .text.HAL_TIM_TriggerCallback  stm32h7xx_hal_tim.o
    0x08009078   0x08009078   0x0000007c   Code   RO         1956    .text.HAL_UARTEx_DisableFifoMode  stm32h7xx_hal_uart_ex.o
    0x080090f4   0x080090f4   0x00000004   PAD
    0x080090f8   0x080090f8   0x0000008c   Code   RO         1960    .text.HAL_UARTEx_SetRxFifoThreshold  stm32h7xx_hal_uart_ex.o
    0x08009184   0x08009184   0x00000004   PAD
    0x08009188   0x08009188   0x0000008c   Code   RO         1958    .text.HAL_UARTEx_SetTxFifoThreshold  stm32h7xx_hal_uart_ex.o
    0x08009214   0x08009214   0x00000004   PAD
    0x08009218   0x08009218   0x000000aa   Code   RO         1786    .text.HAL_UART_Init  stm32h7xx_hal_uart.o
    0x080092c2   0x080092c2   0x00000006   PAD
    0x080092c8   0x080092c8   0x000000a8   Code   RO           82    .text.HAL_UART_MspInit  usart.o
    0x08009370   0x08009370   0x00000138   Code   RO         1806    .text.HAL_UART_Transmit  stm32h7xx_hal_uart.o
    0x080094a8   0x080094a8   0x00000004   Code   RO           96    .text.HardFault_Handler  stm32h7xx_it.o
    0x080094ac   0x080094ac   0x00000004   PAD
    0x080094b0   0x080094b0   0x0000001c   Code   RO          277    .text.LL_ADC_Disable  stm32h7xx_hal_adc.o
    0x080094cc   0x080094cc   0x00000004   PAD
    0x080094d0   0x080094d0   0x00000018   Code   RO          137    .text.LL_ADC_DisableDeepPowerDown  stm32h7xx_hal_adc.o
    0x080094e8   0x080094e8   0x0000001c   Code   RO          275    .text.LL_ADC_Enable  stm32h7xx_hal_adc.o
    0x08009504   0x08009504   0x00000004   PAD
    0x08009508   0x08009508   0x0000001e   Code   RO          141    .text.LL_ADC_EnableInternalRegulator  stm32h7xx_hal_adc.o
    0x08009526   0x08009526   0x00000002   PAD
    0x08009528   0x08009528   0x00000010   Code   RO          386    .text.LL_ADC_GetCommonPathInternalCh  stm32h7xx_hal_adc_ex.o
    0x08009538   0x08009538   0x00000010   Code   RO          173    .text.LL_ADC_GetMultiDMATransfer  stm32h7xx_hal_adc.o
    0x08009548   0x08009548   0x00000010   Code   RO          163    .text.LL_ADC_GetMultimode  stm32h7xx_hal_adc.o
    0x08009558   0x08009558   0x00000010   Code   RO          322    .text.LL_ADC_GetMultimode  stm32h7xx_hal_adc_ex.o
    0x08009568   0x08009568   0x0000001e   Code   RO          378    .text.LL_ADC_GetOffsetChannel  stm32h7xx_hal_adc_ex.o
    0x08009586   0x08009586   0x00000002   PAD
    0x08009588   0x08009588   0x00000010   Code   RO          324    .text.LL_ADC_INJ_GetTrigAuto  stm32h7xx_hal_adc_ex.o
    0x08009598   0x08009598   0x00000010   Code   RO          149    .text.LL_ADC_INJ_IsConversionOngoing  stm32h7xx_hal_adc.o
    0x080095a8   0x080095a8   0x00000010   Code   RO          310    .text.LL_ADC_INJ_IsConversionOngoing  stm32h7xx_hal_adc_ex.o
    0x080095b8   0x080095b8   0x00000016   Code   RO          205    .text.LL_ADC_INJ_IsTriggerSourceSWStart  stm32h7xx_hal_adc.o
    0x080095ce   0x080095ce   0x00000002   PAD
    0x080095d0   0x080095d0   0x00000020   Code   RO          396    .text.LL_ADC_INJ_SetQueueMode  stm32h7xx_hal_adc_ex.o
    0x080095f0   0x080095f0   0x0000001c   Code   RO          326    .text.LL_ADC_INJ_StartConversion  stm32h7xx_hal_adc_ex.o
    0x0800960c   0x0800960c   0x00000004   PAD
    0x08009610   0x08009610   0x0000000e   Code   RO          290    .text.LL_ADC_IsCalibrationOnGoing  stm32h7xx_hal_adc_ex.o
    0x0800961e   0x0800961e   0x00000002   PAD
    0x08009620   0x08009620   0x00000010   Code   RO          135    .text.LL_ADC_IsDeepPowerDownEnabled  stm32h7xx_hal_adc.o
    0x08009630   0x08009630   0x00000010   Code   RO          269    .text.LL_ADC_IsDisableOngoing  stm32h7xx_hal_adc.o
    0x08009640   0x08009640   0x00000010   Code   RO          145    .text.LL_ADC_IsEnabled  stm32h7xx_hal_adc.o
    0x08009650   0x08009650   0x00000010   Code   RO          298    .text.LL_ADC_IsEnabled  stm32h7xx_hal_adc_ex.o
    0x08009660   0x08009660   0x00000010   Code   RO          139    .text.LL_ADC_IsInternalRegulatorEnabled  stm32h7xx_hal_adc.o
    0x08009670   0x08009670   0x00000010   Code   RO          143    .text.LL_ADC_REG_IsConversionOngoing  stm32h7xx_hal_adc.o
    0x08009680   0x08009680   0x00000010   Code   RO          300    .text.LL_ADC_REG_IsConversionOngoing  stm32h7xx_hal_adc_ex.o
    0x08009690   0x08009690   0x00000016   Code   RO          175    .text.LL_ADC_REG_IsTriggerSourceSWStart  stm32h7xx_hal_adc.o
    0x080096a6   0x080096a6   0x00000002   PAD
    0x080096a8   0x080096a8   0x0000006c   Code   RO          384    .text.LL_ADC_SetChannelPreselection  stm32h7xx_hal_adc_ex.o
    0x08009714   0x08009714   0x00000004   PAD
    0x08009718   0x08009718   0x00000036   Code   RO          368    .text.LL_ADC_SetChannelSamplingTime  stm32h7xx_hal_adc_ex.o
    0x0800974e   0x0800974e   0x00000002   PAD
    0x08009750   0x08009750   0x00000070   Code   RO          382    .text.LL_ADC_SetChannelSingleDiff  stm32h7xx_hal_adc_ex.o
    0x080097c0   0x080097c0   0x0000001a   Code   RO          147    .text.LL_ADC_SetCommonClock  stm32h7xx_hal_adc.o
    0x080097da   0x080097da   0x00000006   PAD
    0x080097e0   0x080097e0   0x0000001a   Code   RO          388    .text.LL_ADC_SetCommonPathInternalCh  stm32h7xx_hal_adc_ex.o
    0x080097fa   0x080097fa   0x00000006   PAD
    0x08009800   0x08009800   0x0000005c   Code   RO          370    .text.LL_ADC_SetOffset  stm32h7xx_hal_adc_ex.o
    0x0800985c   0x0800985c   0x00000004   PAD
    0x08009860   0x08009860   0x0000003a   Code   RO          374    .text.LL_ADC_SetOffsetSaturation  stm32h7xx_hal_adc_ex.o
    0x0800989a   0x0800989a   0x00000006   PAD
    0x080098a0   0x080098a0   0x0000003a   Code   RO          372    .text.LL_ADC_SetOffsetSign  stm32h7xx_hal_adc_ex.o
    0x080098da   0x080098da   0x00000006   PAD
    0x080098e0   0x080098e0   0x0000003c   Code   RO          376    .text.LL_ADC_SetOffsetSignedSaturation  stm32h7xx_hal_adc_ex.o
    0x0800991c   0x0800991c   0x00000004   PAD
    0x08009920   0x08009920   0x0000004c   Code   RO          380    .text.LL_ADC_SetOffsetState  stm32h7xx_hal_adc_ex.o
    0x0800996c   0x0800996c   0x00000004   PAD
    0x08009970   0x08009970   0x00000032   Code   RO          288    .text.LL_ADC_StartCalibration  stm32h7xx_hal_adc_ex.o
    0x080099a2   0x080099a2   0x00000006   PAD
    0x080099a8   0x080099a8   0x00000056   Code   RO           13    .text.MPU_Config    main.o
    0x080099fe   0x080099fe   0x00000002   PAD
    0x08009a00   0x08009a00   0x00000106   Code   RO           35    .text.MX_ADC1_Init  adc.o
    0x08009b06   0x08009b06   0x00000002   PAD
    0x08009b08   0x08009b08   0x00000182   Code   RO           27    .text.MX_GPIO_Init  gpio.o
    0x08009c8a   0x08009c8a   0x00000006   PAD
    0x08009c90   0x08009c90   0x0000006e   Code   RO           50    .text.MX_SPI1_Init  spi.o
    0x08009cfe   0x08009cfe   0x00000002   PAD
    0x08009d00   0x08009d00   0x0000018c   Code   RO           64    .text.MX_TIM8_Init  tim.o
    0x08009e8c   0x08009e8c   0x00000004   PAD
    0x08009e90   0x08009e90   0x0000008e   Code   RO           80    .text.MX_USART1_UART_Init  usart.o
    0x08009f1e   0x08009f1e   0x00000002   PAD
    0x08009f20   0x08009f20   0x00000004   Code   RO           98    .text.MemManage_Handler  stm32h7xx_it.o
    0x08009f24   0x08009f24   0x00000004   PAD
    0x08009f28   0x08009f28   0x00000004   Code   RO           94    .text.NMI_Handler   stm32h7xx_it.o
    0x08009f2c   0x08009f2c   0x00000004   PAD
    0x08009f30   0x08009f30   0x0000006c   Code   RO          916    .text.NVIC_EncodePriority  stm32h7xx_hal_cortex.o
    0x08009f9c   0x08009f9c   0x00000004   PAD
    0x08009fa0   0x08009fa0   0x00000140   Code   RO         2042    .text.PID_Calc      my_math.o
    0x0800a0e0   0x0800a0e0   0x00000030   Code   RO         2040    .text.PID_init      my_math.o
    0x0800a110   0x0800a110   0x00000002   Code   RO          108    .text.PendSV_Handler  stm32h7xx_it.o
    0x0800a112   0x0800a112   0x00000006   PAD
    0x0800a118   0x0800a118   0x000001ca   Code   RO          450    .text.RCCEx_PLL2_Config  stm32h7xx_hal_rcc_ex.o
    0x0800a2e2   0x0800a2e2   0x00000006   PAD
    0x0800a2e8   0x0800a2e8   0x000001ca   Code   RO          452    .text.RCCEx_PLL3_Config  stm32h7xx_hal_rcc_ex.o
    0x0800a4b2   0x0800a4b2   0x00000006   PAD
    0x0800a4b8   0x0800a4b8   0x00000116   Code   RO         1326    .text.SPI_CloseTransfer  stm32h7xx_hal_spi.o
    0x0800a5ce   0x0800a5ce   0x00000002   PAD
    0x0800a5d0   0x0800a5d0   0x0000002a   Code   RO         1316    .text.SPI_GetPacketSize  stm32h7xx_hal_spi.o
    0x0800a5fa   0x0800a5fa   0x00000006   PAD
    0x0800a600   0x0800a600   0x00000028   Code   RO         2102    .text.SPI_ReadByte  ad2s1210.o
    0x0800a628   0x0800a628   0x00000068   Code   RO         1328    .text.SPI_WaitOnFlagUntilTimeout  stm32h7xx_hal_spi.o
    0x0800a690   0x0800a690   0x00000022   Code   RO         2112    .text.SPI_WriteByte  ad2s1210.o
    0x0800a6b2   0x0800a6b2   0x00000006   PAD
    0x0800a6b8   0x0800a6b8   0x00000002   Code   RO          104    .text.SVC_Handler   stm32h7xx_it.o
    0x0800a6ba   0x0800a6ba   0x00000006   PAD
    0x0800a6c0   0x0800a6c0   0x00000052   Code   RO          932    .text.SysTick_Config  stm32h7xx_hal_cortex.o
    0x0800a712   0x0800a712   0x00000006   PAD
    0x0800a718   0x0800a718   0x00000008   Code   RO          110    .text.SysTick_Handler  stm32h7xx_it.o
    0x0800a720   0x0800a720   0x000000cc   Code   RO           15    .text.SystemClock_Config  main.o
    0x0800a7ec   0x0800a7ec   0x00000004   PAD
    0x0800a7f0   0x0800a7f0   0x00000166   Code   RO         1979    .text.SystemInit    system_stm32h7xx.o
    0x0800a956   0x0800a956   0x00000002   PAD
    0x0800a958   0x0800a958   0x00000010   Code   RO          114    .text.TIM8_UP_TIM13_IRQHandler  stm32h7xx_it.o
    0x0800a968   0x0800a968   0x000001c4   Code   RO         1438    .text.TIM_Base_SetConfig  stm32h7xx_hal_tim.o
    0x0800ab2c   0x0800ab2c   0x00000004   PAD
    0x0800ab30   0x0800ab30   0x00000036   Code   RO         1472    .text.TIM_CCxChannelCmd  stm32h7xx_hal_tim.o
    0x0800ab66   0x0800ab66   0x00000002   PAD
    0x0800ab68   0x0800ab68   0x00000036   Code   RO         1705    .text.TIM_CCxNChannelCmd  stm32h7xx_hal_tim_ex.o
    0x0800ab9e   0x0800ab9e   0x00000002   PAD
    0x0800aba0   0x0800aba0   0x00000034   Code   RO         1628    .text.TIM_ETR_SetConfig  stm32h7xx_hal_tim.o
    0x0800abd4   0x0800abd4   0x00000004   PAD
    0x0800abd8   0x0800abd8   0x00000030   Code   RO         1634    .text.TIM_ITRx_SetConfig  stm32h7xx_hal_tim.o
    0x0800ac08   0x0800ac08   0x00000150   Code   RO         1582    .text.TIM_OC1_SetConfig  stm32h7xx_hal_tim.o
    0x0800ad58   0x0800ad58   0x0000016c   Code   RO         1584    .text.TIM_OC2_SetConfig  stm32h7xx_hal_tim.o
    0x0800aec4   0x0800aec4   0x00000004   PAD
    0x0800aec8   0x0800aec8   0x0000016a   Code   RO         1586    .text.TIM_OC3_SetConfig  stm32h7xx_hal_tim.o
    0x0800b032   0x0800b032   0x00000006   PAD
    0x0800b038   0x0800b038   0x000000da   Code   RO         1588    .text.TIM_OC4_SetConfig  stm32h7xx_hal_tim.o
    0x0800b112   0x0800b112   0x00000006   PAD
    0x0800b118   0x0800b118   0x000000d0   Code   RO         1590    .text.TIM_OC5_SetConfig  stm32h7xx_hal_tim.o
    0x0800b1e8   0x0800b1e8   0x000000d2   Code   RO         1592    .text.TIM_OC6_SetConfig  stm32h7xx_hal_tim.o
    0x0800b2ba   0x0800b2ba   0x00000006   PAD
    0x0800b2c0   0x0800b2c0   0x00000050   Code   RO         1632    .text.TIM_TI1_ConfigInputStage  stm32h7xx_hal_tim.o
    0x0800b310   0x0800b310   0x00000052   Code   RO         1636    .text.TIM_TI2_ConfigInputStage  stm32h7xx_hal_tim.o
    0x0800b362   0x0800b362   0x00000006   PAD
    0x0800b368   0x0800b368   0x00000086   Code   RO         1954    .text.UARTEx_SetNbDataToProcess  stm32h7xx_hal_uart_ex.o
    0x0800b3ee   0x0800b3ee   0x00000002   PAD
    0x0800b3f0   0x0800b3f0   0x00000148   Code   RO         1790    .text.UART_AdvFeatureConfig  stm32h7xx_hal_uart.o
    0x0800b538   0x0800b538   0x00000146   Code   RO         1794    .text.UART_CheckIdleState  stm32h7xx_hal_uart.o
    0x0800b67e   0x0800b67e   0x00000002   PAD
    0x0800b680   0x0800b680   0x0000009e   Code   RO         1846    .text.UART_EndRxTransfer  stm32h7xx_hal_uart.o
    0x0800b71e   0x0800b71e   0x00000002   PAD
    0x0800b720   0x0800b720   0x00000a4e   Code   RO         1792    .text.UART_SetConfig  stm32h7xx_hal_uart.o
    0x0800c16e   0x0800c16e   0x00000002   PAD
    0x0800c170   0x0800c170   0x0000010c   Code   RO         1808    .text.UART_WaitOnFlagUntilTimeout  stm32h7xx_hal_uart.o
    0x0800c27c   0x0800c27c   0x00000004   PAD
    0x0800c280   0x0800c280   0x00000004   Code   RO          102    .text.UsageFault_Handler  stm32h7xx_it.o
    0x0800c284   0x0800c284   0x00000004   PAD
    0x0800c288   0x0800c288   0x00000030   Code   RO          920    .text.__NVIC_EnableIRQ  stm32h7xx_hal_cortex.o
    0x0800c2b8   0x0800c2b8   0x00000010   Code   RO          912    .text.__NVIC_GetPriorityGrouping  stm32h7xx_hal_cortex.o
    0x0800c2c8   0x0800c2c8   0x00000042   Code   RO          914    .text.__NVIC_SetPriority  stm32h7xx_hal_cortex.o
    0x0800c30a   0x0800c30a   0x00000006   PAD
    0x0800c310   0x0800c310   0x0000003c   Code   RO          908    .text.__NVIC_SetPriorityGrouping  stm32h7xx_hal_cortex.o
    0x0800c34c   0x0800c34c   0x00000004   PAD
    0x0800c350   0x0800c350   0x00000100   Code   RO         2012    .text.abc_2_dq      coordinate_transform.o
    0x0800c450   0x0800c450   0x0000007c   Code   RO         2029    .text.adc_2_curr    curr_sample.o
    0x0800c4cc   0x0800c4cc   0x00000004   PAD
    0x0800c4d0   0x0800c4d0   0x000000dc   Code   RO         2018    .text.dq_2_abc      coordinate_transform.o
    0x0800c5ac   0x0800c5ac   0x00000004   PAD
    0x0800c5b0   0x0800c5b0   0x000000d4   Code   RO         1995    .text.e_svpwm       svpwm.o
    0x0800c684   0x0800c684   0x00000004   PAD
    0x0800c688   0x0800c688   0x00000022   Code   RO         2054    .text.fputc         usermain.o
    0x0800c6aa   0x0800c6aa   0x00000006   PAD
    0x0800c6b0   0x0800c6b0   0x0000007e   Code   RO         1999    .text.get_max       svpwm.o
    0x0800c72e   0x0800c72e   0x00000002   PAD
    0x0800c730   0x0800c730   0x00000068   Code   RO         1997    .text.get_middle    svpwm.o
    0x0800c798   0x0800c798   0x0000007e   Code   RO         2001    .text.get_min       svpwm.o
    0x0800c816   0x0800c816   0x00000002   PAD
    0x0800c818   0x0800c818   0x00000150   Code   RO         2058    .text.init          usermain.o
    0x0800c968   0x0800c968   0x00000030   Code   RO           11    .text.main          main.o
    0x0800c998   0x0800c998   0x00000090   Code   RO         2038    .text.normalize     my_math.o
    0x0800ca28   0x0800ca28   0x00000042   Code   RO         2056    .text.usermain      usermain.o
    0x0800ca6a   0x0800ca6a   0x00000002   PAD
    0x0800ca6c   0x0800ca6c   0x00000020   Code   RO         2157    i.__0printf         mc_w.l(printfa.o)
    0x0800ca8c   0x0800ca8c   0x00000026   Code   RO         2184    i.__ARM_fpclassifyf  m_wv.l(fpclassifyf.o)
    0x0800cab2   0x0800cab2   0x00000002   PAD
    0x0800cab4   0x0800cab4   0x00000150   Code   RO         2131    i.__hardfp_cosf     m_wv.l(cosf.o)
    0x0800cc04   0x0800cc04   0x00000190   Code   RO         2137    i.__hardfp_sinf     m_wv.l(sinf.o)
    0x0800cd94   0x0800cd94   0x00000006   Code   RO         2187    i.__mathlib_flt_infnan  m_wv.l(funder.o)
    0x0800cd9a   0x0800cd9a   0x00000002   PAD
    0x0800cd9c   0x0800cd9c   0x00000010   Code   RO         2189    i.__mathlib_flt_invalid  m_wv.l(funder.o)
    0x0800cdac   0x0800cdac   0x00000010   Code   RO         2192    i.__mathlib_flt_underflow  m_wv.l(funder.o)
    0x0800cdbc   0x0800cdbc   0x00000154   Code   RO         2200    i.__mathlib_rredf2  m_wv.l(rredf.o)
    0x0800cf10   0x0800cf10   0x0000000e   Code   RO         2259    i.__scatterload_copy  mc_w.l(handlers.o)
    0x0800cf1e   0x0800cf1e   0x00000002   Code   RO         2260    i.__scatterload_null  mc_w.l(handlers.o)
    0x0800cf20   0x0800cf20   0x0000000e   Code   RO         2261    i.__scatterload_zeroinit  mc_w.l(handlers.o)
    0x0800cf2e   0x0800cf2e   0x00000002   PAD
    0x0800cf30   0x0800cf30   0x0000000c   Code   RO         2235    i.__set_errno       mc_w.l(errno.o)
    0x0800cf3c   0x0800cf3c   0x00000184   Code   RO         2164    i._fp_digits        mc_w.l(printfa.o)
    0x0800d0c0   0x0800d0c0   0x000006dc   Code   RO         2165    i._printf_core      mc_w.l(printfa.o)
    0x0800d79c   0x0800d79c   0x00000024   Code   RO         2166    i._printf_post_padding  mc_w.l(printfa.o)
    0x0800d7c0   0x0800d7c0   0x0000002e   Code   RO         2167    i._printf_pre_padding  mc_w.l(printfa.o)
    0x0800d7ee   0x0800d7ee   0x00000002   PAD
    0x0800d7f0   0x0800d7f0   0x00000020   Data   RO         2201    .constdata          m_wv.l(rredf.o)
    0x0800d810   0x0800d810   0x00000010   Data   RO         1987    .rodata.D1CorePrescTable  system_stm32h7xx.o
    0x0800d820   0x0800d820   0x00000008   Data   RO         1971    .rodata.UARTEx_SetNbDataToProcess.denominator  stm32h7xx_hal_uart_ex.o
    0x0800d828   0x0800d828   0x00000008   Data   RO         1970    .rodata.UARTEx_SetNbDataToProcess.numerator  stm32h7xx_hal_uart_ex.o
    0x0800d830   0x0800d830   0x00000018   Data   RO         1926    .rodata.UARTPrescTable  stm32h7xx_hal_uart.o
    0x0800d848   0x0800d848   0x00000009   Data   RO         2065    .rodata.str1.1      usermain.o
    0x0800d851   0x0800d851   0x00000003   PAD
    0x0800d854   0x0800d854   0x00000030   Data   RO         2258    Region$$Table       anon$$obj.o


    Execution Region RW_IRAM1 (Exec base: 0x20000000, Load base: 0x0800d884, Size: 0x00000400, Max: 0x00020000, ABSOLUTE)

    Exec Addr    Load Addr    Size         Type   Attr      Idx    E Section Name        Object

    0x20000000        -       0x00000400   Zero   RW            1    STACK               startup_stm32h723xx.o


    Execution Region RW_IRAM2 (Exec base: 0x24000000, Load base: 0x0800d884, Size: 0x0000030c, Max: 0x00020000, ABSOLUTE)

    Exec Addr    Load Addr    Size         Type   Attr      Idx    E Section Name        Object

    0x24000000   0x0800d884   0x00000004   Data   RW         2217    .data               mc_w.l(stdout.o)
    0x24000004   0x0800d888   0x00000004   Data   RW         2236    .data               mc_w.l(errno.o)
    0x24000008   0x0800d88c   0x00000004   Data   RW         1985    .data.SystemCoreClock  system_stm32h7xx.o
    0x2400000c   0x0800d890   0x00000004   Data   RW         1986    .data.SystemD2Clock  system_stm32h7xx.o
    0x24000010   0x0800d894   0x00000001   Data   RW         1092    .data.uwTickFreq    stm32h7xx_hal.o
    0x24000011   0x0800d895   0x00000003   PAD
    0x24000014   0x0800d898   0x00000004   Data   RW         1091    .data.uwTickPrio    stm32h7xx_hal.o
    0x24000018        -       0x00000024   Zero   RW         2124    .bss.AD2S           ad2s1210.o
    0x2400003c        -       0x00000004   Zero   RW         2072    .bss.HAL_ADCEx_InjectedConvCpltCallback.adc_cnt  usermain.o
    0x24000040        -       0x00000004   Zero   RW         2073    .bss.HAL_ADCEx_InjectedConvCpltCallback.adc_u_offset_sum  usermain.o
    0x24000044        -       0x00000004   Zero   RW         2074    .bss.HAL_ADCEx_InjectedConvCpltCallback.adc_v_offset_sum  usermain.o
    0x24000048        -       0x00000020   Zero   RW         2031    .bss.Load_M_Curr    curr_sample.o
    0x24000068        -       0x0000000c   Zero   RW         2068    .bss.Load_iabc      usermain.o
    0x24000074        -       0x0000002c   Zero   RW         2044    .bss.Load_id_pi     my_math.o
    0x240000a0        -       0x00000008   Zero   RW         2067    .bss.Load_idq       usermain.o
    0x240000a8        -       0x0000002c   Zero   RW         2045    .bss.Load_iq_pi     my_math.o
    0x240000d4        -       0x0000002c   Zero   RW         2046    .bss.Load_speed_pi  my_math.o
    0x24000100        -       0x0000000c   Zero   RW         2071    .bss.duty_abc       usermain.o
    0x2400010c        -       0x00000070   Zero   RW           41    .bss.hadc1          adc.o
    0x2400017c        -       0x00000088   Zero   RW           56    .bss.hspi1          spi.o
    0x24000204        -       0x0000004c   Zero   RW           72    .bss.htim8          tim.o
    0x24000250        -       0x00000094   Zero   RW           86    .bss.huart1         usart.o
    0x240002e4        -       0x00000004   Zero   RW         2066    .bss.load_speed_ref  usermain.o
    0x240002e8        -       0x00000004   Zero   RW         2078    .bss.speed          usermain.o
    0x240002ec        -       0x00000001   Zero   RW         2064    .bss.system_enable  usermain.o
    0x240002ed   0x0800d89c   0x00000003   PAD
    0x240002f0        -       0x00000004   Zero   RW         2077    .bss.theta          usermain.o
    0x240002f4        -       0x0000000c   Zero   RW         2070    .bss.u_abc          usermain.o
    0x24000300        -       0x00000008   Zero   RW         2069    .bss.u_dq           usermain.o
    0x24000308        -       0x00000004   Zero   RW         1093    .bss.uwTick         stm32h7xx_hal.o


==============================================================================

Image component sizes


      Code (inc. data)   RO Data    RW Data    ZI Data      Debug   Object Name

      1074         32          0          0         36       4400   ad2s1210.o
       468          0          0          0        112      12251   adc.o
       476         16          0          0          0       1969   coordinate_transform.o
       124         12          0          0         32        956   curr_sample.o
       386          0          0          0          0       2997   gpio.o
       352          0          0          0          0       2798   main.o
       512         24          0          0        132       1593   my_math.o
       280          0          0          0        136       8032   spi.o
        44         12        716          0       1024        816   startup_stm32h723xx.o
       360          0          0          5          4      14568   stm32h7xx_hal.o
      3948          0          0          0          0      24900   stm32h7xx_hal_adc.o
      6976          0          0          0          0      23478   stm32h7xx_hal_adc_ex.o
       688          0          0          0          0      11437   stm32h7xx_hal_cortex.o
       982          0          0          0          0       6976   stm32h7xx_hal_gpio.o
        36          0          0          0          0       2201   stm32h7xx_hal_msp.o
       162          0          0          0          0       9269   stm32h7xx_hal_pwr_ex.o
      4714         66          0          0          0      11365   stm32h7xx_hal_rcc.o
      9852        118          0          0          0      18654   stm32h7xx_hal_rcc_ex.o
      3310          0          0          0          0      20694   stm32h7xx_hal_spi.o
      5300         22          0          0          0      37352   stm32h7xx_hal_tim.o
      1212          0          0          0          0      18016   stm32h7xx_hal_tim_ex.o
      4200        342         24          0          0      29276   stm32h7xx_hal_uart.o
       538          0         16          0          0       8823   stm32h7xx_hal_uart_ex.o
        66          0          0          0          0       1179   stm32h7xx_it.o
       568          0          0          0          0       1551   svpwm.o
       398          0         16          8          0       5539   system_stm32h7xx.o
       710          0          0          0         76      11002   tim.o
       310          0          0          0        148       7952   usart.o
      1190         16          9          0         77       7984   usermain.o

    ----------------------------------------------------------------------
     49704        684        832         16       1780     308028   Object Totals
         0          0         48          0          0          0   (incl. Generated)
       468         24          3          3          3          0   (incl. Padding)

    ----------------------------------------------------------------------

      Code (inc. data)   RO Data    RW Data    ZI Data      Debug   Library Member Name

       336         56          0          0          0        136   cosf.o
        38          0          0          0          0        116   fpclassifyf.o
        38         12          0          0          0        348   funder.o
       340         24         32          0          0        160   rredf.o
       400         56          0          0          0        212   sinf.o
         0          0          0          0          0          0   entry.o
         0          0          0          0          0          0   entry10a.o
         0          0          0          0          0          0   entry11a.o
         8          4          0          0          0          0   entry2.o
         4          0          0          0          0          0   entry5.o
         0          0          0          0          0          0   entry7b.o
         0          0          0          0          0          0   entry8b.o
         8          4          0          0          0          0   entry9a.o
        12          6          0          4          0         68   errno.o
        30          0          0          0          0          0   handlers.o
        36          8          0          0          0         68   init.o
         0          0          0          0          0          0   iusefp.o
        30          0          0          0          0         68   llshl.o
        36          0          0          0          0         68   llsshr.o
        32          0          0          0          0         68   llushr.o
        36          0          0          0          0        108   memseta.o
      2258         90          0          0          0        452   printfa.o
         0          0          0          4          0          0   stdout.o
        44          0          0          0          0         80   uidiv.o
        98          0          0          0          0         92   uldiv.o
        48          0          0          0          0         68   cdrcmple.o
       334          0          0          0          0        148   dadd.o
       222          0          0          0          0        100   ddiv.o
       186          0          0          0          0        176   depilogue.o
        48          0          0          0          0         68   dfixul.o
       228          0          0          0          0         96   dmul.o

    ----------------------------------------------------------------------
      4860        260         32          8          0       2700   Library Totals
        10          0          0          0          0          0   (incl. Padding)

    ----------------------------------------------------------------------

      Code (inc. data)   RO Data    RW Data    ZI Data      Debug   Library Name

      1152        148         32          0          0        972   m_wv.l
      2632        112          0          8          0       1072   mc_w.l
      1066          0          0          0          0        656   mf_w.l

    ----------------------------------------------------------------------
      4860        260         32          8          0       2700   Library Totals

    ----------------------------------------------------------------------

==============================================================================


      Code (inc. data)   RO Data    RW Data    ZI Data      Debug   

     54564        944        864         24       1780     308960   Grand Totals
     54564        944        864         24       1780     308960   ELF Image Totals
     54564        944        864         24          0          0   ROM Totals

==============================================================================

    Total RO  Size (Code + RO Data)                55428 (  54.13kB)
    Total RW  Size (RW Data + ZI Data)              1804 (   1.76kB)
    Total ROM Size (Code + RO Data + RW Data)      55452 (  54.15kB)

==============================================================================

